Archive member included because of file (symbol)

C:\Users\TeroToivola\AppData\Local\Temp\VMicroBuilds\ntpmkr1000\mkr1000/core.a(cortex_handlers.c.o)
                              (Reset_Handler)
C:\Users\TeroToivola\AppData\Local\Temp\VMicroBuilds\ntpmkr1000\mkr1000/core.a(delay.c.o)
                              C:\Users\TeroToivola\AppData\Local\Temp\VMicroBuilds\ntpmkr1000\mkr1000\WiFi101\WiFi.cpp.o (millis)
C:\Users\TeroToivola\AppData\Local\Temp\VMicroBuilds\ntpmkr1000\mkr1000/core.a(hooks.c.o)
                              C:\Users\TeroToivola\AppData\Local\Temp\VMicroBuilds\ntpmkr1000\mkr1000/core.a(delay.c.o) (yield)
C:\Users\TeroToivola\AppData\Local\Temp\VMicroBuilds\ntpmkr1000\mkr1000/core.a(startup.c.o)
                              C:\Users\TeroToivola\AppData\Local\Temp\VMicroBuilds\ntpmkr1000\mkr1000/core.a(cortex_handlers.c.o) (SystemInit)
C:\Users\TeroToivola\AppData\Local\Temp\VMicroBuilds\ntpmkr1000\mkr1000/core.a(WInterrupts.c.o)
                              C:\Users\TeroToivola\AppData\Local\Temp\VMicroBuilds\ntpmkr1000\mkr1000\WiFi101\bsp\source\nm_bsp_arduino.c.o (attachInterrupt)
C:\Users\TeroToivola\AppData\Local\Temp\VMicroBuilds\ntpmkr1000\mkr1000/core.a(wiring.c.o)
                              C:\Users\TeroToivola\AppData\Local\Temp\VMicroBuilds\ntpmkr1000\mkr1000/core.a(startup.c.o) (SystemCoreClock)
C:\Users\TeroToivola\AppData\Local\Temp\VMicroBuilds\ntpmkr1000\mkr1000/core.a(wiring_analog.c.o)
                              C:\Users\TeroToivola\AppData\Local\Temp\VMicroBuilds\ntpmkr1000\mkr1000/core.a(wiring.c.o) (analogReference)
C:\Users\TeroToivola\AppData\Local\Temp\VMicroBuilds\ntpmkr1000\mkr1000/core.a(wiring_digital.c.o)
                              C:\Users\TeroToivola\AppData\Local\Temp\VMicroBuilds\ntpmkr1000\mkr1000\ntpmkr1000.cpp.o (pinMode)
C:\Users\TeroToivola\AppData\Local\Temp\VMicroBuilds\ntpmkr1000\mkr1000/core.a(wiring_private.c.o)
                              C:\Users\TeroToivola\AppData\Local\Temp\VMicroBuilds\ntpmkr1000\mkr1000\SPI\SPI.cpp.o (pinPeripheral)
C:\Users\TeroToivola\AppData\Local\Temp\VMicroBuilds\ntpmkr1000\mkr1000/core.a(abi.cpp.o)
                              C:\Users\TeroToivola\AppData\Local\Temp\VMicroBuilds\ntpmkr1000\mkr1000\WiFi101\WiFiClient.cpp.o (__cxa_pure_virtual)
C:\Users\TeroToivola\AppData\Local\Temp\VMicroBuilds\ntpmkr1000\mkr1000/core.a(IPAddress.cpp.o)
                              C:\Users\TeroToivola\AppData\Local\Temp\VMicroBuilds\ntpmkr1000\mkr1000\WiFi101\WiFiClient.cpp.o (IPAddress::IPAddress())
C:\Users\TeroToivola\AppData\Local\Temp\VMicroBuilds\ntpmkr1000\mkr1000/core.a(main.cpp.o)
                              c:/users/terotoivola/appdata/local/arduino15/packages/arduino/tools/arm-none-eabi-gcc/4.8.3-2014q1/bin/../lib/gcc/arm-none-eabi/4.8.3/../../../../arm-none-eabi/lib/armv6-m/crt0.o (main)
C:\Users\TeroToivola\AppData\Local\Temp\VMicroBuilds\ntpmkr1000\mkr1000/core.a(Print.cpp.o)
                              C:\Users\TeroToivola\AppData\Local\Temp\VMicroBuilds\ntpmkr1000\mkr1000\WiFi101\WiFiClient.cpp.o (Print::write(unsigned char const*, unsigned int))
C:\Users\TeroToivola\AppData\Local\Temp\VMicroBuilds\ntpmkr1000\mkr1000/core.a(Reset.cpp.o)
                              C:\Users\TeroToivola\AppData\Local\Temp\VMicroBuilds\ntpmkr1000\mkr1000/core.a(delay.c.o) (tickReset)
C:\Users\TeroToivola\AppData\Local\Temp\VMicroBuilds\ntpmkr1000\mkr1000/core.a(SERCOM.cpp.o)
                              C:\Users\TeroToivola\AppData\Local\Temp\VMicroBuilds\ntpmkr1000\mkr1000\SPI\SPI.cpp.o (SERCOM::initSPIClock(SercomSpiClockMode, unsigned long))
C:\Users\TeroToivola\AppData\Local\Temp\VMicroBuilds\ntpmkr1000\mkr1000/core.a(WMath.cpp.o)
                              C:\Users\TeroToivola\AppData\Local\Temp\VMicroBuilds\ntpmkr1000\mkr1000\ntpmkr1000.cpp.o (makeWord(unsigned char, unsigned char))
C:\Users\TeroToivola\AppData\Local\Temp\VMicroBuilds\ntpmkr1000\mkr1000/core.a(WString.cpp.o)
                              C:\Users\TeroToivola\AppData\Local\Temp\VMicroBuilds\ntpmkr1000\mkr1000\WiFi101\WiFiMDNSResponder.cpp.o (String::~String())
C:\Users\TeroToivola\AppData\Local\Temp\VMicroBuilds\ntpmkr1000\mkr1000/core.a(CDC.cpp.o)
                              C:\Users\TeroToivola\AppData\Local\Temp\VMicroBuilds\ntpmkr1000\mkr1000\ntpmkr1000.cpp.o (Serial_::write(unsigned char))
C:\Users\TeroToivola\AppData\Local\Temp\VMicroBuilds\ntpmkr1000\mkr1000/core.a(USBCore.cpp.o)
                              C:\Users\TeroToivola\AppData\Local\Temp\VMicroBuilds\ntpmkr1000\mkr1000/core.a(main.cpp.o) (USBDeviceClass::init())
C:\Users\TeroToivola\AppData\Local\Temp\VMicroBuilds\ntpmkr1000\mkr1000/core.a(variant.cpp.o)
                              C:\Users\TeroToivola\AppData\Local\Temp\VMicroBuilds\ntpmkr1000\mkr1000\SPI\SPI.cpp.o (sercom2)
C:\Users\TeroToivola\AppData\Local\Temp\VMicroBuilds\ntpmkr1000\mkr1000/core.a(itoa.c.o)
[...]
Memory Configuration

Name             Origin             Length             Attributes
FLASH            0x00002000         0x0003e000         xr
RAM              0x20000000         0x00008000         xrw
*default*        0x00000000         0xffffffff

Linker script and memory map

LOAD c:/users/terotoivola/appdata/local/arduino15/packages/arduino/tools/arm-none-eabi-gcc/4.8.3-2014q1/bin/../lib/gcc/arm-none-eabi/4.8.3/armv6-m/crti.o
LOAD c:/users/terotoivola/appdata/local/arduino15/packages/arduino/tools/arm-none-eabi-gcc/4.8.3-2014q1/bin/../lib/gcc/arm-none-eabi/4.8.3/armv6-m/crtbegin.o
LOAD c:/users/terotoivola/appdata/local/arduino15/packages/arduino/tools/arm-none-eabi-gcc/4.8.3-2014q1/bin/../lib/gcc/arm-none-eabi/4.8.3/../../../../arm-none-eabi/lib/armv6-m/crt0.o
LOAD C:\Users\TeroToivola\AppData\Local\Temp\VMicroBuilds\ntpmkr1000\mkr1000\ntpmkr1000.cpp.o
LOAD C:\Users\TeroToivola\AppData\Local\Temp\VMicroBuilds\ntpmkr1000\mkr1000\WiFi101\WiFi.cpp.o
LOAD C:\Users\TeroToivola\AppData\Local\Temp\VMicroBuilds\ntpmkr1000\mkr1000\WiFi101\WiFiClient.cpp.o
LOAD C:\Users\TeroToivola\AppData\Local\Temp\VMicroBuilds\ntpmkr1000\mkr1000\WiFi101\WiFiMDNSResponder.cpp.o
LOAD C:\Users\TeroToivola\AppData\Local\Temp\VMicroBuilds\ntpmkr1000\mkr1000\WiFi101\WiFiServer.cpp.o
LOAD C:\Users\TeroToivola\AppData\Local\Temp\VMicroBuilds\ntpmkr1000\mkr1000\WiFi101\WiFiSSLClient.cpp.o
LOAD C:\Users\TeroToivola\AppData\Local\Temp\VMicroBuilds\ntpmkr1000\mkr1000\WiFi101\WiFiUdp.cpp.o
LOAD C:\Users\TeroToivola\AppData\Local\Temp\VMicroBuilds\ntpmkr1000\mkr1000\WiFi101\bsp\source\nm_bsp_arduino.c.o
LOAD C:\Users\TeroToivola\AppData\Local\Temp\VMicroBuilds\ntpmkr1000\mkr1000\WiFi101\bsp\source\nm_bsp_arduino_avr.c.o
LOAD C:\Users\TeroToivola\AppData\Local\Temp\VMicroBuilds\ntpmkr1000\mkr1000\WiFi101\bus_wrapper\source\nm_bus_wrapper_samd21.cpp.o
LOAD C:\Users\TeroToivola\AppData\Local\Temp\VMicroBuilds\ntpmkr1000\mkr1000\WiFi101\common\source\nm_common.c.o
LOAD C:\Users\TeroToivola\AppData\Local\Temp\VMicroBuilds\ntpmkr1000\mkr1000\WiFi101\driver\source\m2m_hif.c.o
LOAD C:\Users\TeroToivola\AppData\Local\Temp\VMicroBuilds\ntpmkr1000\mkr1000\WiFi101\driver\source\m2m_ota.c.o
LOAD C:\Users\TeroToivola\AppData\Local\Temp\VMicroBuilds\ntpmkr1000\mkr1000\WiFi101\driver\source\m2m_periph.c.o
LOAD C:\Users\TeroToivola\AppData\Local\Temp\VMicroBuilds\ntpmkr1000\mkr1000\WiFi101\driver\source\m2m_wifi.c.o
LOAD C:\Users\TeroToivola\AppData\Local\Temp\VMicroBuilds\ntpmkr1000\mkr1000\WiFi101\driver\source\nmasic.c.o
LOAD C:\Users\TeroToivola\AppData\Local\Temp\VMicroBuilds\ntpmkr1000\mkr1000\WiFi101\driver\source\nmbus.c.o
LOAD C:\Users\TeroToivola\AppData\Local\Temp\VMicroBuilds\ntpmkr1000\mkr1000\WiFi101\driver\source\nmdrv.c.o
LOAD C:\Users\TeroToivola\AppData\Local\Temp\VMicroBuilds\ntpmkr1000\mkr1000\WiFi101\driver\source\nmi2c.c.o
LOAD C:\Users\TeroToivola\AppData\Local\Temp\VMicroBuilds\ntpmkr1000\mkr1000\WiFi101\driver\source\nmspi.c.o
LOAD C:\Users\TeroToivola\AppData\Local\Temp\VMicroBuilds\ntpmkr1000\mkr1000\WiFi101\driver\source\nmuart.c.o
LOAD C:\Users\TeroToivola\AppData\Local\Temp\VMicroBuilds\ntpmkr1000\mkr1000\WiFi101\socket\source\socket.c.o
LOAD C:\Users\TeroToivola\AppData\Local\Temp\VMicroBuilds\ntpmkr1000\mkr1000\WiFi101\socket\source\socket_buffer.c.o
LOAD C:\Users\TeroToivola\AppData\Local\Temp\VMicroBuilds\ntpmkr1000\mkr1000\WiFi101\spi_flash\source\spi_flash.c.o
LOAD C:\Users\TeroToivola\AppData\Local\Temp\VMicroBuilds\ntpmkr1000\mkr1000\RTCZero\RTCZero.cpp.o
LOAD C:\Users\TeroToivola\AppData\Local\Temp\VMicroBuilds\ntpmkr1000\mkr1000\SPI\SPI.cpp.o
START GROUP
LOAD c:/users/terotoivola/appdata/local/arduino15/packages/arduino/tools/arm-none-eabi-gcc/4.8.3-2014q1/bin/../lib/gcc/arm-none-eabi/4.8.3/../../../../arm-none-eabi/lib/armv6-m\libm.a
LOAD C:\Users\TeroToivola\AppData\Local\Temp\VMicroBuilds\ntpmkr1000\mkr1000/core.a
END GROUP
START GROUP
LOAD c:/users/terotoivola/appdata/local/arduino15/packages/arduino/tools/arm-none-eabi-gcc/4.8.3-2014q1/bin/../lib/gcc/arm-none-eabi/4.8.3/armv6-m\libgcc.a
LOAD c:/users/terotoivola/appdata/local/arduino15/packages/arduino/tools/arm-none-eabi-gcc/4.8.3-2014q1/bin/../lib/gcc/arm-none-eabi/4.8.3/../../../../arm-none-eabi/lib/armv6-m\libc_s.a
END GROUP
START GROUP
LOAD c:/users/terotoivola/appdata/local/arduino15/packages/arduino/tools/arm-none-eabi-gcc/4.8.3-2014q1/bin/../lib/gcc/arm-none-eabi/4.8.3/armv6-m\libgcc.a
LOAD c:/users/terotoivola/appdata/local/arduino15/packages/arduino/tools/arm-none-eabi-gcc/4.8.3-2014q1/bin/../lib/gcc/arm-none-eabi/4.8.3/../../../../arm-none-eabi/lib/armv6-m\libc_s.a
LOAD c:/users/terotoivola/appdata/local/arduino15/packages/arduino/tools/arm-none-eabi-gcc/4.8.3-2014q1/bin/../lib/gcc/arm-none-eabi/4.8.3/../../../../arm-none-eabi/lib/armv6-m\libnosys.a
END GROUP
START GROUP
LOAD c:/users/terotoivola/appdata/local/arduino15/packages/arduino/tools/arm-none-eabi-gcc/4.8.3-2014q1/bin/../lib/gcc/arm-none-eabi/4.8.3/armv6-m\libgcc.a
LOAD c:/users/terotoivola/appdata/local/arduino15/packages/arduino/tools/arm-none-eabi-gcc/4.8.3-2014q1/bin/../lib/gcc/arm-none-eabi/4.8.3/../../../../arm-none-eabi/lib/armv6-m\libc_s.a
LOAD c:/users/terotoivola/appdata/local/arduino15/packages/arduino/tools/arm-none-eabi-gcc/4.8.3-2014q1/bin/../lib/gcc/arm-none-eabi/4.8.3/../../../../arm-none-eabi/lib/armv6-m\libnosys.a
END GROUP
LOAD c:/users/terotoivola/appdata/local/arduino15/packages/arduino/tools/arm-none-eabi-gcc/4.8.3-2014q1/bin/../lib/gcc/arm-none-eabi/4.8.3/armv6-m/crtend.o
LOAD c:/users/terotoivola/appdata/local/arduino15/packages/arduino/tools/arm-none-eabi-gcc/4.8.3-2014q1/bin/../lib/gcc/arm-none-eabi/4.8.3/armv6-m/crtn.o

.text           0x00002000     0x67c8
 *(.isr_vector)
 .isr_vector    0x00002000       0xb0 C:\Users\TeroToivola\AppData\Local\Temp\VMicroBuilds\ntpmkr1000\mkr1000/core.a(cortex_handlers.c.o)
                0x00002000                exception_table
 *(.text*)
 .text          0x000020b0       0x60 c:/users/terotoivola/appdata/local/arduino15/packages/arduino/tools/arm-none-eabi-gcc/4.8.3-2014q1/bin/../lib/gcc/arm-none-eabi/4.8.3/armv6-m/crtbegin.o
 .text._Z4moveb
                0x00002110       0x2e C:\Users\TeroToivola\AppData\Local\Temp\VMicroBuilds\ntpmkr1000\mkr1000\ntpmkr1000.cpp.o
                0x00002110                move(bool)
 *fill*         0x0000213e        0x2 
 .text._Z15printWifiStatusv
                0x00002140       0x78 C:\Users\TeroToivola\AppData\Local\Temp\VMicroBuilds\ntpmkr1000\mkr1000\ntpmkr1000.cpp.o
                0x00002140                printWifiStatus()
 .text.startup._GLOBAL__sub_I_change
                0x000021b8       0x40 C:\Users\TeroToivola\AppData\Local\Temp\VMicroBuilds\ntpmkr1000\mkr1000\ntpmkr1000.cpp.o
 .text._Z13sendNTPpacketR9IPAddress
                0x000021f8       0x60 C:\Users\TeroToivola\AppData\Local\Temp\VMicroBuilds\ntpmkr1000\mkr1000\ntpmkr1000.cpp.o
                0x000021f8                sendNTPpacket(IPAddress&)
 .text._Z22readLinuxEpochUsingNTPv
                0x00002258       0x90 C:\Users\TeroToivola\AppData\Local\Temp\VMicroBuilds\ntpmkr1000\mkr1000\ntpmkr1000.cpp.o
                0x00002258                readLinuxEpochUsingNTP()
 .text.setup    0x000022e8      0x12c C:\Users\TeroToivola\AppData\Local\Temp\VMicroBuilds\ntpmkr1000\mkr1000\ntpmkr1000.cpp.o
                0x000022e8                setup
 .text.loop     0x00002414      0x374 C:\Users\TeroToivola\AppData\Local\Temp\VMicroBuilds\ntpmkr1000\mkr1000\ntpmkr1000.cpp.o
                0x00002414                loop
 .text._ZL10resolve_cbPhm
                0x00002788        0xc C:\Users\TeroToivola\AppData\Local\Temp\VMicroBuilds\ntpmkr1000\mkr1000\WiFi101\WiFi.cpp.o
 .text._ZL7wifi_cbhPv
                0x00002794      0x15c C:\Users\TeroToivola\AppData\Local\Temp\VMicroBuilds\ntpmkr1000\mkr1000\WiFi101\WiFi.cpp.o
 .text._ZN9WiFiClass4initEv
                0x000028f0       0xc4 C:\Users\TeroToivola\AppData\Local\Temp\VMicroBuilds\ntpmkr1000\mkr1000\WiFi101\WiFi.cpp.o
                0x000028f0                WiFiClass::init()
 .text._ZN9WiFiClass12startConnectEPKchPKv
                0x000029b4       0xa0 C:\Users\TeroToivola\AppData\Local\Temp\VMicroBuilds\ntpmkr1000\mkr1000\WiFi101\WiFi.cpp.o
                0x000029b4                WiFiClass::startConnect(char const*, unsigned char, void const*)
 .text._ZN9WiFiClass5beginEPKcS1_
                0x00002a54        0xc C:\Users\TeroToivola\AppData\Local\Temp\VMicroBuilds\ntpmkr1000\mkr1000\WiFi101\WiFi.cpp.o
                0x00002a54                WiFiClass::begin(char const*, char const*)
 .text._ZN9WiFiClass7localIPEv
                0x00002a60        0x4 C:\Users\TeroToivola\AppData\Local\Temp\VMicroBuilds\ntpmkr1000\mkr1000\WiFi101\WiFi.cpp.o
                0x00002a60                WiFiClass::localIP()
 .text._ZN9WiFiClass4SSIDEv
                0x00002a64        0xe C:\Users\TeroToivola\AppData\Local\Temp\VMicroBuilds\ntpmkr1000\mkr1000\WiFi101\WiFi.cpp.o
                0x00002a64                WiFiClass::SSID()
 *fill*         0x00002a72        0x2 
 .text._ZN9WiFiClass4RSSIEv
                0x00002a74       0x48 C:\Users\TeroToivola\AppData\Local\Temp\VMicroBuilds\ntpmkr1000\mkr1000\WiFi101\WiFi.cpp.o
                0x00002a74                WiFiClass::RSSI()
 .text._ZN9WiFiClass6statusEv
                0x00002abc       0x18 C:\Users\TeroToivola\AppData\Local\Temp\VMicroBuilds\ntpmkr1000\mkr1000\WiFi101\WiFi.cpp.o
                0x00002abc                WiFiClass::status()
 .text._ZN9WiFiClass10hostByNameEPKcR9IPAddress
                0x00002ad4       0x90 C:\Users\TeroToivola\AppData\Local\Temp\VMicroBuilds\ntpmkr1000\mkr1000\WiFi101\WiFi.cpp.o
                0x00002ad4                WiFiClass::hostByName(char const*, IPAddress&)
 .text.startup._GLOBAL__sub_I__ZN9WiFiClassC2Ev
                0x00002b64       0x28 C:\Users\TeroToivola\AppData\Local\Temp\VMicroBuilds\ntpmkr1000\mkr1000\WiFi101\WiFi.cpp.o
 .text._ZN10WiFiClient5writeEh
                0x00002b8c       0x14 C:\Users\TeroToivola\AppData\Local\Temp\VMicroBuilds\ntpmkr1000\mkr1000\WiFi101\WiFiClient.cpp.o
                0x00002b8c                WiFiClient::write(unsigned char)
 .text._ZN10WiFiClient4readEv
                0x00002ba0       0x18 C:\Users\TeroToivola\AppData\Local\Temp\VMicroBuilds\ntpmkr1000\mkr1000\WiFi101\WiFiClient.cpp.o
                0x00002ba0                WiFiClient::read()
 .text._ZN10WiFiClient4peekEv
                0x00002bb8       0x1e C:\Users\TeroToivola\AppData\Local\Temp\VMicroBuilds\ntpmkr1000\mkr1000\WiFi101\WiFiClient.cpp.o
                0x00002bb8                WiFiClient::peek()
 .text._ZN10WiFiClient5flushEv
                0x00002bd6       0x1c C:\Users\TeroToivola\AppData\Local\Temp\VMicroBuilds\ntpmkr1000\mkr1000\WiFi101\WiFiClient.cpp.o
                0x00002bd6                WiFiClient::flush()
 .text._ZN10WiFiClientcvbEv
                0x00002bf2        0xe C:\Users\TeroToivola\AppData\Local\Temp\VMicroBuilds\ntpmkr1000\mkr1000\WiFi101\WiFiClient.cpp.o
                0x00002bf2                WiFiClient::operator bool()
 .text._ZN10WiFiClient9availableEv
                0x00002c00       0x1e C:\Users\TeroToivola\AppData\Local\Temp\VMicroBuilds\ntpmkr1000\mkr1000\WiFi101\WiFiClient.cpp.o
                0x00002c00                WiFiClient::available()
 .text._ZN10WiFiClient4readEPhj
                0x00002c1e       0x6a C:\Users\TeroToivola\AppData\Local\Temp\VMicroBuilds\ntpmkr1000\mkr1000\WiFi101\WiFiClient.cpp.o
                0x00002c1e                WiFiClient::read(unsigned char*, unsigned int)
 .text._ZN10WiFiClient9connectedEv
                0x00002c88       0x20 C:\Users\TeroToivola\AppData\Local\Temp\VMicroBuilds\ntpmkr1000\mkr1000\WiFi101\WiFiClient.cpp.o
                0x00002c88                WiFiClient::connected()
 .text._ZN10WiFiClient4stopEv
                0x00002ca8       0x22 C:\Users\TeroToivola\AppData\Local\Temp\VMicroBuilds\ntpmkr1000\mkr1000\WiFi101\WiFiClient.cpp.o
                0x00002ca8                WiFiClient::stop()
 .text._ZN10WiFiClient5writeEPKhj
                0x00002cca       0x70 C:\Users\TeroToivola\AppData\Local\Temp\VMicroBuilds\ntpmkr1000\mkr1000\WiFi101\WiFiClient.cpp.o
                0x00002cca                WiFiClient::write(unsigned char const*, unsigned int)
 *fill*         0x00002d3a        0x2 
 .text._ZN10WiFiClientC2Ev
                0x00002d3c       0x20 C:\Users\TeroToivola\AppData\Local\Temp\VMicroBuilds\ntpmkr1000\mkr1000\WiFi101\WiFiClient.cpp.o
                0x00002d3c                WiFiClient::WiFiClient()
                0x00002d3c                WiFiClient::WiFiClient()
 .text._ZN10WiFiClientC2Ehh
                0x00002d5c       0x84 C:\Users\TeroToivola\AppData\Local\Temp\VMicroBuilds\ntpmkr1000\mkr1000\WiFi101\WiFiClient.cpp.o
                0x00002d5c                WiFiClient::WiFiClient(unsigned char, unsigned char)
                0x00002d5c                WiFiClient::WiFiClient(unsigned char, unsigned char)
 .text._ZN10WiFiClient8copyFromERKS_
                0x00002de0       0x80 C:\Users\TeroToivola\AppData\Local\Temp\VMicroBuilds\ntpmkr1000\mkr1000\WiFi101\WiFiClient.cpp.o
                0x00002de0                WiFiClient::copyFrom(WiFiClient const&)
 .text._ZN10WiFiClientC2ERKS_
                0x00002e60       0x20 C:\Users\TeroToivola\AppData\Local\Temp\VMicroBuilds\ntpmkr1000\mkr1000\WiFi101\WiFiClient.cpp.o
                0x00002e60                WiFiClient::WiFiClient(WiFiClient const&)
                0x00002e60                WiFiClient::WiFiClient(WiFiClient const&)
 .text._ZN10WiFiClientaSERKS_
                0x00002e80        0xc C:\Users\TeroToivola\AppData\Local\Temp\VMicroBuilds\ntpmkr1000\mkr1000\WiFi101\WiFiClient.cpp.o
                0x00002e80                WiFiClient::operator=(WiFiClient const&)
 .text._ZN10WiFiClient7connectE9IPAddressthPKh
                0x00002e8c       0xbc C:\Users\TeroToivola\AppData\Local\Temp\VMicroBuilds\ntpmkr1000\mkr1000\WiFi101\WiFiClient.cpp.o
                0x00002e8c                WiFiClient::connect(IPAddress, unsigned short, unsigned char, unsigned char const*)
 .text._ZN10WiFiClient7connectE9IPAddresst
                0x00002f48       0x1c C:\Users\TeroToivola\AppData\Local\Temp\VMicroBuilds\ntpmkr1000\mkr1000\WiFi101\WiFiClient.cpp.o
                0x00002f48                WiFiClient::connect(IPAddress, unsigned short)
 .text._ZN10WiFiClient7connectEPKcth
                0x00002f64       0x44 C:\Users\TeroToivola\AppData\Local\Temp\VMicroBuilds\ntpmkr1000\mkr1000\WiFi101\WiFiClient.cpp.o
                0x00002f64                WiFiClient::connect(char const*, unsigned short, unsigned char)
 .text._ZN10WiFiClient7connectEPKct
                0x00002fa8        0xa C:\Users\TeroToivola\AppData\Local\Temp\VMicroBuilds\ntpmkr1000\mkr1000\WiFi101\WiFiClient.cpp.o
                0x00002fa8                WiFiClient::connect(char const*, unsigned short)
 *fill*         0x00002fb2        0x2 
 .text.startup._GLOBAL__sub_I__ZN10WiFiClientC2Ev
                0x00002fb4       0x18 C:\Users\TeroToivola\AppData\Local\Temp\VMicroBuilds\ntpmkr1000\mkr1000\WiFi101\WiFiClient.cpp.o
 .text.startup._GLOBAL__sub_I__ZN17WiFiMDNSResponderC2Ev
                0x00002fcc       0x18 C:\Users\TeroToivola\AppData\Local\Temp\VMicroBuilds\ntpmkr1000\mkr1000\WiFi101\WiFiMDNSResponder.cpp.o
 .text._ZN10WiFiServer5writeEh
                0x00002fe4       0x14 C:\Users\TeroToivola\AppData\Local\Temp\VMicroBuilds\ntpmkr1000\mkr1000\WiFi101\WiFiServer.cpp.o
                0x00002fe4                WiFiServer::write(unsigned char)
 .text._ZN10WiFiServer5writeEPKhj
                0x00002ff8       0x40 C:\Users\TeroToivola\AppData\Local\Temp\VMicroBuilds\ntpmkr1000\mkr1000\WiFi101\WiFiServer.cpp.o
                0x00002ff8                WiFiServer::write(unsigned char const*, unsigned int)
 .text._ZN10WiFiServerC2Et
                0x00003038       0x14 C:\Users\TeroToivola\AppData\Local\Temp\VMicroBuilds\ntpmkr1000\mkr1000\WiFi101\WiFiServer.cpp.o
                0x00003038                WiFiServer::WiFiServer(unsigned short)
                0x00003038                WiFiServer::WiFiServer(unsigned short)
 .text._ZN10WiFiServer5beginEh
                0x0000304c       0x94 C:\Users\TeroToivola\AppData\Local\Temp\VMicroBuilds\ntpmkr1000\mkr1000\WiFi101\WiFiServer.cpp.o
                0x0000304c                WiFiServer::begin(unsigned char)
 .text._ZN10WiFiServer5beginEv
                0x000030e0        0xa C:\Users\TeroToivola\AppData\Local\Temp\VMicroBuilds\ntpmkr1000\mkr1000\WiFi101\WiFiServer.cpp.o
                0x000030e0                WiFiServer::begin()
 *fill*         0x000030ea        0x2 
 .text._ZN10WiFiServer9availableEPh
                0x000030ec       0x70 C:\Users\TeroToivola\AppData\Local\Temp\VMicroBuilds\ntpmkr1000\mkr1000\WiFi101\WiFiServer.cpp.o
                0x000030ec                WiFiServer::available(unsigned char*)
 .text.startup._GLOBAL__sub_I__ZN10WiFiServerC2Et
                0x0000315c       0x18 C:\Users\TeroToivola\AppData\Local\Temp\VMicroBuilds\ntpmkr1000\mkr1000\WiFi101\WiFiServer.cpp.o
 .text.startup._GLOBAL__sub_I__ZN13WiFiSSLClientC2Ev
                0x00003174       0x18 C:\Users\TeroToivola\AppData\Local\Temp\VMicroBuilds\ntpmkr1000\mkr1000\WiFi101\WiFiSSLClient.cpp.o
 .text._ZN7WiFiUDP4readEPcj
                0x0000318c        0xa C:\Users\TeroToivola\AppData\Local\Temp\VMicroBuilds\ntpmkr1000\mkr1000\WiFi101\WiFiUdp.cpp.o
                0x0000318c                WiFiUDP::read(char*, unsigned int)
 *fill*         0x00003196        0x2 
 .text._ZN7WiFiUDP11beginPacketE9IPAddresst
                0x00003198       0x20 C:\Users\TeroToivola\AppData\Local\Temp\VMicroBuilds\ntpmkr1000\mkr1000\WiFi101\WiFiUdp.cpp.o
                0x00003198                WiFiUDP::beginPacket(IPAddress, unsigned short)
 .text._ZN7WiFiUDP5writeEh
                0x000031b8       0x14 C:\Users\TeroToivola\AppData\Local\Temp\VMicroBuilds\ntpmkr1000\mkr1000\WiFi101\WiFiUdp.cpp.o
                0x000031b8                WiFiUDP::write(unsigned char)
 .text._ZN7WiFiUDP4readEv
                0x000031cc       0x18 C:\Users\TeroToivola\AppData\Local\Temp\VMicroBuilds\ntpmkr1000\mkr1000\WiFi101\WiFiUdp.cpp.o
                0x000031cc                WiFiUDP::read()
 .text._ZN7WiFiUDP4peekEv
                0x000031e4       0x1e C:\Users\TeroToivola\AppData\Local\Temp\VMicroBuilds\ntpmkr1000\mkr1000\WiFi101\WiFiUdp.cpp.o
                0x000031e4                WiFiUDP::peek()
 .text._ZN7WiFiUDP5flushEv
                0x00003202       0x1c C:\Users\TeroToivola\AppData\Local\Temp\VMicroBuilds\ntpmkr1000\mkr1000\WiFi101\WiFiUdp.cpp.o
                0x00003202                WiFiUDP::flush()
 *fill*         0x0000321e        0x2 
 .text._ZN7WiFiUDP10remotePortEv
                0x00003220        0xc C:\Users\TeroToivola\AppData\Local\Temp\VMicroBuilds\ntpmkr1000\mkr1000\WiFi101\WiFiUdp.cpp.o
                0x00003220                WiFiUDP::remotePort()
 .text._ZN7WiFiUDP10beginMultiE9IPAddresst
                0x0000322c       0x2c C:\Users\TeroToivola\AppData\Local\Temp\VMicroBuilds\ntpmkr1000\mkr1000\WiFi101\WiFiUdp.cpp.o
                0x0000322c                WiFiUDP::beginMulti(IPAddress, unsigned short)
 .text._ZN7WiFiUDP5beginEt
                0x00003258       0xcc C:\Users\TeroToivola\AppData\Local\Temp\VMicroBuilds\ntpmkr1000\mkr1000\WiFi101\WiFiUdp.cpp.o
                0x00003258                WiFiUDP::begin(unsigned short)
 .text._ZN7WiFiUDP9availableEv
                0x00003324       0x1e C:\Users\TeroToivola\AppData\Local\Temp\VMicroBuilds\ntpmkr1000\mkr1000\WiFi101\WiFiUdp.cpp.o
                0x00003324                WiFiUDP::available()
 .text._ZN7WiFiUDP4stopEv
                0x00003342       0x1e C:\Users\TeroToivola\AppData\Local\Temp\VMicroBuilds\ntpmkr1000\mkr1000\WiFi101\WiFiUdp.cpp.o
                0x00003342                WiFiUDP::stop()
 .text._ZN7WiFiUDP11beginPacketEPKct
                0x00003360       0x40 C:\Users\TeroToivola\AppData\Local\Temp\VMicroBuilds\ntpmkr1000\mkr1000\WiFi101\WiFiUdp.cpp.o
                0x00003360                WiFiUDP::beginPacket(char const*, unsigned short)
 .text._ZN7WiFiUDP5writeEPKhj
                0x000033a0       0x34 C:\Users\TeroToivola\AppData\Local\Temp\VMicroBuilds\ntpmkr1000\mkr1000\WiFi101\WiFiUdp.cpp.o
                0x000033a0                WiFiUDP::write(unsigned char const*, unsigned int)
 .text._ZN7WiFiUDP4readEPhj
                0x000033d4       0x8c C:\Users\TeroToivola\AppData\Local\Temp\VMicroBuilds\ntpmkr1000\mkr1000\WiFi101\WiFiUdp.cpp.o
                0x000033d4                WiFiUDP::read(unsigned char*, unsigned int)
 .text._ZN7WiFiUDP8remoteIPEv
                0x00003460       0x14 C:\Users\TeroToivola\AppData\Local\Temp\VMicroBuilds\ntpmkr1000\mkr1000\WiFi101\WiFiUdp.cpp.o
                0x00003460                WiFiUDP::remoteIP()
 .text._ZN7WiFiUDP11parsePacketEv
                0x00003474       0x7c C:\Users\TeroToivola\AppData\Local\Temp\VMicroBuilds\ntpmkr1000\mkr1000\WiFi101\WiFiUdp.cpp.o
                0x00003474                WiFiUDP::parsePacket()
 .text._ZN7WiFiUDP9endPacketEv
                0x000034f0       0x80 C:\Users\TeroToivola\AppData\Local\Temp\VMicroBuilds\ntpmkr1000\mkr1000\WiFi101\WiFiUdp.cpp.o
                0x000034f0                WiFiUDP::endPacket()
 .text._ZN7WiFiUDPC2Ev
                0x00003570       0x40 C:\Users\TeroToivola\AppData\Local\Temp\VMicroBuilds\ntpmkr1000\mkr1000\WiFi101\WiFiUdp.cpp.o
                0x00003570                WiFiUDP::WiFiUDP()
                0x00003570                WiFiUDP::WiFiUDP()
 .text.startup._GLOBAL__sub_I__ZN7WiFiUDPC2Ev
                0x000035b0       0x18 C:\Users\TeroToivola\AppData\Local\Temp\VMicroBuilds\ntpmkr1000\mkr1000\WiFi101\WiFiUdp.cpp.o
 .text.chip_isr
                0x000035c8       0x14 C:\Users\TeroToivola\AppData\Local\Temp\VMicroBuilds\ntpmkr1000\mkr1000\WiFi101\bsp\source\nm_bsp_arduino.c.o
 .text.attachInterruptMultiArch
                0x000035dc        0x8 C:\Users\TeroToivola\AppData\Local\Temp\VMicroBuilds\ntpmkr1000\mkr1000\WiFi101\bsp\source\nm_bsp_arduino.c.o
                0x000035dc                attachInterruptMultiArch
 .text.detachInterruptMultiArch
                0x000035e4        0x8 C:\Users\TeroToivola\AppData\Local\Temp\VMicroBuilds\ntpmkr1000\mkr1000\WiFi101\bsp\source\nm_bsp_arduino.c.o
                0x000035e4                detachInterruptMultiArch
 .text.nm_bsp_sleep
                0x000035ec       0x14 C:\Users\TeroToivola\AppData\Local\Temp\VMicroBuilds\ntpmkr1000\mkr1000\WiFi101\bsp\source\nm_bsp_arduino.c.o
                0x000035ec                nm_bsp_sleep
 .text.nm_bsp_reset
                0x00003600       0x20 C:\Users\TeroToivola\AppData\Local\Temp\VMicroBuilds\ntpmkr1000\mkr1000\WiFi101\bsp\source\nm_bsp_arduino.c.o
                0x00003600                nm_bsp_reset
 .text.nm_bsp_init
                0x00003620       0x34 C:\Users\TeroToivola\AppData\Local\Temp\VMicroBuilds\ntpmkr1000\mkr1000\WiFi101\bsp\source\nm_bsp_arduino.c.o
                0x00003620                nm_bsp_init
 .text.nm_bsp_register_isr
                0x00003654       0x1c C:\Users\TeroToivola\AppData\Local\Temp\VMicroBuilds\ntpmkr1000\mkr1000\WiFi101\bsp\source\nm_bsp_arduino.c.o
                0x00003654                nm_bsp_register_isr
 .text.nm_bsp_interrupt_ctrl
                0x00003670       0x20 C:\Users\TeroToivola\AppData\Local\Temp\VMicroBuilds\ntpmkr1000\mkr1000\WiFi101\bsp\source\nm_bsp_arduino.c.o
                0x00003670                nm_bsp_interrupt_ctrl
 .text.nm_bus_init
                0x00003690       0x2c C:\Users\TeroToivola\AppData\Local\Temp\VMicroBuilds\ntpmkr1000\mkr1000\WiFi101\bus_wrapper\source\nm_bus_wrapper_samd21.cpp.o
                0x00003690                nm_bus_init
 .text.nm_bus_ioctl
                0x000036bc       0x8c C:\Users\TeroToivola\AppData\Local\Temp\VMicroBuilds\ntpmkr1000\mkr1000\WiFi101\bus_wrapper\source\nm_bus_wrapper_samd21.cpp.o
                0x000036bc                nm_bus_ioctl
 .text.nm_bus_deinit
                0x00003748       0x10 C:\Users\TeroToivola\AppData\Local\Temp\VMicroBuilds\ntpmkr1000\mkr1000\WiFi101\bus_wrapper\source\nm_bus_wrapper_samd21.cpp.o
                0x00003748                nm_bus_deinit
 .text.startup._GLOBAL__sub_I_egstrNmBusCapabilities
                0x00003758       0x18 C:\Users\TeroToivola\AppData\Local\Temp\VMicroBuilds\ntpmkr1000\mkr1000\WiFi101\bus_wrapper\source\nm_bus_wrapper_samd21.cpp.o
 .text.m2m_memcpy
                0x00003770       0x12 C:\Users\TeroToivola\AppData\Local\Temp\VMicroBuilds\ntpmkr1000\mkr1000\WiFi101\common\source\nm_common.c.o
                0x00003770                m2m_memcpy
 .text.m2m_memset
                0x00003782       0x10 C:\Users\TeroToivola\AppData\Local\Temp\VMicroBuilds\ntpmkr1000\mkr1000\WiFi101\common\source\nm_common.c.o
                0x00003782                m2m_memset
 .text.m2m_strlen
                0x00003792       0x14 C:\Users\TeroToivola\AppData\Local\Temp\VMicroBuilds\ntpmkr1000\mkr1000\WiFi101\common\source\nm_common.c.o
                0x00003792                m2m_strlen
 *fill*         0x000037a6        0x2 
 .text.isr      0x000037a8       0x10 C:\Users\TeroToivola\AppData\Local\Temp\VMicroBuilds\ntpmkr1000\mkr1000\WiFi101\driver\source\m2m_hif.c.o
 .text.m2m_hif_cb
                0x000037b8        0x2 C:\Users\TeroToivola\AppData\Local\Temp\VMicroBuilds\ntpmkr1000\mkr1000\WiFi101\driver\source\m2m_hif.c.o
 *fill*         0x000037ba        0x2 
 .text.hif_set_rx_done
                0x000037bc       0x2c C:\Users\TeroToivola\AppData\Local\Temp\VMicroBuilds\ntpmkr1000\mkr1000\WiFi101\driver\source\m2m_hif.c.o
 .text.hif_chip_wake
                0x000037e8       0x4c C:\Users\TeroToivola\AppData\Local\Temp\VMicroBuilds\ntpmkr1000\mkr1000\WiFi101\driver\source\m2m_hif.c.o
                0x000037e8                hif_chip_wake
 .text.hif_chip_sleep
                0x00003834       0x6c C:\Users\TeroToivola\AppData\Local\Temp\VMicroBuilds\ntpmkr1000\mkr1000\WiFi101\driver\source\m2m_hif.c.o
                0x00003834                hif_chip_sleep
 .text.hif_init
                0x000038a0       0x48 C:\Users\TeroToivola\AppData\Local\Temp\VMicroBuilds\ntpmkr1000\mkr1000\WiFi101\driver\source\m2m_hif.c.o
                0x000038a0                hif_init
 .text.hif_send
                0x000038e8      0x174 C:\Users\TeroToivola\AppData\Local\Temp\VMicroBuilds\ntpmkr1000\mkr1000\WiFi101\driver\source\m2m_hif.c.o
                0x000038e8                hif_send
 .text.hif_handle_isr
                0x00003a5c      0x150 C:\Users\TeroToivola\AppData\Local\Temp\VMicroBuilds\ntpmkr1000\mkr1000\WiFi101\driver\source\m2m_hif.c.o
                0x00003a5c                hif_handle_isr
 .text.hif_receive
                0x00003bac       0x90 C:\Users\TeroToivola\AppData\Local\Temp\VMicroBuilds\ntpmkr1000\mkr1000\WiFi101\driver\source\m2m_hif.c.o
                0x00003bac                hif_receive
 .text.hif_register_cb
                0x00003c3c       0x50 C:\Users\TeroToivola\AppData\Local\Temp\VMicroBuilds\ntpmkr1000\mkr1000\WiFi101\driver\source\m2m_hif.c.o
                0x00003c3c                hif_register_cb
 .text.get_gpio_idx
                0x00003c8c       0x3a C:\Users\TeroToivola\AppData\Local\Temp\VMicroBuilds\ntpmkr1000\mkr1000\WiFi101\driver\source\m2m_periph.c.o
 .text.m2m_periph_gpio_set_dir
                0x00003cc6       0x28 C:\Users\TeroToivola\AppData\Local\Temp\VMicroBuilds\ntpmkr1000\mkr1000\WiFi101\driver\source\m2m_periph.c.o
                0x00003cc6                m2m_periph_gpio_set_dir
 .text.m2m_periph_gpio_set_val
                0x00003cee       0x28 C:\Users\TeroToivola\AppData\Local\Temp\VMicroBuilds\ntpmkr1000\mkr1000\WiFi101\driver\source\m2m_periph.c.o
                0x00003cee                m2m_periph_gpio_set_val
 *fill*         0x00003d16        0x2 
 .text.m2m_wifi_cb
                0x00003d18      0x15c C:\Users\TeroToivola\AppData\Local\Temp\VMicroBuilds\ntpmkr1000\mkr1000\WiFi101\driver\source\m2m_wifi.c.o
 .text.m2m_wifi_init
                0x00003e74       0x60 C:\Users\TeroToivola\AppData\Local\Temp\VMicroBuilds\ntpmkr1000\mkr1000\WiFi101\driver\source\m2m_wifi.c.o
                0x00003e74                m2m_wifi_init
 .text.m2m_wifi_handle_events
                0x00003ed4       0x2c C:\Users\TeroToivola\AppData\Local\Temp\VMicroBuilds\ntpmkr1000\mkr1000\WiFi101\driver\source\m2m_wifi.c.o
                0x00003ed4                m2m_wifi_handle_events
 .text.m2m_wifi_connect_sc
                0x00003f00      0x108 C:\Users\TeroToivola\AppData\Local\Temp\VMicroBuilds\ntpmkr1000\mkr1000\WiFi101\driver\source\m2m_wifi.c.o
                0x00003f00                m2m_wifi_connect_sc
 .text.m2m_wifi_connect
                0x00004008       0x12 C:\Users\TeroToivola\AppData\Local\Temp\VMicroBuilds\ntpmkr1000\mkr1000\WiFi101\driver\source\m2m_wifi.c.o
                0x00004008                m2m_wifi_connect
 .text.m2m_wifi_req_curr_rssi
                0x0000401a       0x18 C:\Users\TeroToivola\AppData\Local\Temp\VMicroBuilds\ntpmkr1000\mkr1000\WiFi101\driver\source\m2m_wifi.c.o
                0x0000401a                m2m_wifi_req_curr_rssi
 .text.chip_apply_conf
                0x00004032       0x2e C:\Users\TeroToivola\AppData\Local\Temp\VMicroBuilds\ntpmkr1000\mkr1000\WiFi101\driver\source\nmasic.c.o
                0x00004032                chip_apply_conf
 .text.nm_clkless_wake
                0x00004060       0xb4 C:\Users\TeroToivola\AppData\Local\Temp\VMicroBuilds\ntpmkr1000\mkr1000\WiFi101\driver\source\nmasic.c.o
                0x00004060                nm_clkless_wake
 .text.enable_interrupts
                0x00004114       0x54 C:\Users\TeroToivola\AppData\Local\Temp\VMicroBuilds\ntpmkr1000\mkr1000\WiFi101\driver\source\nmasic.c.o
                0x00004114                enable_interrupts
 .text.nmi_get_chipid
                0x00004168       0xac C:\Users\TeroToivola\AppData\Local\Temp\VMicroBuilds\ntpmkr1000\mkr1000\WiFi101\driver\source\nmasic.c.o
                0x00004168                nmi_get_chipid
 .text.wait_for_bootrom
                0x00004214       0xc4 C:\Users\TeroToivola\AppData\Local\Temp\VMicroBuilds\ntpmkr1000\mkr1000\WiFi101\driver\source\nmasic.c.o
                0x00004214                wait_for_bootrom
 .text.wait_for_firmware_start
                0x000042d8       0x60 C:\Users\TeroToivola\AppData\Local\Temp\VMicroBuilds\ntpmkr1000\mkr1000\WiFi101\driver\source\nmasic.c.o
                0x000042d8                wait_for_firmware_start
 .text.chip_deinit
                0x00004338       0x5c C:\Users\TeroToivola\AppData\Local\Temp\VMicroBuilds\ntpmkr1000\mkr1000\WiFi101\driver\source\nmasic.c.o
                0x00004338                chip_deinit
 .text.set_gpio_dir
                0x00004394       0x34 C:\Users\TeroToivola\AppData\Local\Temp\VMicroBuilds\ntpmkr1000\mkr1000\WiFi101\driver\source\nmasic.c.o
                0x00004394                set_gpio_dir
 .text.set_gpio_val
                0x000043c8       0x34 C:\Users\TeroToivola\AppData\Local\Temp\VMicroBuilds\ntpmkr1000\mkr1000\WiFi101\driver\source\nmasic.c.o
                0x000043c8                set_gpio_val
 .text.nm_bus_iface_init
                0x000043fc        0x8 C:\Users\TeroToivola\AppData\Local\Temp\VMicroBuilds\ntpmkr1000\mkr1000\WiFi101\driver\source\nmbus.c.o
                0x000043fc                nm_bus_iface_init
 .text.nm_bus_iface_deinit
                0x00004404        0x8 C:\Users\TeroToivola\AppData\Local\Temp\VMicroBuilds\ntpmkr1000\mkr1000\WiFi101\driver\source\nmbus.c.o
                0x00004404                nm_bus_iface_deinit
 .text.nm_read_reg
                0x0000440c        0x8 C:\Users\TeroToivola\AppData\Local\Temp\VMicroBuilds\ntpmkr1000\mkr1000\WiFi101\driver\source\nmbus.c.o
                0x0000440c                nm_read_reg
 .text.nm_read_reg_with_ret
                0x00004414        0x8 C:\Users\TeroToivola\AppData\Local\Temp\VMicroBuilds\ntpmkr1000\mkr1000\WiFi101\driver\source\nmbus.c.o
                0x00004414                nm_read_reg_with_ret
 .text.nm_write_reg
                0x0000441c        0x8 C:\Users\TeroToivola\AppData\Local\Temp\VMicroBuilds\ntpmkr1000\mkr1000\WiFi101\driver\source\nmbus.c.o
                0x0000441c                nm_write_reg
 .text.nm_read_block
                0x00004424       0x40 C:\Users\TeroToivola\AppData\Local\Temp\VMicroBuilds\ntpmkr1000\mkr1000\WiFi101\driver\source\nmbus.c.o
                0x00004424                nm_read_block
 .text.nm_write_block
                0x00004464       0x40 C:\Users\TeroToivola\AppData\Local\Temp\VMicroBuilds\ntpmkr1000\mkr1000\WiFi101\driver\source\nmbus.c.o
                0x00004464                nm_write_block
 .text.nm_get_firmware_info
                0x000044a4       0xa0 C:\Users\TeroToivola\AppData\Local\Temp\VMicroBuilds\ntpmkr1000\mkr1000\WiFi101\driver\source\nmdrv.c.o
                0x000044a4                nm_get_firmware_info
 .text.nm_drv_init
                0x00004544       0x4a C:\Users\TeroToivola\AppData\Local\Temp\VMicroBuilds\ntpmkr1000\mkr1000\WiFi101\driver\source\nmdrv.c.o
                0x00004544                nm_drv_init
 .text.nm_drv_deinit
                0x0000458e       0x22 C:\Users\TeroToivola\AppData\Local\Temp\VMicroBuilds\ntpmkr1000\mkr1000\WiFi101\driver\source\nmdrv.c.o
                0x0000458e                nm_drv_deinit
 .text.nmi_spi_read
                0x000045b0       0x18 C:\Users\TeroToivola\AppData\Local\Temp\VMicroBuilds\ntpmkr1000\mkr1000\WiFi101\driver\source\nmspi.c.o
 .text.spi_cmd_rsp
                0x000045c8       0x68 C:\Users\TeroToivola\AppData\Local\Temp\VMicroBuilds\ntpmkr1000\mkr1000\WiFi101\driver\source\nmspi.c.o
 .text.spi_data_read
                0x00004630       0x8c C:\Users\TeroToivola\AppData\Local\Temp\VMicroBuilds\ntpmkr1000\mkr1000\WiFi101\driver\source\nmspi.c.o
 .text.nmi_spi_write
                0x000046bc       0x18 C:\Users\TeroToivola\AppData\Local\Temp\VMicroBuilds\ntpmkr1000\mkr1000\WiFi101\driver\source\nmspi.c.o
 .text.spi_cmd  0x000046d4      0x108 C:\Users\TeroToivola\AppData\Local\Temp\VMicroBuilds\ntpmkr1000\mkr1000\WiFi101\driver\source\nmspi.c.o
 .text.spi_write_reg
                0x000047dc       0x48 C:\Users\TeroToivola\AppData\Local\Temp\VMicroBuilds\ntpmkr1000\mkr1000\WiFi101\driver\source\nmspi.c.o
 .text.spi_read_reg
                0x00004824       0x74 C:\Users\TeroToivola\AppData\Local\Temp\VMicroBuilds\ntpmkr1000\mkr1000\WiFi101\driver\source\nmspi.c.o
 .text.nm_spi_deinit
                0x00004898        0xc C:\Users\TeroToivola\AppData\Local\Temp\VMicroBuilds\ntpmkr1000\mkr1000\WiFi101\driver\source\nmspi.c.o
                0x00004898                nm_spi_deinit
 .text.nm_spi_read_reg
                0x000048a4        0xc C:\Users\TeroToivola\AppData\Local\Temp\VMicroBuilds\ntpmkr1000\mkr1000\WiFi101\driver\source\nmspi.c.o
                0x000048a4                nm_spi_read_reg
 .text.nm_spi_read_reg_with_ret
                0x000048b0       0x14 C:\Users\TeroToivola\AppData\Local\Temp\VMicroBuilds\ntpmkr1000\mkr1000\WiFi101\driver\source\nmspi.c.o
                0x000048b0                nm_spi_read_reg_with_ret
 .text.nm_spi_write_reg
                0x000048c4       0x14 C:\Users\TeroToivola\AppData\Local\Temp\VMicroBuilds\ntpmkr1000\mkr1000\WiFi101\driver\source\nmspi.c.o
                0x000048c4                nm_spi_write_reg
 .text.nm_spi_init
                0x000048d8       0x80 C:\Users\TeroToivola\AppData\Local\Temp\VMicroBuilds\ntpmkr1000\mkr1000\WiFi101\driver\source\nmspi.c.o
                0x000048d8                nm_spi_init
 .text.nm_spi_read_block
                0x00004958       0x4c C:\Users\TeroToivola\AppData\Local\Temp\VMicroBuilds\ntpmkr1000\mkr1000\WiFi101\driver\source\nmspi.c.o
                0x00004958                nm_spi_read_block
 .text.nm_spi_write_block
                0x000049a4       0xc8 C:\Users\TeroToivola\AppData\Local\Temp\VMicroBuilds\ntpmkr1000\mkr1000\WiFi101\driver\source\nmspi.c.o
                0x000049a4                nm_spi_write_block
 .text.Socket_ReadSocketData
                0x00004a6c       0xc0 C:\Users\TeroToivola\AppData\Local\Temp\VMicroBuilds\ntpmkr1000\mkr1000\WiFi101\socket\source\socket.c.o
                0x00004a6c                Socket_ReadSocketData
 .text.m2m_ip_cb
                0x00004b2c      0x270 C:\Users\TeroToivola\AppData\Local\Temp\VMicroBuilds\ntpmkr1000\mkr1000\WiFi101\socket\source\socket.c.o
 .text.Socket_ReadSocketData_Small
                0x00004d9c       0xb8 C:\Users\TeroToivola\AppData\Local\Temp\VMicroBuilds\ntpmkr1000\mkr1000\WiFi101\socket\source\socket.c.o
                0x00004d9c                Socket_ReadSocketData_Small
 .text.socketInit
                0x00004e54       0x38 C:\Users\TeroToivola\AppData\Local\Temp\VMicroBuilds\ntpmkr1000\mkr1000\WiFi101\socket\source\socket.c.o
                0x00004e54                socketInit
 .text.registerSocketCallback
                0x00004e8c       0x14 C:\Users\TeroToivola\AppData\Local\Temp\VMicroBuilds\ntpmkr1000\mkr1000\WiFi101\socket\source\socket.c.o
                0x00004e8c                registerSocketCallback
 .text.socket   0x00004ea0       0x94 C:\Users\TeroToivola\AppData\Local\Temp\VMicroBuilds\ntpmkr1000\mkr1000\WiFi101\socket\source\socket.c.o
                0x00004ea0                socket
 .text.bind     0x00004f34       0x58 C:\Users\TeroToivola\AppData\Local\Temp\VMicroBuilds\ntpmkr1000\mkr1000\WiFi101\socket\source\socket.c.o
                0x00004f34                bind
 .text.listen   0x00004f8c       0x48 C:\Users\TeroToivola\AppData\Local\Temp\VMicroBuilds\ntpmkr1000\mkr1000\WiFi101\socket\source\socket.c.o
                0x00004f8c                listen
 .text.connectSocket
                0x00004fd4       0x70 C:\Users\TeroToivola\AppData\Local\Temp\VMicroBuilds\ntpmkr1000\mkr1000\WiFi101\socket\source\socket.c.o
                0x00004fd4                connectSocket
 .text.send     0x00005044       0x7c C:\Users\TeroToivola\AppData\Local\Temp\VMicroBuilds\ntpmkr1000\mkr1000\WiFi101\socket\source\socket.c.o
                0x00005044                send
 .text.sendto   0x000050c0       0x8c C:\Users\TeroToivola\AppData\Local\Temp\VMicroBuilds\ntpmkr1000\mkr1000\WiFi101\socket\source\socket.c.o
                0x000050c0                sendto
 .text.recv     0x0000514c       0x80 C:\Users\TeroToivola\AppData\Local\Temp\VMicroBuilds\ntpmkr1000\mkr1000\WiFi101\socket\source\socket.c.o
                0x0000514c                recv
 .text.close    0x000051cc       0x60 C:\Users\TeroToivola\AppData\Local\Temp\VMicroBuilds\ntpmkr1000\mkr1000\WiFi101\socket\source\socket.c.o
                0x000051cc                close
 .text.recvfrom
                0x0000522c       0x84 C:\Users\TeroToivola\AppData\Local\Temp\VMicroBuilds\ntpmkr1000\mkr1000\WiFi101\socket\source\socket.c.o
                0x0000522c                recvfrom
 .text.gethostbyname
                0x000052b0       0x34 C:\Users\TeroToivola\AppData\Local\Temp\VMicroBuilds\ntpmkr1000\mkr1000\WiFi101\socket\source\socket.c.o
                0x000052b0                gethostbyname
 .text.setsockopt
                0x000052e4       0xf0 C:\Users\TeroToivola\AppData\Local\Temp\VMicroBuilds\ntpmkr1000\mkr1000\WiFi101\socket\source\socket.c.o
                0x000052e4                setsockopt
 .text.socketBufferInit
                0x000053d4       0x14 C:\Users\TeroToivola\AppData\Local\Temp\VMicroBuilds\ntpmkr1000\mkr1000\WiFi101\socket\source\socket_buffer.c.o
                0x000053d4                socketBufferInit
 .text.socketBufferRegister
                0x000053e8       0x18 C:\Users\TeroToivola\AppData\Local\Temp\VMicroBuilds\ntpmkr1000\mkr1000\WiFi101\socket\source\socket_buffer.c.o
                0x000053e8                socketBufferRegister
 .text.socketBufferUnregister
                0x00005400       0x18 C:\Users\TeroToivola\AppData\Local\Temp\VMicroBuilds\ntpmkr1000\mkr1000\WiFi101\socket\source\socket_buffer.c.o
                0x00005400                socketBufferUnregister
 .text.socketBufferCb
                0x00005418      0x1f4 C:\Users\TeroToivola\AppData\Local\Temp\VMicroBuilds\ntpmkr1000\mkr1000\WiFi101\socket\source\socket_buffer.c.o
                0x00005418                socketBufferCb
 .text.spi_flash_enable
                0x0000560c       0xd8 C:\Users\TeroToivola\AppData\Local\Temp\VMicroBuilds\ntpmkr1000\mkr1000\WiFi101\spi_flash\source\spi_flash.c.o
                0x0000560c                spi_flash_enable
 .text.RTC_Handler
                0x000056e4       0x1c C:\Users\TeroToivola\AppData\Local\Temp\VMicroBuilds\ntpmkr1000\mkr1000\RTCZero\RTCZero.cpp.o
                0x000056e4                RTC_Handler
 .text._ZN7RTCZero10getSecondsEv
                0x00005700       0x10 C:\Users\TeroToivola\AppData\Local\Temp\VMicroBuilds\ntpmkr1000\mkr1000\RTCZero\RTCZero.cpp.o
                0x00005700                RTCZero::getSeconds()
 .text._ZN7RTCZero10getMinutesEv
                0x00005710       0x10 C:\Users\TeroToivola\AppData\Local\Temp\VMicroBuilds\ntpmkr1000\mkr1000\RTCZero\RTCZero.cpp.o
                0x00005710                RTCZero::getMinutes()
 .text._ZN7RTCZero8getHoursEv
                0x00005720       0x10 C:\Users\TeroToivola\AppData\Local\Temp\VMicroBuilds\ntpmkr1000\mkr1000\RTCZero\RTCZero.cpp.o
                0x00005720                RTCZero::getHours()
 .text._ZN7RTCZero6getDayEv
                0x00005730       0x10 C:\Users\TeroToivola\AppData\Local\Temp\VMicroBuilds\ntpmkr1000\mkr1000\RTCZero\RTCZero.cpp.o
                0x00005730                RTCZero::getDay()
 .text._ZN7RTCZero8getMonthEv
                0x00005740       0x10 C:\Users\TeroToivola\AppData\Local\Temp\VMicroBuilds\ntpmkr1000\mkr1000\RTCZero\RTCZero.cpp.o
                0x00005740                RTCZero::getMonth()
 .text._ZN7RTCZero7getYearEv
                0x00005750        0xc C:\Users\TeroToivola\AppData\Local\Temp\VMicroBuilds\ntpmkr1000\mkr1000\RTCZero\RTCZero.cpp.o
                0x00005750                RTCZero::getYear()
 .text._ZN7RTCZero8setEpochEm
                0x0000575c       0xa0 C:\Users\TeroToivola\AppData\Local\Temp\VMicroBuilds\ntpmkr1000\mkr1000\RTCZero\RTCZero.cpp.o
                0x0000575c                RTCZero::setEpoch(unsigned long)
 .text._ZN7RTCZero10RTCdisableEv
                0x000057fc       0x18 C:\Users\TeroToivola\AppData\Local\Temp\VMicroBuilds\ntpmkr1000\mkr1000\RTCZero\RTCZero.cpp.o
                0x000057fc                RTCZero::RTCdisable()
 .text._ZN7RTCZero9RTCenableEv
                0x00005814       0x18 C:\Users\TeroToivola\AppData\Local\Temp\VMicroBuilds\ntpmkr1000\mkr1000\RTCZero\RTCZero.cpp.o
                0x00005814                RTCZero::RTCenable()
 .text._ZN7RTCZero8RTCresetEv
                0x0000582c       0x18 C:\Users\TeroToivola\AppData\Local\Temp\VMicroBuilds\ntpmkr1000\mkr1000\RTCZero\RTCZero.cpp.o
                0x0000582c                RTCZero::RTCreset()
 .text._ZN7RTCZero14RTCresetRemoveEv
                0x00005844       0x18 C:\Users\TeroToivola\AppData\Local\Temp\VMicroBuilds\ntpmkr1000\mkr1000\RTCZero\RTCZero.cpp.o
                0x00005844                RTCZero::RTCresetRemove()
 .text._ZN7RTCZero5beginEv
                0x0000585c       0xc4 C:\Users\TeroToivola\AppData\Local\Temp\VMicroBuilds\ntpmkr1000\mkr1000\RTCZero\RTCZero.cpp.o
                0x0000585c                RTCZero::begin()
 .text._ZN8SPIClass4initEv
                0x00005920       0x12 C:\Users\TeroToivola\AppData\Local\Temp\VMicroBuilds\ntpmkr1000\mkr1000\SPI\SPI.cpp.o
                0x00005920                SPIClass::init()
 .text._ZN8SPIClass6configE11SPISettings
                0x00005932       0x36 C:\Users\TeroToivola\AppData\Local\Temp\VMicroBuilds\ntpmkr1000\mkr1000\SPI\SPI.cpp.o
                0x00005932                SPIClass::config(SPISettings)
 .text._ZN8SPIClass5beginEv
                0x00005968       0x50 C:\Users\TeroToivola\AppData\Local\Temp\VMicroBuilds\ntpmkr1000\mkr1000\SPI\SPI.cpp.o
                0x00005968                SPIClass::begin()
 .text._ZN8SPIClass3endEv
                0x000059b8       0x10 C:\Users\TeroToivola\AppData\Local\Temp\VMicroBuilds\ntpmkr1000\mkr1000\SPI\SPI.cpp.o
                0x000059b8                SPIClass::end()
 .text._ZN8SPIClass16beginTransactionE11SPISettings
                0x000059c8       0x3c C:\Users\TeroToivola\AppData\Local\Temp\VMicroBuilds\ntpmkr1000\mkr1000\SPI\SPI.cpp.o
                0x000059c8                SPIClass::beginTransaction(SPISettings)
 .text._ZN8SPIClass14endTransactionEv
                0x00005a04       0x28 C:\Users\TeroToivola\AppData\Local\Temp\VMicroBuilds\ntpmkr1000\mkr1000\SPI\SPI.cpp.o
                0x00005a04                SPIClass::endTransaction()
 .text._ZN8SPIClass8transferEh
                0x00005a2c       0x14 C:\Users\TeroToivola\AppData\Local\Temp\VMicroBuilds\ntpmkr1000\mkr1000\SPI\SPI.cpp.o
                0x00005a2c                SPIClass::transfer(unsigned char)
 .text.startup._GLOBAL__sub_I__ZN8SPIClassC2EP6SERCOMhhh14SercomSpiTXPad11SercomRXPad
                0x00005a40       0x58 C:\Users\TeroToivola\AppData\Local\Temp\VMicroBuilds\ntpmkr1000\mkr1000\SPI\SPI.cpp.o
 .text.Dummy_Handler
                0x00005a98        0x2 C:\Users\TeroToivola\AppData\Local\Temp\VMicroBuilds\ntpmkr1000\mkr1000/core.a(cortex_handlers.c.o)
                0x00005a98                DMAC_Handler
                0x00005a98                HardFault_Handler
                0x00005a98                AC_Handler
                0x00005a98                PendSV_Handler
                0x00005a98                NMI_Handler
                0x00005a98                TC7_Handler
                0x00005a98                SERCOM1_Handler
                0x00005a98                ADC_Handler
                0x00005a98                TCC1_Handler
                0x00005a98                SERCOM2_Handler
                0x00005a98                TCC0_Handler
                0x00005a98                TC6_Handler
                0x00005a98                WDT_Handler
                0x00005a98                TC4_Handler
                0x00005a98                TC3_Handler
                0x00005a98                Dummy_Handler
                0x00005a98                PM_Handler
                0x00005a98                SVC_Handler
                0x00005a98                TCC2_Handler
                0x00005a98                EVSYS_Handler
                0x00005a98                SERCOM3_Handler
                0x00005a98                SERCOM4_Handler
                0x00005a98                I2S_Handler
                0x00005a98                NVMCTRL_Handler
                0x00005a98                SERCOM0_Handler
                0x00005a98                DAC_Handler
                0x00005a98                PTC_Handler
                0x00005a98                SYSCTRL_Handler
 *fill*         0x00005a9a        0x2 
 .text.USB_Handler
                0x00005a9c       0x14 C:\Users\TeroToivola\AppData\Local\Temp\VMicroBuilds\ntpmkr1000\mkr1000/core.a(cortex_handlers.c.o)
                0x00005a9c                USB_Handler
 .text.Reset_Handler
                0x00005ab0       0x58 C:\Users\TeroToivola\AppData\Local\Temp\VMicroBuilds\ntpmkr1000\mkr1000/core.a(cortex_handlers.c.o)
                0x00005ab0                Reset_Handler
 .text.SysTick_Handler
                0x00005b08       0x10 C:\Users\TeroToivola\AppData\Local\Temp\VMicroBuilds\ntpmkr1000\mkr1000/core.a(cortex_handlers.c.o)
                0x00005b08                SysTick_Handler
 .text.USB_SetHandler
                0x00005b18        0xc C:\Users\TeroToivola\AppData\Local\Temp\VMicroBuilds\ntpmkr1000\mkr1000/core.a(cortex_handlers.c.o)
                0x00005b18                USB_SetHandler
 .text.millis   0x00005b24        0xc C:\Users\TeroToivola\AppData\Local\Temp\VMicroBuilds\ntpmkr1000\mkr1000/core.a(delay.c.o)
                0x00005b24                millis
 .text.delay    0x00005b30       0x20 C:\Users\TeroToivola\AppData\Local\Temp\VMicroBuilds\ntpmkr1000\mkr1000/core.a(delay.c.o)
                0x00005b30                delay
 .text.SysTick_DefaultHandler
                0x00005b50       0x14 C:\Users\TeroToivola\AppData\Local\Temp\VMicroBuilds\ntpmkr1000\mkr1000/core.a(delay.c.o)
                0x00005b50                SysTick_DefaultHandler
 .text.__empty  0x00005b64        0x2 C:\Users\TeroToivola\AppData\Local\Temp\VMicroBuilds\ntpmkr1000\mkr1000/core.a(hooks.c.o)
                0x00005b64                yield
 .text.__false  0x00005b66        0x4 C:\Users\TeroToivola\AppData\Local\Temp\VMicroBuilds\ntpmkr1000\mkr1000/core.a(hooks.c.o)
                0x00005b66                sysTickHook
 *fill*         0x00005b6a        0x2 
 .text.SystemInit
                0x00005b6c      0x16c C:\Users\TeroToivola\AppData\Local\Temp\VMicroBuilds\ntpmkr1000\mkr1000/core.a(startup.c.o)
                0x00005b6c                SystemInit
 .text.attachInterrupt
                0x00005cd8      0x108 C:\Users\TeroToivola\AppData\Local\Temp\VMicroBuilds\ntpmkr1000\mkr1000/core.a(WInterrupts.c.o)
                0x00005cd8                attachInterrupt
 .text.detachInterrupt
                0x00005de0       0x30 C:\Users\TeroToivola\AppData\Local\Temp\VMicroBuilds\ntpmkr1000\mkr1000/core.a(WInterrupts.c.o)
                0x00005de0                detachInterrupt
 .text.EIC_Handler
                0x00005e10       0x30 C:\Users\TeroToivola\AppData\Local\Temp\VMicroBuilds\ntpmkr1000\mkr1000/core.a(WInterrupts.c.o)
                0x00005e10                EIC_Handler
 .text.init     0x00005e40       0xe4 C:\Users\TeroToivola\AppData\Local\Temp\VMicroBuilds\ntpmkr1000\mkr1000/core.a(wiring.c.o)
                0x00005e40                init
 .text.analogReference
                0x00005f24       0x5c C:\Users\TeroToivola\AppData\Local\Temp\VMicroBuilds\ntpmkr1000\mkr1000/core.a(wiring_analog.c.o)
                0x00005f24                analogReference
 .text.pinMode  0x00005f80       0xb8 C:\Users\TeroToivola\AppData\Local\Temp\VMicroBuilds\ntpmkr1000\mkr1000/core.a(wiring_digital.c.o)
                0x00005f80                pinMode
 .text.digitalWrite
                0x00006038       0x44 C:\Users\TeroToivola\AppData\Local\Temp\VMicroBuilds\ntpmkr1000\mkr1000/core.a(wiring_digital.c.o)
                0x00006038                digitalWrite
 .text.digitalRead
                0x0000607c       0x30 C:\Users\TeroToivola\AppData\Local\Temp\VMicroBuilds\ntpmkr1000\mkr1000/core.a(wiring_digital.c.o)
                0x0000607c                digitalRead
 .text.pinPeripheral
                0x000060ac       0xc4 C:\Users\TeroToivola\AppData\Local\Temp\VMicroBuilds\ntpmkr1000\mkr1000/core.a(wiring_private.c.o)
                0x000060ac                pinPeripheral
 .text._ZNK9IPAddress7printToER5Print
                0x00006170       0x3c C:\Users\TeroToivola\AppData\Local\Temp\VMicroBuilds\ntpmkr1000\mkr1000/core.a(IPAddress.cpp.o)
                0x00006170                IPAddress::printTo(Print&) const
 .text._ZN9IPAddressC2Ev
                0x000061ac       0x10 C:\Users\TeroToivola\AppData\Local\Temp\VMicroBuilds\ntpmkr1000\mkr1000/core.a(IPAddress.cpp.o)
                0x000061ac                IPAddress::IPAddress()
                0x000061ac                IPAddress::IPAddress()
 .text._ZN9IPAddressC2Ehhhh
                0x000061bc       0x1c C:\Users\TeroToivola\AppData\Local\Temp\VMicroBuilds\ntpmkr1000\mkr1000/core.a(IPAddress.cpp.o)
                0x000061bc                IPAddress::IPAddress(unsigned char, unsigned char, unsigned char, unsigned char)
                0x000061bc                IPAddress::IPAddress(unsigned char, unsigned char, unsigned char, unsigned char)
 .text._ZN9IPAddressC2Em
                0x000061d8       0x10 C:\Users\TeroToivola\AppData\Local\Temp\VMicroBuilds\ntpmkr1000\mkr1000/core.a(IPAddress.cpp.o)
                0x000061d8                IPAddress::IPAddress(unsigned long)
                0x000061d8                IPAddress::IPAddress(unsigned long)
 .text._ZN9IPAddress10fromStringEPKc
                0x000061e8       0x4c C:\Users\TeroToivola\AppData\Local\Temp\VMicroBuilds\ntpmkr1000\mkr1000/core.a(IPAddress.cpp.o)
                0x000061e8                IPAddress::fromString(char const*)
 .text._ZN9IPAddressaSEm
                0x00006234        0x4 C:\Users\TeroToivola\AppData\Local\Temp\VMicroBuilds\ntpmkr1000\mkr1000/core.a(IPAddress.cpp.o)
                0x00006234                IPAddress::operator=(unsigned long)
 .text.startup._GLOBAL__sub_I__ZN9IPAddressC2Ev
                0x00006238       0x1c C:\Users\TeroToivola\AppData\Local\Temp\VMicroBuilds\ntpmkr1000\mkr1000/core.a(IPAddress.cpp.o)
 .text._Z11initVariantv
                0x00006254        0x2 C:\Users\TeroToivola\AppData\Local\Temp\VMicroBuilds\ntpmkr1000\mkr1000/core.a(main.cpp.o)
                0x00006254                initVariant()
 *fill*         0x00006256        0x2 
 .text.startup.main
                0x00006258       0x3c C:\Users\TeroToivola\AppData\Local\Temp\VMicroBuilds\ntpmkr1000\mkr1000/core.a(main.cpp.o)
                0x00006258                main
 .text._ZN5Print5writeEPKhj
                0x00006294       0x28 C:\Users\TeroToivola\AppData\Local\Temp\VMicroBuilds\ntpmkr1000\mkr1000/core.a(Print.cpp.o)
                0x00006294                Print::write(unsigned char const*, unsigned int)
 .text._ZN5Print5writeEPKc
                0x000062bc       0x1c C:\Users\TeroToivola\AppData\Local\Temp\VMicroBuilds\ntpmkr1000\mkr1000/core.a(Print.cpp.o)
                0x000062bc                Print::write(char const*)
 .text._ZN5Print5printEPKc
                0x000062d8        0x8 C:\Users\TeroToivola\AppData\Local\Temp\VMicroBuilds\ntpmkr1000\mkr1000/core.a(Print.cpp.o)
                0x000062d8                Print::print(char const*)
 .text._ZN5Print5printEc
                0x000062e0        0xa C:\Users\TeroToivola\AppData\Local\Temp\VMicroBuilds\ntpmkr1000\mkr1000/core.a(Print.cpp.o)
                0x000062e0                Print::print(char)
 .text._ZN5Print5printERK9Printable
                0x000062ea       0x10 C:\Users\TeroToivola\AppData\Local\Temp\VMicroBuilds\ntpmkr1000\mkr1000/core.a(Print.cpp.o)
                0x000062ea                Print::print(Printable const&)
 *fill*         0x000062fa        0x2 
 .text._ZN5Print7printlnEv
                0x000062fc       0x10 C:\Users\TeroToivola\AppData\Local\Temp\VMicroBuilds\ntpmkr1000\mkr1000/core.a(Print.cpp.o)
                0x000062fc                Print::println()
 .text._ZN5Print7printlnEPKc
                0x0000630c       0x14 C:\Users\TeroToivola\AppData\Local\Temp\VMicroBuilds\ntpmkr1000\mkr1000/core.a(Print.cpp.o)
                0x0000630c                Print::println(char const*)
 .text._ZN5Print7printlnERK9Printable
                0x00006320       0x14 C:\Users\TeroToivola\AppData\Local\Temp\VMicroBuilds\ntpmkr1000\mkr1000/core.a(Print.cpp.o)
                0x00006320                Print::println(Printable const&)
 .text._ZN5Print11printNumberEmh
                0x00006334       0x4e C:\Users\TeroToivola\AppData\Local\Temp\VMicroBuilds\ntpmkr1000\mkr1000/core.a(Print.cpp.o)
                0x00006334                Print::printNumber(unsigned long, unsigned char)
 .text._ZN5Print5printEli
                0x00006382       0x3c C:\Users\TeroToivola\AppData\Local\Temp\VMicroBuilds\ntpmkr1000\mkr1000/core.a(Print.cpp.o)
                0x00006382                Print::print(long, int)
 .text._ZN5Print5printEii
                0x000063be        0x8 C:\Users\TeroToivola\AppData\Local\Temp\VMicroBuilds\ntpmkr1000\mkr1000/core.a(Print.cpp.o)
                0x000063be                Print::print(int, int)
 .text._ZN5Print7printlnEii
                0x000063c6       0x14 C:\Users\TeroToivola\AppData\Local\Temp\VMicroBuilds\ntpmkr1000\mkr1000/core.a(Print.cpp.o)
                0x000063c6                Print::println(int, int)
 .text._ZN5Print5printEmi
                0x000063da       0x18 C:\Users\TeroToivola\AppData\Local\Temp\VMicroBuilds\ntpmkr1000\mkr1000/core.a(Print.cpp.o)
                0x000063da                Print::print(unsigned long, int)
 .text._ZN5Print5printEhi
                0x000063f2        0x8 C:\Users\TeroToivola\AppData\Local\Temp\VMicroBuilds\ntpmkr1000\mkr1000/core.a(Print.cpp.o)
                0x000063f2                Print::print(unsigned char, int)
 .text._ZN5Print7printlnEmi
                0x000063fa       0x14 C:\Users\TeroToivola\AppData\Local\Temp\VMicroBuilds\ntpmkr1000\mkr1000/core.a(Print.cpp.o)
                0x000063fa                Print::println(unsigned long, int)
 *fill*         0x0000640e        0x2 
 .text.initiateReset
                0x00006410        0xc C:\Users\TeroToivola\AppData\Local\Temp\VMicroBuilds\ntpmkr1000\mkr1000/core.a(Reset.cpp.o)
                0x00006410                initiateReset
 .text.cancelReset
                0x0000641c       0x10 C:\Users\TeroToivola\AppData\Local\Temp\VMicroBuilds\ntpmkr1000\mkr1000/core.a(Reset.cpp.o)
                0x0000641c                cancelReset
 .text.tickReset
                0x0000642c       0x5c C:\Users\TeroToivola\AppData\Local\Temp\VMicroBuilds\ntpmkr1000\mkr1000/core.a(Reset.cpp.o)
                0x0000642c                tickReset
 .text._ZN6SERCOMC2EP6Sercom
                0x00006488        0x4 C:\Users\TeroToivola\AppData\Local\Temp\VMicroBuilds\ntpmkr1000\mkr1000/core.a(SERCOM.cpp.o)
                0x00006488                SERCOM::SERCOM(Sercom*)
                0x00006488                SERCOM::SERCOM(Sercom*)
 .text._ZN6SERCOM9initFrameE18SercomUartCharSize15SercomDataOrder16SercomParityMode19SercomNumberStopBit
                0x0000648c       0x38 C:\Users\TeroToivola\AppData\Local\Temp\VMicroBuilds\ntpmkr1000\mkr1000/core.a(SERCOM.cpp.o)
                0x0000648c                SERCOM::initFrame(SercomUartCharSize, SercomDataOrder, SercomParityMode, SercomNumberStopBit)
 .text._ZN6SERCOM8initPadsE15SercomUartTXPad11SercomRXPad
                0x000064c4       0x26 C:\Users\TeroToivola\AppData\Local\Temp\VMicroBuilds\ntpmkr1000\mkr1000/core.a(SERCOM.cpp.o)
                0x000064c4                SERCOM::initPads(SercomUartTXPad, SercomRXPad)
 .text._ZN6SERCOM9resetUARTEv
                0x000064ea       0x1c C:\Users\TeroToivola\AppData\Local\Temp\VMicroBuilds\ntpmkr1000\mkr1000/core.a(SERCOM.cpp.o)
                0x000064ea                SERCOM::resetUART()
 .text._ZN6SERCOM10enableUARTEv
                0x00006506       0x14 C:\Users\TeroToivola\AppData\Local\Temp\VMicroBuilds\ntpmkr1000\mkr1000/core.a(SERCOM.cpp.o)
                0x00006506                SERCOM::enableUART()
 .text._ZN6SERCOM9flushUARTEv
                0x0000651a        0xa C:\Users\TeroToivola\AppData\Local\Temp\VMicroBuilds\ntpmkr1000\mkr1000/core.a(SERCOM.cpp.o)
                0x0000651a                SERCOM::flushUART()
 .text._ZN6SERCOM15clearStatusUARTEv
                0x00006524        0x8 C:\Users\TeroToivola\AppData\Local\Temp\VMicroBuilds\ntpmkr1000\mkr1000/core.a(SERCOM.cpp.o)
                0x00006524                SERCOM::clearStatusUART()
 .text._ZN6SERCOM17availableDataUARTEv
                0x0000652c        0xa C:\Users\TeroToivola\AppData\Local\Temp\VMicroBuilds\ntpmkr1000\mkr1000/core.a(SERCOM.cpp.o)
                0x0000652c                SERCOM::availableDataUART()
 .text._ZN6SERCOM11isUARTErrorEv
                0x00006536        0x8 C:\Users\TeroToivola\AppData\Local\Temp\VMicroBuilds\ntpmkr1000\mkr1000/core.a(SERCOM.cpp.o)
                0x00006536                SERCOM::isUARTError()
 .text._ZN6SERCOM20acknowledgeUARTErrorEv
                0x0000653e        0xe C:\Users\TeroToivola\AppData\Local\Temp\VMicroBuilds\ntpmkr1000\mkr1000/core.a(SERCOM.cpp.o)
                0x0000653e                SERCOM::acknowledgeUARTError()
 .text._ZN6SERCOM12readDataUARTEv
                0x0000654c        0x8 C:\Users\TeroToivola\AppData\Local\Temp\VMicroBuilds\ntpmkr1000\mkr1000/core.a(SERCOM.cpp.o)
                0x0000654c                SERCOM::readDataUART()
 .text._ZN6SERCOM13writeDataUARTEh
                0x00006554        0xe C:\Users\TeroToivola\AppData\Local\Temp\VMicroBuilds\ntpmkr1000\mkr1000/core.a(SERCOM.cpp.o)
                0x00006554                SERCOM::writeDataUART(unsigned char)
 *fill*         0x00006562        0x2 
 .text._ZN6SERCOM12initSPIClockE18SercomSpiClockModem
                0x00006564       0x30 C:\Users\TeroToivola\AppData\Local\Temp\VMicroBuilds\ntpmkr1000\mkr1000/core.a(SERCOM.cpp.o)
                0x00006564                SERCOM::initSPIClock(SercomSpiClockMode, unsigned long)
 .text._ZN6SERCOM8resetSPIEv
                0x00006594       0x1c C:\Users\TeroToivola\AppData\Local\Temp\VMicroBuilds\ntpmkr1000\mkr1000/core.a(SERCOM.cpp.o)
                0x00006594                SERCOM::resetSPI()
 .text._ZN6SERCOM9enableSPIEv
                0x000065b0       0x14 C:\Users\TeroToivola\AppData\Local\Temp\VMicroBuilds\ntpmkr1000\mkr1000/core.a(SERCOM.cpp.o)
                0x000065b0                SERCOM::enableSPI()
 .text._ZN6SERCOM10disableSPIEv
                0x000065c4       0x14 C:\Users\TeroToivola\AppData\Local\Temp\VMicroBuilds\ntpmkr1000\mkr1000/core.a(SERCOM.cpp.o)
                0x000065c4                SERCOM::disableSPI()
 .text._ZN6SERCOM12writeDataSPIEh
                0x000065d8       0x26 C:\Users\TeroToivola\AppData\Local\Temp\VMicroBuilds\ntpmkr1000\mkr1000/core.a(SERCOM.cpp.o)
                0x000065d8                SERCOM::writeDataSPI(unsigned char)
 .text._ZN6SERCOM11readDataSPIEv
                0x000065fe       0x1a C:\Users\TeroToivola\AppData\Local\Temp\VMicroBuilds\ntpmkr1000\mkr1000/core.a(SERCOM.cpp.o)
                0x000065fe                SERCOM::readDataSPI()
 .text._ZN6SERCOM13initClockNVICEv
                0x00006618       0xac C:\Users\TeroToivola\AppData\Local\Temp\VMicroBuilds\ntpmkr1000\mkr1000/core.a(SERCOM.cpp.o)
                0x00006618                SERCOM::initClockNVIC()
 .text._ZN6SERCOM8initUARTE14SercomUartMode20SercomUartSampleRatem
                0x000066c4       0x6c C:\Users\TeroToivola\AppData\Local\Temp\VMicroBuilds\ntpmkr1000\mkr1000/core.a(SERCOM.cpp.o)
                0x000066c4                SERCOM::initUART(SercomUartMode, SercomUartSampleRate, unsigned long)
 .text._ZN6SERCOM7initSPIE14SercomSpiTXPad11SercomRXPad17SercomSpiCharSize15SercomDataOrder
                0x00006730       0x48 C:\Users\TeroToivola\AppData\Local\Temp\VMicroBuilds\ntpmkr1000\mkr1000/core.a(SERCOM.cpp.o)
                0x00006730                SERCOM::initSPI(SercomSpiTXPad, SercomRXPad, SercomSpiCharSize, SercomDataOrder)
 .text._Z8makeWordhh
                0x00006778        0x6 C:\Users\TeroToivola\AppData\Local\Temp\VMicroBuilds\ntpmkr1000\mkr1000/core.a(WMath.cpp.o)
                0x00006778                makeWord(unsigned char, unsigned char)
 *fill*         0x0000677e        0x2 
 .text._ZN7Serial_4peekEv
                0x00006780       0x2c C:\Users\TeroToivola\AppData\Local\Temp\VMicroBuilds\ntpmkr1000\mkr1000/core.a(CDC.cpp.o)
                0x00006780                Serial_::peek()
 .text._ZN7Serial_5writeEh
                0x000067ac       0x14 C:\Users\TeroToivola\AppData\Local\Temp\VMicroBuilds\ntpmkr1000\mkr1000/core.a(CDC.cpp.o)
                0x000067ac                Serial_::write(unsigned char)
 .text._ZN7Serial_6acceptEv
                0x000067c0       0x68 C:\Users\TeroToivola\AppData\Local\Temp\VMicroBuilds\ntpmkr1000\mkr1000/core.a(CDC.cpp.o)
                0x000067c0                Serial_::accept()
 .text._ZN7Serial_4readEv
                0x00006828       0x68 C:\Users\TeroToivola\AppData\Local\Temp\VMicroBuilds\ntpmkr1000\mkr1000/core.a(CDC.cpp.o)
                0x00006828                Serial_::read()
 .text._ZN7Serial_5flushEv
                0x00006890        0xc C:\Users\TeroToivola\AppData\Local\Temp\VMicroBuilds\ntpmkr1000\mkr1000/core.a(CDC.cpp.o)
                0x00006890                Serial_::flush()
 .text._ZN7Serial_9availableEv
                0x0000689c       0x3c C:\Users\TeroToivola\AppData\Local\Temp\VMicroBuilds\ntpmkr1000\mkr1000/core.a(CDC.cpp.o)
                0x0000689c                Serial_::available()
 .text._ZN7Serial_5writeEPKhj
                0x000068d8       0x2c C:\Users\TeroToivola\AppData\Local\Temp\VMicroBuilds\ntpmkr1000\mkr1000/core.a(CDC.cpp.o)
                0x000068d8                Serial_::write(unsigned char const*, unsigned int)
 .text._Z16CDC_GetInterfacePh
                0x00006904       0x1c C:\Users\TeroToivola\AppData\Local\Temp\VMicroBuilds\ntpmkr1000\mkr1000/core.a(CDC.cpp.o)
                0x00006904                CDC_GetInterface(unsigned char*)
 .text._Z9CDC_SetupR8USBSetup
                0x00006920       0x80 C:\Users\TeroToivola\AppData\Local\Temp\VMicroBuilds\ntpmkr1000\mkr1000/core.a(CDC.cpp.o)
                0x00006920                CDC_Setup(USBSetup&)
 .text._ZN7Serial_5beginEm
                0x000069a0        0x2 C:\Users\TeroToivola\AppData\Local\Temp\VMicroBuilds\ntpmkr1000\mkr1000/core.a(CDC.cpp.o)
                0x000069a0                Serial_::begin(unsigned long)
 *fill*         0x000069a2        0x2 
 .text.startup._GLOBAL__sub_I_cdc_rx_buffer
                0x000069a4       0x24 C:\Users\TeroToivola\AppData\Local\Temp\VMicroBuilds\ntpmkr1000\mkr1000/core.a(CDC.cpp.o)
 .text._ZN14USBDeviceClass6initEPEmm.part.1
                0x000069c8       0x80 C:\Users\TeroToivola\AppData\Local\Temp\VMicroBuilds\ntpmkr1000\mkr1000/core.a(USBCore.cpp.o)
 .text._ZN20USBDevice_SAMD21G18x5resetEv
                0x00006a48       0x28 C:\Users\TeroToivola\AppData\Local\Temp\VMicroBuilds\ntpmkr1000\mkr1000/core.a(USBCore.cpp.o)
                0x00006a48                USBDevice_SAMD21G18x::reset()
 .text._ZN20USBDevice_SAMD21G18x9calibrateEv
                0x00006a70       0x5c C:\Users\TeroToivola\AppData\Local\Temp\VMicroBuilds\ntpmkr1000\mkr1000/core.a(USBCore.cpp.o)
                0x00006a70                USBDevice_SAMD21G18x::calibrate()
 .text._ZN14USBDeviceClass14SendInterfacesEPm
                0x00006acc       0x2c C:\Users\TeroToivola\AppData\Local\Temp\VMicroBuilds\ntpmkr1000\mkr1000/core.a(USBCore.cpp.o)
                0x00006acc                USBDeviceClass::SendInterfaces(unsigned long*)
 .text._ZN14USBDeviceClass4initEv
                0x00006af8       0xc0 C:\Users\TeroToivola\AppData\Local\Temp\VMicroBuilds\ntpmkr1000\mkr1000/core.a(USBCore.cpp.o)
                0x00006af8                USBDeviceClass::init()
 .text._ZN14USBDeviceClass6attachEv
                0x00006bb8       0x34 C:\Users\TeroToivola\AppData\Local\Temp\VMicroBuilds\ntpmkr1000\mkr1000/core.a(USBCore.cpp.o)
                0x00006bb8                USBDeviceClass::attach()
 .text._ZN14USBDeviceClass10setAddressEm
                0x00006bec       0x48 C:\Users\TeroToivola\AppData\Local\Temp\VMicroBuilds\ntpmkr1000\mkr1000/core.a(USBCore.cpp.o)
                0x00006bec                USBDeviceClass::setAddress(unsigned long)
 .text._ZN14USBDeviceClass25handleClassInterfaceSetupER8USBSetup
                0x00006c34       0x40 C:\Users\TeroToivola\AppData\Local\Temp\VMicroBuilds\ntpmkr1000\mkr1000/core.a(USBCore.cpp.o)
                0x00006c34                USBDeviceClass::handleClassInterfaceSetup(USBSetup&)
 .text._ZN14USBDeviceClass6initEPEmm
                0x00006c74       0xe4 C:\Users\TeroToivola\AppData\Local\Temp\VMicroBuilds\ntpmkr1000\mkr1000/core.a(USBCore.cpp.o)
                0x00006c74                USBDeviceClass::initEP(unsigned long, unsigned long)
 .text._ZN14USBDeviceClass13initEndpointsEv
                0x00006d58       0x24 C:\Users\TeroToivola\AppData\Local\Temp\VMicroBuilds\ntpmkr1000\mkr1000/core.a(USBCore.cpp.o)
                0x00006d58                USBDeviceClass::initEndpoints()
 .text._ZN14USBDeviceClass5flushEm
                0x00006d7c       0x2c C:\Users\TeroToivola\AppData\Local\Temp\VMicroBuilds\ntpmkr1000\mkr1000/core.a(USBCore.cpp.o)
                0x00006d7c                USBDeviceClass::flush(unsigned long)
 .text._ZN14USBDeviceClass9availableEm
                0x00006da8       0x14 C:\Users\TeroToivola\AppData\Local\Temp\VMicroBuilds\ntpmkr1000\mkr1000/core.a(USBCore.cpp.o)
                0x00006da8                USBDeviceClass::available(unsigned long)
 .text._ZN14USBDeviceClass14armRecvCtrlOUTEm
                0x00006dbc       0x60 C:\Users\TeroToivola\AppData\Local\Temp\VMicroBuilds\ntpmkr1000\mkr1000/core.a(USBCore.cpp.o)
                0x00006dbc                USBDeviceClass::armRecvCtrlOUT(unsigned long)
 .text._ZN14USBDeviceClass11recvControlEPvm
                0x00006e1c       0x3c C:\Users\TeroToivola\AppData\Local\Temp\VMicroBuilds\ntpmkr1000\mkr1000/core.a(USBCore.cpp.o)
                0x00006e1c                USBDeviceClass::recvControl(void*, unsigned long)
 .text._ZN14USBDeviceClass7armRecvEm
                0x00006e58       0x3c C:\Users\TeroToivola\AppData\Local\Temp\VMicroBuilds\ntpmkr1000\mkr1000/core.a(USBCore.cpp.o)
                0x00006e58                USBDeviceClass::armRecv(unsigned long)
 .text._ZN14USBDeviceClass4recvEmPvm
                0x00006e94       0x90 C:\Users\TeroToivola\AppData\Local\Temp\VMicroBuilds\ntpmkr1000\mkr1000/core.a(USBCore.cpp.o)
                0x00006e94                USBDeviceClass::recv(unsigned long, void*, unsigned long)
 .text._ZN14USBDeviceClass4sendEmPKvm
                0x00006f24       0xa0 C:\Users\TeroToivola\AppData\Local\Temp\VMicroBuilds\ntpmkr1000\mkr1000/core.a(USBCore.cpp.o)
                0x00006f24                USBDeviceClass::send(unsigned long, void const*, unsigned long)
 .text._ZN14USBDeviceClass7armSendEmPKvm
                0x00006fc4       0x48 C:\Users\TeroToivola\AppData\Local\Temp\VMicroBuilds\ntpmkr1000\mkr1000/core.a(USBCore.cpp.o)
                0x00006fc4                USBDeviceClass::armSend(unsigned long, void const*, unsigned long)
 .text._ZN14USBDeviceClass11sendControlEPKvm
                0x0000700c       0x58 C:\Users\TeroToivola\AppData\Local\Temp\VMicroBuilds\ntpmkr1000\mkr1000/core.a(USBCore.cpp.o)
                0x0000700c                USBDeviceClass::sendControl(void const*, unsigned long)
 .text._ZN14USBDeviceClass20sendStringDescriptorEPKhh
                0x00007064       0x68 C:\Users\TeroToivola\AppData\Local\Temp\VMicroBuilds\ntpmkr1000\mkr1000/core.a(USBCore.cpp.o)
                0x00007064                USBDeviceClass::sendStringDescriptor(unsigned char const*, unsigned char)
 .text._ZN14USBDeviceClass12packMessagesEb.part.3
                0x000070cc       0x20 C:\Users\TeroToivola\AppData\Local\Temp\VMicroBuilds\ntpmkr1000\mkr1000/core.a(USBCore.cpp.o)
 .text._ZN14USBDeviceClass17sendConfigurationEm
                0x000070ec       0x90 C:\Users\TeroToivola\AppData\Local\Temp\VMicroBuilds\ntpmkr1000\mkr1000/core.a(USBCore.cpp.o)
                0x000070ec                USBDeviceClass::sendConfiguration(unsigned long)
 .text._ZN14USBDeviceClass14sendDescriptorER8USBSetup
                0x0000717c       0xb4 C:\Users\TeroToivola\AppData\Local\Temp\VMicroBuilds\ntpmkr1000\mkr1000/core.a(USBCore.cpp.o)
                0x0000717c                USBDeviceClass::sendDescriptor(USBSetup&)
 .text._ZN14USBDeviceClass19handleStandardSetupER8USBSetup
                0x00007230      0x11c C:\Users\TeroToivola\AppData\Local\Temp\VMicroBuilds\ntpmkr1000\mkr1000/core.a(USBCore.cpp.o)
                0x00007230                USBDeviceClass::handleStandardSetup(USBSetup&)
 .text.startup._GLOBAL__sub_I__ZN20USBDevice_SAMD21G18x5resetEv
                0x0000734c       0x10 C:\Users\TeroToivola\AppData\Local\Temp\VMicroBuilds\ntpmkr1000\mkr1000/core.a(USBCore.cpp.o)
 .text._ZN14USBDeviceClass14handleEndpointEh
                0x0000735c       0x5c C:\Users\TeroToivola\AppData\Local\Temp\VMicroBuilds\ntpmkr1000\mkr1000/core.a(USBCore.cpp.o)
                0x0000735c                USBDeviceClass::handleEndpoint(unsigned char)
 .text._ZN14USBDeviceClass10ISRHandlerEv
                0x000073b8       0xf8 C:\Users\TeroToivola\AppData\Local\Temp\VMicroBuilds\ntpmkr1000\mkr1000/core.a(USBCore.cpp.o)
                0x000073b8                USBDeviceClass::ISRHandler()
 .text.UDD_Handler
                0x000074b0       0x10 C:\Users\TeroToivola\AppData\Local\Temp\VMicroBuilds\ntpmkr1000\mkr1000/core.a(USBCore.cpp.o)
                0x000074b0                UDD_Handler
 .text.SERCOM5_Handler
                0x000074c0       0x10 C:\Users\TeroToivola\AppData\Local\Temp\VMicroBuilds\ntpmkr1000\mkr1000/core.a(variant.cpp.o)
                0x000074c0                SERCOM5_Handler
 .text.startup._GLOBAL__sub_I_g_APinDescription
                0x000074d0       0x80 C:\Users\TeroToivola\AppData\Local\Temp\VMicroBuilds\ntpmkr1000\mkr1000/core.a(variant.cpp.o)
 .text._ZN4UartcvbEv
                0x00007550        0x4 C:\Users\TeroToivola\AppData\Local\Temp\VMicroBuilds\ntpmkr1000\mkr1000/core.a(Uart.cpp.o)
                0x00007550                Uart::operator bool()
 .text._ZN4Uart5beginEm
                0x00007554        0xc C:\Users\TeroToivola\AppData\Local\Temp\VMicroBuilds\ntpmkr1000\mkr1000/core.a(Uart.cpp.o)
                0x00007554                Uart::begin(unsigned long)
 .text._ZN4Uart3endEv
                0x00007560       0x14 C:\Users\TeroToivola\AppData\Local\Temp\VMicroBuilds\ntpmkr1000\mkr1000/core.a(Uart.cpp.o)
                0x00007560                Uart::end()
 .text._ZN4Uart5flushEv
                0x00007574        0xa C:\Users\TeroToivola\AppData\Local\Temp\VMicroBuilds\ntpmkr1000\mkr1000/core.a(Uart.cpp.o)
                0x00007574                Uart::flush()
 .text._ZN4Uart9availableEv
                0x0000757e        0xa C:\Users\TeroToivola\AppData\Local\Temp\VMicroBuilds\ntpmkr1000\mkr1000/core.a(Uart.cpp.o)
                0x0000757e                Uart::available()
 .text._ZN4Uart4peekEv
                0x00007588        0xa C:\Users\TeroToivola\AppData\Local\Temp\VMicroBuilds\ntpmkr1000\mkr1000/core.a(Uart.cpp.o)
                0x00007588                Uart::peek()
 .text._ZN4Uart4readEv
                0x00007592        0xa C:\Users\TeroToivola\AppData\Local\Temp\VMicroBuilds\ntpmkr1000\mkr1000/core.a(Uart.cpp.o)
                0x00007592                Uart::read()
 .text._ZN4Uart5writeEh
                0x0000759c        0xc C:\Users\TeroToivola\AppData\Local\Temp\VMicroBuilds\ntpmkr1000\mkr1000/core.a(Uart.cpp.o)
                0x0000759c                Uart::write(unsigned char)
 .text._ZN4UartC2EP6SERCOMhh11SercomRXPad15SercomUartTXPad
                0x000075a8       0x48 C:\Users\TeroToivola\AppData\Local\Temp\VMicroBuilds\ntpmkr1000\mkr1000/core.a(Uart.cpp.o)
                0x000075a8                Uart::Uart(SERCOM*, unsigned char, unsigned char, SercomRXPad, SercomUartTXPad)
                0x000075a8                Uart::Uart(SERCOM*, unsigned char, unsigned char, SercomRXPad, SercomUartTXPad)
 .text._ZN4Uart10IrqHandlerEv
                0x000075f0       0x36 C:\Users\TeroToivola\AppData\Local\Temp\VMicroBuilds\ntpmkr1000\mkr1000/core.a(Uart.cpp.o)
                0x000075f0                Uart::IrqHandler()
 .text._ZN4Uart16extractNbStopBitEt
                0x00007626        0xe C:\Users\TeroToivola\AppData\Local\Temp\VMicroBuilds\ntpmkr1000\mkr1000/core.a(Uart.cpp.o)
                0x00007626                Uart::extractNbStopBit(unsigned short)
 .text._ZN4Uart15extractCharSizeEt
                0x00007634       0x2c C:\Users\TeroToivola\AppData\Local\Temp\VMicroBuilds\ntpmkr1000\mkr1000/core.a(Uart.cpp.o)
                0x00007634                Uart::extractCharSize(unsigned short)
 .text._ZN4Uart13extractParityEt
                0x00007660       0x18 C:\Users\TeroToivola\AppData\Local\Temp\VMicroBuilds\ntpmkr1000\mkr1000/core.a(Uart.cpp.o)
                0x00007660                Uart::extractParity(unsigned short)
 .text._ZN4Uart5beginEmt
                0x00007678       0x88 C:\Users\TeroToivola\AppData\Local\Temp\VMicroBuilds\ntpmkr1000\mkr1000/core.a(Uart.cpp.o)
                0x00007678                Uart::begin(unsigned long, unsigned short)
 .text._ZN13PluggableUSB_12getInterfaceEPh
                0x00007700       0x2a C:\Users\TeroToivola\AppData\Local\Temp\VMicroBuilds\ntpmkr1000\mkr1000/core.a(PluggableUSB.cpp.o)
                0x00007700                PluggableUSB_::getInterface(unsigned char*)
 .text._ZN13PluggableUSB_13getDescriptorER8USBSetup
                0x0000772a       0x20 C:\Users\TeroToivola\AppData\Local\Temp\VMicroBuilds\ntpmkr1000\mkr1000/core.a(PluggableUSB.cpp.o)
                0x0000772a                PluggableUSB_::getDescriptor(USBSetup&)
 .text._ZN13PluggableUSB_12getShortNameEPc
                0x0000774a       0x1e C:\Users\TeroToivola\AppData\Local\Temp\VMicroBuilds\ntpmkr1000\mkr1000/core.a(PluggableUSB.cpp.o)
                0x0000774a                PluggableUSB_::getShortName(char*)
 .text._ZN13PluggableUSB_5setupER8USBSetup
                0x00007768       0x24 C:\Users\TeroToivola\AppData\Local\Temp\VMicroBuilds\ntpmkr1000\mkr1000/core.a(PluggableUSB.cpp.o)
                0x00007768                PluggableUSB_::setup(USBSetup&)
 .text._Z12PluggableUSBv
                0x0000778c       0x24 C:\Users\TeroToivola\AppData\Local\Temp\VMicroBuilds\ntpmkr1000\mkr1000/core.a(PluggableUSB.cpp.o)
                0x0000778c                PluggableUSB()
 .text._ZN10RingBufferC2Ev
                0x000077b0       0x16 C:\Users\TeroToivola\AppData\Local\Temp\VMicroBuilds\ntpmkr1000\mkr1000/core.a(RingBuffer.cpp.o)
                0x000077b0                RingBuffer::RingBuffer()
                0x000077b0                RingBuffer::RingBuffer()
 .text._ZN10RingBuffer10store_charEh
                0x000077c6       0x16 C:\Users\TeroToivola\AppData\Local\Temp\VMicroBuilds\ntpmkr1000\mkr1000/core.a(RingBuffer.cpp.o)
                0x000077c6                RingBuffer::store_char(unsigned char)
 .text._ZN10RingBuffer5clearEv
                0x000077dc        0x8 C:\Users\TeroToivola\AppData\Local\Temp\VMicroBuilds\ntpmkr1000\mkr1000/core.a(RingBuffer.cpp.o)
                0x000077dc                RingBuffer::clear()
 .text._ZN10RingBuffer9read_charEv
                0x000077e4       0x1c C:\Users\TeroToivola\AppData\Local\Temp\VMicroBuilds\ntpmkr1000\mkr1000/core.a(RingBuffer.cpp.o)
                0x000077e4                RingBuffer::read_char()
 .text._ZN10RingBuffer9availableEv
                0x00007800        0xc C:\Users\TeroToivola\AppData\Local\Temp\VMicroBuilds\ntpmkr1000\mkr1000/core.a(RingBuffer.cpp.o)
                0x00007800                RingBuffer::available()
 .text._ZN10RingBuffer4peekEv
                0x0000780c       0x12 C:\Users\TeroToivola\AppData\Local\Temp\VMicroBuilds\ntpmkr1000\mkr1000/core.a(RingBuffer.cpp.o)
                0x0000780c                RingBuffer::peek()
 *fill*         0x0000781e        0x2 
 .text          0x00007820       0x14 c:/users/terotoivola/appdata/local/arduino15/packages/arduino/tools/arm-none-eabi-gcc/4.8.3-2014q1/bin/../lib/gcc/arm-none-eabi/4.8.3/armv6-m\libgcc.a(_thumb1_case_uqi.o)
                0x00007820                __gnu_thumb1_case_uqi
 .text          0x00007834       0x9c c:/users/terotoivola/appdata/local/arduino15/packages/arduino/tools/arm-none-eabi-gcc/4.8.3-2014q1/bin/../lib/gcc/arm-none-eabi/4.8.3/armv6-m\libgcc.a(_udivsi3.o)
                0x00007834                __aeabi_uidiv
                0x00007834                __udivsi3
                0x000078bc                __aeabi_uidivmod
 .text          0x000078d0       0xc0 c:/users/terotoivola/appdata/local/arduino15/packages/arduino/tools/arm-none-eabi-gcc/4.8.3-2014q1/bin/../lib/gcc/arm-none-eabi/4.8.3/armv6-m\libgcc.a(_divsi3.o)
                0x000078d0                __divsi3
                0x000078d0                __aeabi_idiv
                0x0000797c                __aeabi_idivmod
 .text          0x00007990        0x4 c:/users/terotoivola/appdata/local/arduino15/packages/arduino/tools/arm-none-eabi-gcc/4.8.3-2014q1/bin/../lib/gcc/arm-none-eabi/4.8.3/armv6-m\libgcc.a(_dvmd_tls.o)
                0x00007990                __aeabi_idiv0
                0x00007990                __aeabi_ldiv0
 .text.gmtime   0x00007994       0x24 c:/users/terotoivola/appdata/local/arduino15/packages/arduino/tools/arm-none-eabi-gcc/4.8.3-2014q1/bin/../lib/gcc/arm-none-eabi/4.8.3/../../../../arm-none-eabi/lib/armv6-m\libc_s.a(lib_a-gmtime.o)
                0x00007994                gmtime
 .text.gmtime_r
                0x000079b8        0xa c:/users/terotoivola/appdata/local/arduino15/packages/arduino/tools/arm-none-eabi-gcc/4.8.3-2014q1/bin/../lib/gcc/arm-none-eabi/4.8.3/../../../../arm-none-eabi/lib/armv6-m\libc_s.a(lib_a-gmtime_r.o)
                0x000079b8                gmtime_r
 *fill*         0x000079c2        0x2 
 .text.__libc_init_array
                0x000079c4       0x4c c:/users/terotoivola/appdata/local/arduino15/packages/arduino/tools/arm-none-eabi-gcc/4.8.3-2014q1/bin/../lib/gcc/arm-none-eabi/4.8.3/../../../../arm-none-eabi/lib/armv6-m\libc_s.a(lib_a-init.o)
                0x000079c4                __libc_init_array
 .text.malloc   0x00007a10       0x14 c:/users/terotoivola/appdata/local/arduino15/packages/arduino/tools/arm-none-eabi-gcc/4.8.3-2014q1/bin/../lib/gcc/arm-none-eabi/4.8.3/../../../../arm-none-eabi/lib/armv6-m\libc_s.a(lib_a-malloc.o)
                0x00007a10                malloc
 .text.memcpy   0x00007a24       0x12 c:/users/terotoivola/appdata/local/arduino15/packages/arduino/tools/arm-none-eabi-gcc/4.8.3-2014q1/bin/../lib/gcc/arm-none-eabi/4.8.3/../../../../arm-none-eabi/lib/armv6-m\libc_s.a(lib_a-memcpy-stub.o)
                0x00007a24                memcpy
 .text.memset   0x00007a36       0x10 c:/users/terotoivola/appdata/local/arduino15/packages/arduino/tools/arm-none-eabi-gcc/4.8.3-2014q1/bin/../lib/gcc/arm-none-eabi/4.8.3/../../../../arm-none-eabi/lib/armv6-m\libc_s.a(lib_a-memset.o)
                0x00007a36                memset
 *fill*         0x00007a46        0x2 
 .text.__tzcalc_limits
                0x00007a48      0x168 c:/users/terotoivola/appdata/local/arduino15/packages/arduino/tools/arm-none-eabi-gcc/4.8.3-2014q1/bin/../lib/gcc/arm-none-eabi/4.8.3/../../../../arm-none-eabi/lib/armv6-m\libc_s.a(lib_a-mktm_r.o)
                0x00007a48                __tzcalc_limits
 .text._mktm_r  0x00007bb0      0x2b8 c:/users/terotoivola/appdata/local/arduino15/packages/arduino/tools/arm-none-eabi-gcc/4.8.3-2014q1/bin/../lib/gcc/arm-none-eabi/4.8.3/../../../../arm-none-eabi/lib/armv6-m\libc_s.a(lib_a-mktm_r.o)
                0x00007bb0                _mktm_r
 .text._malloc_r
                0x00007e68       0xa8 c:/users/terotoivola/appdata/local/arduino15/packages/arduino/tools/arm-none-eabi-gcc/4.8.3-2014q1/bin/../lib/gcc/arm-none-eabi/4.8.3/../../../../arm-none-eabi/lib/armv6-m\libc_s.a(lib_a-nano-mallocr.o)
                0x00007e68                _malloc_r
 .text._sbrk_r  0x00007f10       0x24 c:/users/terotoivola/appdata/local/arduino15/packages/arduino/tools/arm-none-eabi-gcc/4.8.3-2014q1/bin/../lib/gcc/arm-none-eabi/4.8.3/../../../../arm-none-eabi/lib/armv6-m\libc_s.a(lib_a-sbrkr.o)
                0x00007f10                _sbrk_r
 .text.strlen   0x00007f34        0xe c:/users/terotoivola/appdata/local/arduino15/packages/arduino/tools/arm-none-eabi-gcc/4.8.3-2014q1/bin/../lib/gcc/arm-none-eabi/4.8.3/../../../../arm-none-eabi/lib/armv6-m\libc_s.a(lib_a-strlen.o)
                0x00007f34                strlen
 .text.__tz_lock
                0x00007f42        0x2 c:/users/terotoivola/appdata/local/arduino15/packages/arduino/tools/arm-none-eabi-gcc/4.8.3-2014q1/bin/../lib/gcc/arm-none-eabi/4.8.3/../../../../arm-none-eabi/lib/armv6-m\libc_s.a(lib_a-tzlock.o)
                0x00007f42                __tz_lock
 .text.__tz_unlock
                0x00007f44        0x2 c:/users/terotoivola/appdata/local/arduino15/packages/arduino/tools/arm-none-eabi-gcc/4.8.3-2014q1/bin/../lib/gcc/arm-none-eabi/4.8.3/../../../../arm-none-eabi/lib/armv6-m\libc_s.a(lib_a-tzlock.o)
                0x00007f44                __tz_unlock
 *fill*         0x00007f46        0x2 
 .text.__gettzinfo
                0x00007f48        0x8 c:/users/terotoivola/appdata/local/arduino15/packages/arduino/tools/arm-none-eabi-gcc/4.8.3-2014q1/bin/../lib/gcc/arm-none-eabi/4.8.3/../../../../arm-none-eabi/lib/armv6-m\libc_s.a(lib_a-gettzinfo.o)
                0x00007f48                __gettzinfo
 .text._sbrk    0x00007f50       0x34 c:/users/terotoivola/appdata/local/arduino15/packages/arduino/tools/arm-none-eabi-gcc/4.8.3-2014q1/bin/../lib/gcc/arm-none-eabi/4.8.3/../../../../arm-none-eabi/lib/armv6-m\libnosys.a(sbrk.o)
                0x00007f50                _sbrk
 *(.init)
 .init          0x00007f84        0x4 c:/users/terotoivola/appdata/local/arduino15/packages/arduino/tools/arm-none-eabi-gcc/4.8.3-2014q1/bin/../lib/gcc/arm-none-eabi/4.8.3/armv6-m/crti.o
                0x00007f84                _init
 .init          0x00007f88        0x8 c:/users/terotoivola/appdata/local/arduino15/packages/arduino/tools/arm-none-eabi-gcc/4.8.3-2014q1/bin/../lib/gcc/arm-none-eabi/4.8.3/armv6-m/crtn.o
 *(.fini)
 .fini          0x00007f90        0x4 c:/users/terotoivola/appdata/local/arduino15/packages/arduino/tools/arm-none-eabi-gcc/4.8.3-2014q1/bin/../lib/gcc/arm-none-eabi/4.8.3/armv6-m/crti.o
                0x00007f90                _fini
 .fini          0x00007f94        0x8 c:/users/terotoivola/appdata/local/arduino15/packages/arduino/tools/arm-none-eabi-gcc/4.8.3-2014q1/bin/../lib/gcc/arm-none-eabi/4.8.3/armv6-m/crtn.o
 *crtbegin.o(.ctors)
 *crtbegin?.o(.ctors)
 *(EXCLUDE_FILE(*crtend.o *crtend?.o) .ctors)
 *(SORT(.ctors.*))
 *(.ctors)
 *crtbegin.o(.dtors)
 *crtbegin?.o(.dtors)
 *(EXCLUDE_FILE(*crtend.o *crtend?.o) .dtors)
 *(SORT(.dtors.*))
 *(.dtors)
 *(.rodata*)
 .rodata.str1.1
                0x00007f9c      0x196 C:\Users\TeroToivola\AppData\Local\Temp\VMicroBuilds\ntpmkr1000\mkr1000\ntpmkr1000.cpp.o
                                0x1a1 (size before relaxing)
 *fill*         0x00008132        0x6 
 .rodata._ZTV10WiFiClient
                0x00008138       0x40 C:\Users\TeroToivola\AppData\Local\Temp\VMicroBuilds\ntpmkr1000\mkr1000\WiFi101\WiFiClient.cpp.o
                0x00008138                vtable for WiFiClient
 .rodata._ZTV10WiFiServer
                0x00008178       0x18 C:\Users\TeroToivola\AppData\Local\Temp\VMicroBuilds\ntpmkr1000\mkr1000\WiFi101\WiFiServer.cpp.o
                0x00008178                vtable for WiFiServer
 .rodata._ZTV7WiFiUDP
                0x00008190       0x50 C:\Users\TeroToivola\AppData\Local\Temp\VMicroBuilds\ntpmkr1000\mkr1000\WiFi101\WiFiUdp.cpp.o
                0x00008190                vtable for WiFiUDP
 .rodata.crc7_syndrome_table
                0x000081e0      0x100 C:\Users\TeroToivola\AppData\Local\Temp\VMicroBuilds\ntpmkr1000\mkr1000\WiFi101\driver\source\nmspi.c.o
 .rodata._ZTV9IPAddress
                0x000082e0       0x10 C:\Users\TeroToivola\AppData\Local\Temp\VMicroBuilds\ntpmkr1000\mkr1000/core.a(IPAddress.cpp.o)
                0x000082e0                vtable for IPAddress
 .rodata.str1.1
                0x000082f0       0x11 C:\Users\TeroToivola\AppData\Local\Temp\VMicroBuilds\ntpmkr1000\mkr1000/core.a(Print.cpp.o)
 *fill*         0x00008301        0x7 
 .rodata._ZTV7Serial_
                0x00008308       0x28 C:\Users\TeroToivola\AppData\Local\Temp\VMicroBuilds\ntpmkr1000\mkr1000/core.a(CDC.cpp.o)
                0x00008308                vtable for Serial_
 .rodata._ZL15STRING_LANGUAGE
                0x00008330        0x4 C:\Users\TeroToivola\AppData\Local\Temp\VMicroBuilds\ntpmkr1000\mkr1000/core.a(USBCore.cpp.o)
 .rodata._ZL19STRING_MANUFACTURER
                0x00008334        0xc C:\Users\TeroToivola\AppData\Local\Temp\VMicroBuilds\ntpmkr1000\mkr1000/core.a(USBCore.cpp.o)
 .rodata._ZL21USB_DeviceDescriptorB
                0x00008340       0x12 C:\Users\TeroToivola\AppData\Local\Temp\VMicroBuilds\ntpmkr1000\mkr1000/core.a(USBCore.cpp.o)
 .rodata._ZL14STRING_PRODUCT
                0x00008352       0x10 C:\Users\TeroToivola\AppData\Local\Temp\VMicroBuilds\ntpmkr1000\mkr1000/core.a(USBCore.cpp.o)
 *fill*         0x00008362        0x2 
 .rodata.g_APinDescription
                0x00008364      0x360 C:\Users\TeroToivola\AppData\Local\Temp\VMicroBuilds\ntpmkr1000\mkr1000/core.a(variant.cpp.o)
                0x00008364                g_APinDescription
 *fill*         0x000086c4        0x4 
 .rodata._ZTV4Uart
                0x000086c8       0x30 C:\Users\TeroToivola\AppData\Local\Temp\VMicroBuilds\ntpmkr1000\mkr1000/core.a(Uart.cpp.o)
                0x000086c8                vtable for Uart
 .rodata.str1.1
                0x000086f8        0x2 c:/users/terotoivola/appdata/local/arduino15/packages/arduino/tools/arm-none-eabi-gcc/4.8.3-2014q1/bin/../lib/gcc/arm-none-eabi/4.8.3/../../../../arm-none-eabi/lib/armv6-m\libc_s.a(lib_a-impure.o)
 *fill*         0x000086fa        0x2 
 .rodata.mon_lengths
                0x000086fc       0x60 c:/users/terotoivola/appdata/local/arduino15/packages/arduino/tools/arm-none-eabi-gcc/4.8.3-2014q1/bin/../lib/gcc/arm-none-eabi/4.8.3/../../../../arm-none-eabi/lib/armv6-m\libc_s.a(lib_a-mktm_r.o)
 .rodata.year_lengths
                0x0000875c        0x8 c:/users/terotoivola/appdata/local/arduino15/packages/arduino/tools/arm-none-eabi-gcc/4.8.3-2014q1/bin/../lib/gcc/arm-none-eabi/4.8.3/../../../../arm-none-eabi/lib/armv6-m\libc_s.a(lib_a-mktm_r.o)
 .rodata.__sf_fake_stdin
                0x00008764       0x20 c:/users/terotoivola/appdata/local/arduino15/packages/arduino/tools/arm-none-eabi-gcc/4.8.3-2014q1/bin/../lib/gcc/arm-none-eabi/4.8.3/../../../../arm-none-eabi/lib/armv6-m\libc_s.a(lib_a-findfp.o)
                0x00008764                __sf_fake_stdin
 .rodata.__sf_fake_stdout
                0x00008784       0x20 c:/users/terotoivola/appdata/local/arduino15/packages/arduino/tools/arm-none-eabi-gcc/4.8.3-2014q1/bin/../lib/gcc/arm-none-eabi/4.8.3/../../../../arm-none-eabi/lib/armv6-m\libc_s.a(lib_a-findfp.o)
                0x00008784                __sf_fake_stdout
 .rodata.__sf_fake_stderr
                0x000087a4       0x20 c:/users/terotoivola/appdata/local/arduino15/packages/arduino/tools/arm-none-eabi-gcc/4.8.3-2014q1/bin/../lib/gcc/arm-none-eabi/4.8.3/../../../../arm-none-eabi/lib/armv6-m\libc_s.a(lib_a-findfp.o)
                0x000087a4                __sf_fake_stderr
 *(.eh_frame*)
 .eh_frame      0x000087c4        0x0 c:/users/terotoivola/appdata/local/arduino15/packages/arduino/tools/arm-none-eabi-gcc/4.8.3-2014q1/bin/../lib/gcc/arm-none-eabi/4.8.3/armv6-m/crtbegin.o
 .eh_frame      0x000087c4        0x4 c:/users/terotoivola/appdata/local/arduino15/packages/arduino/tools/arm-none-eabi-gcc/4.8.3-2014q1/bin/../lib/gcc/arm-none-eabi/4.8.3/armv6-m/crtend.o

.glue_7         0x000087c8        0x0
 .glue_7        0x00000000        0x0 linker stubs

.glue_7t        0x000087c8        0x0
 .glue_7t       0x00000000        0x0 linker stubs

.vfp11_veneer   0x000087c8        0x0
 .vfp11_veneer  0x00000000        0x0 linker stubs

.v4_bx          0x000087c8        0x0
 .v4_bx         0x00000000        0x0 linker stubs

.iplt           0x000087c8        0x0
 .iplt          0x00000000        0x0 c:/users/terotoivola/appdata/local/arduino15/packages/arduino/tools/arm-none-eabi-gcc/4.8.3-2014q1/bin/../lib/gcc/arm-none-eabi/4.8.3/armv6-m/crtbegin.o

.rel.dyn        0x000087c8        0x0
 .rel.iplt      0x00000000        0x0 c:/users/terotoivola/appdata/local/arduino15/packages/arduino/tools/arm-none-eabi-gcc/4.8.3-2014q1/bin/../lib/gcc/arm-none-eabi/4.8.3/armv6-m/crtbegin.o

.ARM.extab
 *(.ARM.extab* .gnu.linkonce.armextab.*)
                0x000087c8                __exidx_start = .

.ARM.exidx
 *(.ARM.exidx* .gnu.linkonce.armexidx.*)
                0x000087c8                __exidx_end = .
                0x000087c8                __etext = .

.data           0x20000000      0x188 load address 0x000087c8
                0x20000000                __data_start__ = .
 *(vtable)
 *(.data*)
 .data.pass     0x20000000       0x10 C:\Users\TeroToivola\AppData\Local\Temp\VMicroBuilds\ntpmkr1000\mkr1000\ntpmkr1000.cpp.o
                0x20000000                pass
 .data.localPort
                0x20000010        0x4 C:\Users\TeroToivola\AppData\Local\Temp\VMicroBuilds\ntpmkr1000\mkr1000\ntpmkr1000.cpp.o
                0x20000010                localPort
 .data.change   0x20000014        0x1 C:\Users\TeroToivola\AppData\Local\Temp\VMicroBuilds\ntpmkr1000\mkr1000\ntpmkr1000.cpp.o
                0x20000014                change
 .data.ssid     0x20000015        0x9 C:\Users\TeroToivola\AppData\Local\Temp\VMicroBuilds\ntpmkr1000\mkr1000\ntpmkr1000.cpp.o
                0x20000015                ssid
 .data.egstrNmBusCapabilities
                0x2000001e        0x2 C:\Users\TeroToivola\AppData\Local\Temp\VMicroBuilds\ntpmkr1000\mkr1000\WiFi101\bus_wrapper\source\nm_bus_wrapper_samd21.cpp.o
                0x2000001e                egstrNmBusCapabilities
 .data.clk_status_reg_adr
                0x20000020        0x4 C:\Users\TeroToivola\AppData\Local\Temp\VMicroBuilds\ntpmkr1000\mkr1000\WiFi101\driver\source\nmasic.c.o
 .data.SystemCoreClock
                0x20000024        0x4 C:\Users\TeroToivola\AppData\Local\Temp\VMicroBuilds\ntpmkr1000\mkr1000/core.a(wiring.c.o)
                0x20000024                SystemCoreClock
 .data._ZL5ticks
                0x20000028        0x4 C:\Users\TeroToivola\AppData\Local\Temp\VMicroBuilds\ntpmkr1000\mkr1000/core.a(Reset.cpp.o)
 .data._ZL10breakValue
                0x2000002c        0x4 C:\Users\TeroToivola\AppData\Local\Temp\VMicroBuilds\ntpmkr1000\mkr1000/core.a(CDC.cpp.o)
 .data._ZL13_cdcInterface
                0x20000030       0x42 C:\Users\TeroToivola\AppData\Local\Temp\VMicroBuilds\ntpmkr1000\mkr1000/core.a(CDC.cpp.o)
 *fill*         0x20000072        0x2 
 .data._ZL12_usbLineInfo
                0x20000074        0x8 C:\Users\TeroToivola\AppData\Local\Temp\VMicroBuilds\ntpmkr1000\mkr1000/core.a(CDC.cpp.o)
 .data.EndPoints
                0x2000007c       0x28 C:\Users\TeroToivola\AppData\Local\Temp\VMicroBuilds\ntpmkr1000\mkr1000/core.a(USBCore.cpp.o)
                0x2000007c                EndPoints
 .data.impure_data