Archive member included because of file (symbol)

C:\Users\TeroToivola\AppData\Local\Temp\VMicroBuilds\ntpmkr1000\mkr1000/core.a(cortex_handlers.c.o)
                              (Reset_Handler)
C:\Users\TeroToivola\AppData\Local\Temp\VMicroBuilds\ntpmkr1000\mkr1000/core.a(delay.c.o)
                              C:\Users\TeroToivola\AppData\Local\Temp\VMicroBuilds\ntpmkr1000\mkr1000\WiFi101\WiFi.cpp.o (millis)
C:\Users\TeroToivola\AppData\Local\Temp\VMicroBuilds\ntpmkr1000\mkr1000/core.a(hooks.c.o)
                              C:\Users\TeroToivola\AppData\Local\Temp\VMicroBuilds\ntpmkr1000\mkr1000/core.a(delay.c.o) (yield)
C:\Users\TeroToivola\AppData\Local\Temp\VMicroBuilds\ntpmkr1000\mkr1000/core.a(startup.c.o)
                              C:\Users\TeroToivola\AppData\Local\Temp\VMicroBuilds\ntpmkr1000\mkr1000/core.a(cortex_handlers.c.o) (SystemInit)
C:\Users\TeroToivola\AppData\Local\Temp\VMicroBuilds\ntpmkr1000\mkr1000/core.a(WInterrupts.c.o)
                              C:\Users\TeroToivola\AppData\Local\Temp\VMicroBuilds\ntpmkr1000\mkr1000\WiFi101\bsp\source\nm_bsp_arduino.c.o (attachInterrupt)
C:\Users\TeroToivola\AppData\Local\Temp\VMicroBuilds\ntpmkr1000\mkr1000/core.a(wiring.c.o)
                              C:\Users\TeroToivola\AppData\Local\Temp\VMicroBuilds\ntpmkr1000\mkr1000/core.a(startup.c.o) (SystemCoreClock)
C:\Users\TeroToivola\AppData\Local\Temp\VMicroBuilds\ntpmkr1000\mkr1000/core.a(wiring_analog.c.o)
                              C:\Users\TeroToivola\AppData\Local\Temp\VMicroBuilds\ntpmkr1000\mkr1000/core.a(wiring.c.o) (analogReference)
C:\Users\TeroToivola\AppData\Local\Temp\VMicroBuilds\ntpmkr1000\mkr1000/core.a(wiring_digital.c.o)
                              C:\Users\TeroToivola\AppData\Local\Temp\VMicroBuilds\ntpmkr1000\mkr1000\ntpmkr1000.cpp.o (pinMode)
C:\Users\TeroToivola\AppData\Local\Temp\VMicroBuilds\ntpmkr1000\mkr1000/core.a(wiring_private.c.o)
                              C:\Users\TeroToivola\AppData\Local\Temp\VMicroBuilds\ntpmkr1000\mkr1000\SPI\SPI.cpp.o (pinPeripheral)
C:\Users\TeroToivola\AppData\Local\Temp\VMicroBuilds\ntpmkr1000\mkr1000/core.a(abi.cpp.o)
                              C:\Users\TeroToivola\AppData\Local\Temp\VMicroBuilds\ntpmkr1000\mkr1000\WiFi101\WiFiClient.cpp.o (__cxa_pure_virtual)
C:\Users\TeroToivola\AppData\Local\Temp\VMicroBuilds\ntpmkr1000\mkr1000/core.a(IPAddress.cpp.o)
                              C:\Users\TeroToivola\AppData\Local\Temp\VMicroBuilds\ntpmkr1000\mkr1000\WiFi101\WiFiClient.cpp.o (IPAddress::IPAddress())
C:\Users\TeroToivola\AppData\Local\Temp\VMicroBuilds\ntpmkr1000\mkr1000/core.a(main.cpp.o)
                              c:/users/terotoivola/appdata/local/arduino15/packages/arduino/tools/arm-none-eabi-gcc/4.8.3-2014q1/bin/../lib/gcc/arm-none-eabi/4.8.3/../../../../arm-none-eabi/lib/armv6-m/crt0.o (main)
C:\Users\TeroToivola\AppData\Local\Temp\VMicroBuilds\ntpmkr1000\mkr1000/core.a(Print.cpp.o)
                              C:\Users\TeroToivola\AppData\Local\Temp\VMicroBuilds\ntpmkr1000\mkr1000\WiFi101\WiFiClient.cpp.o (Print::write(unsigned char const*, unsigned int))
C:\Users\TeroToivola\AppData\Local\Temp\VMicroBuilds\ntpmkr1000\mkr1000/core.a(Reset.cpp.o)
                              C:\Users\TeroToivola\AppData\Local\Temp\VMicroBuilds\ntpmkr1000\mkr1000/core.a(delay.c.o) (tickReset)
C:\Users\TeroToivola\AppData\Local\Temp\VMicroBuilds\ntpmkr1000\mkr1000/core.a(SERCOM.cpp.o)
                              C:\Users\TeroToivola\AppData\Local\Temp\VMicroBuilds\ntpmkr1000\mkr1000\SPI\SPI.cpp.o (SERCOM::initSPIClock(SercomSpiClockMode, unsigned long))
C:\Users\TeroToivola\AppData\Local\Temp\VMicroBuilds\ntpmkr1000\mkr1000/core.a(WMath.cpp.o)
                              C:\Users\TeroToivola\AppData\Local\Temp\VMicroBuilds\ntpmkr1000\mkr1000\ntpmkr1000.cpp.o (makeWord(unsigned char, unsigned char))
C:\Users\TeroToivola\AppData\Local\Temp\VMicroBuilds\ntpmkr1000\mkr1000/core.a(WString.cpp.o)
                              C:\Users\TeroToivola\AppData\Local\Temp\VMicroBuilds\ntpmkr1000\mkr1000\WiFi101\WiFiMDNSResponder.cpp.o (String::~String())
C:\Users\TeroToivola\AppData\Local\Temp\VMicroBuilds\ntpmkr1000\mkr1000/core.a(CDC.cpp.o)
                              C:\Users\TeroToivola\AppData\Local\Temp\VMicroBuilds\ntpmkr1000\mkr1000\ntpmkr1000.cpp.o (Serial_::write(unsigned char))
C:\Users\TeroToivola\AppData\Local\Temp\VMicroBuilds\ntpmkr1000\mkr1000/core.a(USBCore.cpp.o)
                              C:\Users\TeroToivola\AppData\Local\Temp\VMicroBuilds\ntpmkr1000\mkr1000/core.a(main.cpp.o) (USBDeviceClass::init())
C:\Users\TeroToivola\AppData\Local\Temp\VMicroBuilds\ntpmkr1000\mkr1000/core.a(variant.cpp.o)
                              C:\Users\TeroToivola\AppData\Local\Temp\VMicroBuilds\ntpmkr1000\mkr1000\SPI\SPI.cpp.o (sercom2)
C:\Users\TeroToivola\AppData\Local\Temp\VMicroBuilds\ntpmkr1000\mkr1000/core.a(itoa.c.o)
[...]
Memory Configuration

Name             Origin             Length             Attributes
FLASH            0x00002000         0x0003e000         xr
RAM              0x20000000         0x00008000         xrw
*default*        0x00000000         0xffffffff

Linker script and memory map

LOAD c:/users/terotoivola/appdata/local/arduino15/packages/arduino/tools/arm-none-eabi-gcc/4.8.3-2014q1/bin/../lib/gcc/arm-none-eabi/4.8.3/armv6-m/crti.o
LOAD c:/users/terotoivola/appdata/local/arduino15/packages/arduino/tools/arm-none-eabi-gcc/4.8.3-2014q1/bin/../lib/gcc/arm-none-eabi/4.8.3/armv6-m/crtbegin.o
LOAD c:/users/terotoivola/appdata/local/arduino15/packages/arduino/tools/arm-none-eabi-gcc/4.8.3-2014q1/bin/../lib/gcc/arm-none-eabi/4.8.3/../../../../arm-none-eabi/lib/armv6-m/crt0.o
LOAD C:\Users\TeroToivola\AppData\Local\Temp\VMicroBuilds\ntpmkr1000\mkr1000\ntpmkr1000.cpp.o
LOAD C:\Users\TeroToivola\AppData\Local\Temp\VMicroBuilds\ntpmkr1000\mkr1000\WiFi101\WiFi.cpp.o
LOAD C:\Users\TeroToivola\AppData\Local\Temp\VMicroBuilds\ntpmkr1000\mkr1000\WiFi101\WiFiClient.cpp.o
LOAD C:\Users\TeroToivola\AppData\Local\Temp\VMicroBuilds\ntpmkr1000\mkr1000\WiFi101\WiFiMDNSResponder.cpp.o
LOAD C:\Users\TeroToivola\AppData\Local\Temp\VMicroBuilds\ntpmkr1000\mkr1000\WiFi101\WiFiServer.cpp.o
LOAD C:\Users\TeroToivola\AppData\Local\Temp\VMicroBuilds\ntpmkr1000\mkr1000\WiFi101\WiFiSSLClient.cpp.o
LOAD C:\Users\TeroToivola\AppData\Local\Temp\VMicroBuilds\ntpmkr1000\mkr1000\WiFi101\WiFiUdp.cpp.o
LOAD C:\Users\TeroToivola\AppData\Local\Temp\VMicroBuilds\ntpmkr1000\mkr1000\WiFi101\bsp\source\nm_bsp_arduino.c.o
LOAD C:\Users\TeroToivola\AppData\Local\Temp\VMicroBuilds\ntpmkr1000\mkr1000\WiFi101\bsp\source\nm_bsp_arduino_avr.c.o
LOAD C:\Users\TeroToivola\AppData\Local\Temp\VMicroBuilds\ntpmkr1000\mkr1000\WiFi101\bus_wrapper\source\nm_bus_wrapper_samd21.cpp.o
LOAD C:\Users\TeroToivola\AppData\Local\Temp\VMicroBuilds\ntpmkr1000\mkr1000\WiFi101\common\source\nm_common.c.o
LOAD C:\Users\TeroToivola\AppData\Local\Temp\VMicroBuilds\ntpmkr1000\mkr1000\WiFi101\driver\source\m2m_hif.c.o
LOAD C:\Users\TeroToivola\AppData\Local\Temp\VMicroBuilds\ntpmkr1000\mkr1000\WiFi101\driver\source\m2m_ota.c.o
LOAD C:\Users\TeroToivola\AppData\Local\Temp\VMicroBuilds\ntpmkr1000\mkr1000\WiFi101\driver\source\m2m_periph.c.o
LOAD C:\Users\TeroToivola\AppData\Local\Temp\VMicroBuilds\ntpmkr1000\mkr1000\WiFi101\driver\source\m2m_wifi.c.o
LOAD C:\Users\TeroToivola\AppData\Local\Temp\VMicroBuilds\ntpmkr1000\mkr1000\WiFi101\driver\source\nmasic.c.o
LOAD C:\Users\TeroToivola\AppData\Local\Temp\VMicroBuilds\ntpmkr1000\mkr1000\WiFi101\driver\source\nmbus.c.o
LOAD C:\Users\TeroToivola\AppData\Local\Temp\VMicroBuilds\ntpmkr1000\mkr1000\WiFi101\driver\source\nmdrv.c.o
LOAD C:\Users\TeroToivola\AppData\Local\Temp\VMicroBuilds\ntpmkr1000\mkr1000\WiFi101\driver\source\nmi2c.c.o
LOAD C:\Users\TeroToivola\AppData\Local\Temp\VMicroBuilds\ntpmkr1000\mkr1000\WiFi101\driver\source\nmspi.c.o
LOAD C:\Users\TeroToivola\AppData\Local\Temp\VMicroBuilds\ntpmkr1000\mkr1000\WiFi101\driver\source\nmuart.c.o
LOAD C:\Users\TeroToivola\AppData\Local\Temp\VMicroBuilds\ntpmkr1000\mkr1000\WiFi101\socket\source\socket.c.o
LOAD C:\Users\TeroToivola\AppData\Local\Temp\VMicroBuilds\ntpmkr1000\mkr1000\WiFi101\socket\source\socket_buffer.c.o
LOAD C:\Users\TeroToivola\AppData\Local\Temp\VMicroBuilds\ntpmkr1000\mkr1000\WiFi101\spi_flash\source\spi_flash.c.o
LOAD C:\Users\TeroToivola\AppData\Local\Temp\VMicroBuilds\ntpmkr1000\mkr1000\RTCZero\RTCZero.cpp.o
LOAD C:\Users\TeroToivola\AppData\Local\Temp\VMicroBuilds\ntpmkr1000\mkr1000\SPI\SPI.cpp.o
LOAD C:\Users\TeroToivola\AppData\Local\Temp\VMicroBuilds\ntpmkr1000\mkr1000\VM_DBG\VM_DBG.cpp.o
START GROUP
LOAD c:/users/terotoivola/appdata/local/arduino15/packages/arduino/tools/arm-none-eabi-gcc/4.8.3-2014q1/bin/../lib/gcc/arm-none-eabi/4.8.3/../../../../arm-none-eabi/lib/armv6-m\libm.a
LOAD C:\Users\TeroToivola\AppData\Local\Temp\VMicroBuilds\ntpmkr1000\mkr1000/core.a
END GROUP
START GROUP
LOAD c:/users/terotoivola/appdata/local/arduino15/packages/arduino/tools/arm-none-eabi-gcc/4.8.3-2014q1/bin/../lib/gcc/arm-none-eabi/4.8.3/armv6-m\libgcc.a
LOAD c:/users/terotoivola/appdata/local/arduino15/packages/arduino/tools/arm-none-eabi-gcc/4.8.3-2014q1/bin/../lib/gcc/arm-none-eabi/4.8.3/../../../../arm-none-eabi/lib/armv6-m\libc_s.a
END GROUP
START GROUP
LOAD c:/users/terotoivola/appdata/local/arduino15/packages/arduino/tools/arm-none-eabi-gcc/4.8.3-2014q1/bin/../lib/gcc/arm-none-eabi/4.8.3/armv6-m\libgcc.a
LOAD c:/users/terotoivola/appdata/local/arduino15/packages/arduino/tools/arm-none-eabi-gcc/4.8.3-2014q1/bin/../lib/gcc/arm-none-eabi/4.8.3/../../../../arm-none-eabi/lib/armv6-m\libc_s.a
LOAD c:/users/terotoivola/appdata/local/arduino15/packages/arduino/tools/arm-none-eabi-gcc/4.8.3-2014q1/bin/../lib/gcc/arm-none-eabi/4.8.3/../../../../arm-none-eabi/lib/armv6-m\libnosys.a
END GROUP
START GROUP
LOAD c:/users/terotoivola/appdata/local/arduino15/packages/arduino/tools/arm-none-eabi-gcc/4.8.3-2014q1/bin/../lib/gcc/arm-none-eabi/4.8.3/armv6-m\libgcc.a
LOAD c:/users/terotoivola/appdata/local/arduino15/packages/arduino/tools/arm-none-eabi-gcc/4.8.3-2014q1/bin/../lib/gcc/arm-none-eabi/4.8.3/../../../../arm-none-eabi/lib/armv6-m\libc_s.a
LOAD c:/users/terotoivola/appdata/local/arduino15/packages/arduino/tools/arm-none-eabi-gcc/4.8.3-2014q1/bin/../lib/gcc/arm-none-eabi/4.8.3/../../../../arm-none-eabi/lib/armv6-m\libnosys.a
END GROUP
LOAD c:/users/terotoivola/appdata/local/arduino15/packages/arduino/tools/arm-none-eabi-gcc/4.8.3-2014q1/bin/../lib/gcc/arm-none-eabi/4.8.3/armv6-m/crtend.o
LOAD c:/users/terotoivola/appdata/local/arduino15/packages/arduino/tools/arm-none-eabi-gcc/4.8.3-2014q1/bin/../lib/gcc/arm-none-eabi/4.8.3/armv6-m/crtn.o

.text           0x00002000     0x6b58
 *(.isr_vector)
 .isr_vector    0x00002000       0xb0 C:\Users\TeroToivola\AppData\Local\Temp\VMicroBuilds\ntpmkr1000\mkr1000/core.a(cortex_handlers.c.o)
                0x00002000                exception_table
 *(.text*)
 .text          0x000020b0       0x60 c:/users/terotoivola/appdata/local/arduino15/packages/arduino/tools/arm-none-eabi-gcc/4.8.3-2014q1/bin/../lib/gcc/arm-none-eabi/4.8.3/armv6-m/crtbegin.o
 .text._Z4moveb
                0x00002110       0x2e C:\Users\TeroToivola\AppData\Local\Temp\VMicroBuilds\ntpmkr1000\mkr1000\ntpmkr1000.cpp.o
                0x00002110                move(bool)
 *fill*         0x0000213e        0x2 
 .text._Z15printWifiStatusv
                0x00002140       0x78 C:\Users\TeroToivola\AppData\Local\Temp\VMicroBuilds\ntpmkr1000\mkr1000\ntpmkr1000.cpp.o
                0x00002140                printWifiStatus()
 .text.startup._GLOBAL__sub_I_change
                0x000021b8       0x40 C:\Users\TeroToivola\AppData\Local\Temp\VMicroBuilds\ntpmkr1000\mkr1000\ntpmkr1000.cpp.o
 .text._Z13sendNTPpacketR9IPAddress
                0x000021f8       0x60 C:\Users\TeroToivola\AppData\Local\Temp\VMicroBuilds\ntpmkr1000\mkr1000\ntpmkr1000.cpp.o
                0x000021f8                sendNTPpacket(IPAddress&)
 .text._Z22readLinuxEpochUsingNTPv
                0x00002258       0x90 C:\Users\TeroToivola\AppData\Local\Temp\VMicroBuilds\ntpmkr1000\mkr1000\ntpmkr1000.cpp.o
                0x00002258                readLinuxEpochUsingNTP()
 .text.setup    0x000022e8      0x168 C:\Users\TeroToivola\AppData\Local\Temp\VMicroBuilds\ntpmkr1000\mkr1000\ntpmkr1000.cpp.o
                0x000022e8                setup
 .text.loop     0x00002450      0x510 C:\Users\TeroToivola\AppData\Local\Temp\VMicroBuilds\ntpmkr1000\mkr1000\ntpmkr1000.cpp.o
                0x00002450                loop
 .text._ZL10resolve_cbPhm
                0x00002960        0xc C:\Users\TeroToivola\AppData\Local\Temp\VMicroBuilds\ntpmkr1000\mkr1000\WiFi101\WiFi.cpp.o
 .text._ZL7wifi_cbhPv
                0x0000296c      0x15c C:\Users\TeroToivola\AppData\Local\Temp\VMicroBuilds\ntpmkr1000\mkr1000\WiFi101\WiFi.cpp.o
 .text._ZN9WiFiClass4initEv
                0x00002ac8       0xc4 C:\Users\TeroToivola\AppData\Local\Temp\VMicroBuilds\ntpmkr1000\mkr1000\WiFi101\WiFi.cpp.o
                0x00002ac8                WiFiClass::init()
 .text._ZN9WiFiClass12startConnectEPKchPKv
                0x00002b8c       0xa0 C:\Users\TeroToivola\AppData\Local\Temp\VMicroBuilds\ntpmkr1000\mkr1000\WiFi101\WiFi.cpp.o
                0x00002b8c                WiFiClass::startConnect(char const*, unsigned char, void const*)
 .text._ZN9WiFiClass5beginEPKcS1_
                0x00002c2c        0xc C:\Users\TeroToivola\AppData\Local\Temp\VMicroBuilds\ntpmkr1000\mkr1000\WiFi101\WiFi.cpp.o
                0x00002c2c                WiFiClass::begin(char const*, char const*)
 .text._ZN9WiFiClass7localIPEv
                0x00002c38        0x4 C:\Users\TeroToivola\AppData\Local\Temp\VMicroBuilds\ntpmkr1000\mkr1000\WiFi101\WiFi.cpp.o
                0x00002c38                WiFiClass::localIP()
 .text._ZN9WiFiClass4SSIDEv
                0x00002c3c        0xe C:\Users\TeroToivola\AppData\Local\Temp\VMicroBuilds\ntpmkr1000\mkr1000\WiFi101\WiFi.cpp.o
                0x00002c3c                WiFiClass::SSID()
 *fill*         0x00002c4a        0x2 
 .text._ZN9WiFiClass4RSSIEv
                0x00002c4c       0x48 C:\Users\TeroToivola\AppData\Local\Temp\VMicroBuilds\ntpmkr1000\mkr1000\WiFi101\WiFi.cpp.o
                0x00002c4c                WiFiClass::RSSI()
 .text._ZN9WiFiClass6statusEv
                0x00002c94       0x18 C:\Users\TeroToivola\AppData\Local\Temp\VMicroBuilds\ntpmkr1000\mkr1000\WiFi101\WiFi.cpp.o
                0x00002c94                WiFiClass::status()
 .text._ZN9WiFiClass10hostByNameEPKcR9IPAddress
                0x00002cac       0x90 C:\Users\TeroToivola\AppData\Local\Temp\VMicroBuilds\ntpmkr1000\mkr1000\WiFi101\WiFi.cpp.o
                0x00002cac                WiFiClass::hostByName(char const*, IPAddress&)
 .text.startup._GLOBAL__sub_I__ZN9WiFiClassC2Ev
                0x00002d3c       0x28 C:\Users\TeroToivola\AppData\Local\Temp\VMicroBuilds\ntpmkr1000\mkr1000\WiFi101\WiFi.cpp.o
 .text._ZN10WiFiClient5writeEh
                0x00002d64       0x14 C:\Users\TeroToivola\AppData\Local\Temp\VMicroBuilds\ntpmkr1000\mkr1000\WiFi101\WiFiClient.cpp.o
                0x00002d64                WiFiClient::write(unsigned char)
 .text._ZN10WiFiClient4readEv
                0x00002d78       0x18 C:\Users\TeroToivola\AppData\Local\Temp\VMicroBuilds\ntpmkr1000\mkr1000\WiFi101\WiFiClient.cpp.o
                0x00002d78                WiFiClient::read()
 .text._ZN10WiFiClient4peekEv
                0x00002d90       0x1e C:\Users\TeroToivola\AppData\Local\Temp\VMicroBuilds\ntpmkr1000\mkr1000\WiFi101\WiFiClient.cpp.o
                0x00002d90                WiFiClient::peek()
 .text._ZN10WiFiClient5flushEv
                0x00002dae       0x1c C:\Users\TeroToivola\AppData\Local\Temp\VMicroBuilds\ntpmkr1000\mkr1000\WiFi101\WiFiClient.cpp.o
                0x00002dae                WiFiClient::flush()
 .text._ZN10WiFiClientcvbEv
                0x00002dca        0xe C:\Users\TeroToivola\AppData\Local\Temp\VMicroBuilds\ntpmkr1000\mkr1000\WiFi101\WiFiClient.cpp.o
                0x00002dca                WiFiClient::operator bool()
 .text._ZN10WiFiClient9availableEv
                0x00002dd8       0x1e C:\Users\TeroToivola\AppData\Local\Temp\VMicroBuilds\ntpmkr1000\mkr1000\WiFi101\WiFiClient.cpp.o
                0x00002dd8                WiFiClient::available()
 .text._ZN10WiFiClient4readEPhj
                0x00002df6       0x6a C:\Users\TeroToivola\AppData\Local\Temp\VMicroBuilds\ntpmkr1000\mkr1000\WiFi101\WiFiClient.cpp.o
                0x00002df6                WiFiClient::read(unsigned char*, unsigned int)
 .text._ZN10WiFiClient9connectedEv
                0x00002e60       0x20 C:\Users\TeroToivola\AppData\Local\Temp\VMicroBuilds\ntpmkr1000\mkr1000\WiFi101\WiFiClient.cpp.o
                0x00002e60                WiFiClient::connected()
 .text._ZN10WiFiClient4stopEv
                0x00002e80       0x22 C:\Users\TeroToivola\AppData\Local\Temp\VMicroBuilds\ntpmkr1000\mkr1000\WiFi101\WiFiClient.cpp.o
                0x00002e80                WiFiClient::stop()
 .text._ZN10WiFiClient5writeEPKhj
                0x00002ea2       0x70 C:\Users\TeroToivola\AppData\Local\Temp\VMicroBuilds\ntpmkr1000\mkr1000\WiFi101\WiFiClient.cpp.o
                0x00002ea2                WiFiClient::write(unsigned char const*, unsigned int)
 *fill*         0x00002f12        0x2 
 .text._ZN10WiFiClientC2Ev
                0x00002f14       0x20 C:\Users\TeroToivola\AppData\Local\Temp\VMicroBuilds\ntpmkr1000\mkr1000\WiFi101\WiFiClient.cpp.o
                0x00002f14                WiFiClient::WiFiClient()
                0x00002f14                WiFiClient::WiFiClient()
 .text._ZN10WiFiClientC2Ehh
                0x00002f34       0x84 C:\Users\TeroToivola\AppData\Local\Temp\VMicroBuilds\ntpmkr1000\mkr1000\WiFi101\WiFiClient.cpp.o
                0x00002f34                WiFiClient::WiFiClient(unsigned char, unsigned char)
                0x00002f34                WiFiClient::WiFiClient(unsigned char, unsigned char)
 .text._ZN10WiFiClient8copyFromERKS_
                0x00002fb8       0x80 C:\Users\TeroToivola\AppData\Local\Temp\VMicroBuilds\ntpmkr1000\mkr1000\WiFi101\WiFiClient.cpp.o
                0x00002fb8                WiFiClient::copyFrom(WiFiClient const&)
 .text._ZN10WiFiClientC2ERKS_
                0x00003038       0x20 C:\Users\TeroToivola\AppData\Local\Temp\VMicroBuilds\ntpmkr1000\mkr1000\WiFi101\WiFiClient.cpp.o
                0x00003038                WiFiClient::WiFiClient(WiFiClient const&)
                0x00003038                WiFiClient::WiFiClient(WiFiClient const&)
 .text._ZN10WiFiClientaSERKS_
                0x00003058        0xc C:\Users\TeroToivola\AppData\Local\Temp\VMicroBuilds\ntpmkr1000\mkr1000\WiFi101\WiFiClient.cpp.o
                0x00003058                WiFiClient::operator=(WiFiClient const&)
 .text._ZN10WiFiClient7connectE9IPAddressthPKh
                0x00003064       0xbc C:\Users\TeroToivola\AppData\Local\Temp\VMicroBuilds\ntpmkr1000\mkr1000\WiFi101\WiFiClient.cpp.o
                0x00003064                WiFiClient::connect(IPAddress, unsigned short, unsigned char, unsigned char const*)
 .text._ZN10WiFiClient7connectE9IPAddresst
                0x00003120       0x1c C:\Users\TeroToivola\AppData\Local\Temp\VMicroBuilds\ntpmkr1000\mkr1000\WiFi101\WiFiClient.cpp.o
                0x00003120                WiFiClient::connect(IPAddress, unsigned short)
 .text._ZN10WiFiClient7connectEPKcth
                0x0000313c       0x44 C:\Users\TeroToivola\AppData\Local\Temp\VMicroBuilds\ntpmkr1000\mkr1000\WiFi101\WiFiClient.cpp.o
                0x0000313c                WiFiClient::connect(char const*, unsigned short, unsigned char)
 .text._ZN10WiFiClient7connectEPKct
                0x00003180        0xa C:\Users\TeroToivola\AppData\Local\Temp\VMicroBuilds\ntpmkr1000\mkr1000\WiFi101\WiFiClient.cpp.o
                0x00003180                WiFiClient::connect(char const*, unsigned short)
 *fill*         0x0000318a        0x2 
 .text.startup._GLOBAL__sub_I__ZN10WiFiClientC2Ev
                0x0000318c       0x18 C:\Users\TeroToivola\AppData\Local\Temp\VMicroBuilds\ntpmkr1000\mkr1000\WiFi101\WiFiClient.cpp.o
 .text.startup._GLOBAL__sub_I__ZN17WiFiMDNSResponderC2Ev
                0x000031a4       0x18 C:\Users\TeroToivola\AppData\Local\Temp\VMicroBuilds\ntpmkr1000\mkr1000\WiFi101\WiFiMDNSResponder.cpp.o
 .text._ZN10WiFiServer5writeEh
                0x000031bc       0x14 C:\Users\TeroToivola\AppData\Local\Temp\VMicroBuilds\ntpmkr1000\mkr1000\WiFi101\WiFiServer.cpp.o
                0x000031bc                WiFiServer::write(unsigned char)
 .text._ZN10WiFiServer5writeEPKhj
                0x000031d0       0x40 C:\Users\TeroToivola\AppData\Local\Temp\VMicroBuilds\ntpmkr1000\mkr1000\WiFi101\WiFiServer.cpp.o
                0x000031d0                WiFiServer::write(unsigned char const*, unsigned int)
 .text._ZN10WiFiServerC2Et
                0x00003210       0x14 C:\Users\TeroToivola\AppData\Local\Temp\VMicroBuilds\ntpmkr1000\mkr1000\WiFi101\WiFiServer.cpp.o
                0x00003210                WiFiServer::WiFiServer(unsigned short)
                0x00003210                WiFiServer::WiFiServer(unsigned short)
 .text._ZN10WiFiServer5beginEh
                0x00003224       0x94 C:\Users\TeroToivola\AppData\Local\Temp\VMicroBuilds\ntpmkr1000\mkr1000\WiFi101\WiFiServer.cpp.o
                0x00003224                WiFiServer::begin(unsigned char)
 .text._ZN10WiFiServer5beginEv
                0x000032b8        0xa C:\Users\TeroToivola\AppData\Local\Temp\VMicroBuilds\ntpmkr1000\mkr1000\WiFi101\WiFiServer.cpp.o
                0x000032b8                WiFiServer::begin()
 *fill*         0x000032c2        0x2 
 .text._ZN10WiFiServer9availableEPh
                0x000032c4       0x70 C:\Users\TeroToivola\AppData\Local\Temp\VMicroBuilds\ntpmkr1000\mkr1000\WiFi101\WiFiServer.cpp.o
                0x000032c4                WiFiServer::available(unsigned char*)
 .text.startup._GLOBAL__sub_I__ZN10WiFiServerC2Et
                0x00003334       0x18 C:\Users\TeroToivola\AppData\Local\Temp\VMicroBuilds\ntpmkr1000\mkr1000\WiFi101\WiFiServer.cpp.o
 .text.startup._GLOBAL__sub_I__ZN13WiFiSSLClientC2Ev
                0x0000334c       0x18 C:\Users\TeroToivola\AppData\Local\Temp\VMicroBuilds\ntpmkr1000\mkr1000\WiFi101\WiFiSSLClient.cpp.o
 .text._ZN7WiFiUDP4readEPcj
                0x00003364        0xa C:\Users\TeroToivola\AppData\Local\Temp\VMicroBuilds\ntpmkr1000\mkr1000\WiFi101\WiFiUdp.cpp.o
                0x00003364                WiFiUDP::read(char*, unsigned int)
 *fill*         0x0000336e        0x2 
 .text._ZN7WiFiUDP11beginPacketE9IPAddresst
                0x00003370       0x20 C:\Users\TeroToivola\AppData\Local\Temp\VMicroBuilds\ntpmkr1000\mkr1000\WiFi101\WiFiUdp.cpp.o
                0x00003370                WiFiUDP::beginPacket(IPAddress, unsigned short)
 .text._ZN7WiFiUDP5writeEh
                0x00003390       0x14 C:\Users\TeroToivola\AppData\Local\Temp\VMicroBuilds\ntpmkr1000\mkr1000\WiFi101\WiFiUdp.cpp.o
                0x00003390                WiFiUDP::write(unsigned char)
 .text._ZN7WiFiUDP4readEv
                0x000033a4       0x18 C:\Users\TeroToivola\AppData\Local\Temp\VMicroBuilds\ntpmkr1000\mkr1000\WiFi101\WiFiUdp.cpp.o
                0x000033a4                WiFiUDP::read()
 .text._ZN7WiFiUDP4peekEv
                0x000033bc       0x1e C:\Users\TeroToivola\AppData\Local\Temp\VMicroBuilds\ntpmkr1000\mkr1000\WiFi101\WiFiUdp.cpp.o
                0x000033bc                WiFiUDP::peek()
 .text._ZN7WiFiUDP5flushEv
                0x000033da       0x1c C:\Users\TeroToivola\AppData\Local\Temp\VMicroBuilds\ntpmkr1000\mkr1000\WiFi101\WiFiUdp.cpp.o
                0x000033da                WiFiUDP::flush()
 *fill*         0x000033f6        0x2 
 .text._ZN7WiFiUDP10remotePortEv
                0x000033f8        0xc C:\Users\TeroToivola\AppData\Local\Temp\VMicroBuilds\ntpmkr1000\mkr1000\WiFi101\WiFiUdp.cpp.o
                0x000033f8                WiFiUDP::remotePort()
 .text._ZN7WiFiUDP10beginMultiE9IPAddresst
                0x00003404       0x2c C:\Users\TeroToivola\AppData\Local\Temp\VMicroBuilds\ntpmkr1000\mkr1000\WiFi101\WiFiUdp.cpp.o
                0x00003404                WiFiUDP::beginMulti(IPAddress, unsigned short)
 .text._ZN7WiFiUDP5beginEt
                0x00003430       0xcc C:\Users\TeroToivola\AppData\Local\Temp\VMicroBuilds\ntpmkr1000\mkr1000\WiFi101\WiFiUdp.cpp.o
                0x00003430                WiFiUDP::begin(unsigned short)
 .text._ZN7WiFiUDP9availableEv
                0x000034fc       0x1e C:\Users\TeroToivola\AppData\Local\Temp\VMicroBuilds\ntpmkr1000\mkr1000\WiFi101\WiFiUdp.cpp.o
                0x000034fc                WiFiUDP::available()
 .text._ZN7WiFiUDP4stopEv
                0x0000351a       0x1e C:\Users\TeroToivola\AppData\Local\Temp\VMicroBuilds\ntpmkr1000\mkr1000\WiFi101\WiFiUdp.cpp.o
                0x0000351a                WiFiUDP::stop()
 .text._ZN7WiFiUDP11beginPacketEPKct
                0x00003538       0x40 C:\Users\TeroToivola\AppData\Local\Temp\VMicroBuilds\ntpmkr1000\mkr1000\WiFi101\WiFiUdp.cpp.o
                0x00003538                WiFiUDP::beginPacket(char const*, unsigned short)
 .text._ZN7WiFiUDP5writeEPKhj
                0x00003578       0x34 C:\Users\TeroToivola\AppData\Local\Temp\VMicroBuilds\ntpmkr1000\mkr1000\WiFi101\WiFiUdp.cpp.o
                0x00003578                WiFiUDP::write(unsigned char const*, unsigned int)
 .text._ZN7WiFiUDP4readEPhj
                0x000035ac       0x8c C:\Users\TeroToivola\AppData\Local\Temp\VMicroBuilds\ntpmkr1000\mkr1000\WiFi101\WiFiUdp.cpp.o
                0x000035ac                WiFiUDP::read(unsigned char*, unsigned int)
 .text._ZN7WiFiUDP8remoteIPEv
                0x00003638       0x14 C:\Users\TeroToivola\AppData\Local\Temp\VMicroBuilds\ntpmkr1000\mkr1000\WiFi101\WiFiUdp.cpp.o
                0x00003638                WiFiUDP::remoteIP()
 .text._ZN7WiFiUDP11parsePacketEv
                0x0000364c       0x7c C:\Users\TeroToivola\AppData\Local\Temp\VMicroBuilds\ntpmkr1000\mkr1000\WiFi101\WiFiUdp.cpp.o
                0x0000364c                WiFiUDP::parsePacket()
 .text._ZN7WiFiUDP9endPacketEv
                0x000036c8       0x80 C:\Users\TeroToivola\AppData\Local\Temp\VMicroBuilds\ntpmkr1000\mkr1000\WiFi101\WiFiUdp.cpp.o
                0x000036c8                WiFiUDP::endPacket()
 .text._ZN7WiFiUDPC2Ev
                0x00003748       0x40 C:\Users\TeroToivola\AppData\Local\Temp\VMicroBuilds\ntpmkr1000\mkr1000\WiFi101\WiFiUdp.cpp.o
                0x00003748                WiFiUDP::WiFiUDP()
                0x00003748                WiFiUDP::WiFiUDP()
 .text.startup._GLOBAL__sub_I__ZN7WiFiUDPC2Ev
                0x00003788       0x18 C:\Users\TeroToivola\AppData\Local\Temp\VMicroBuilds\ntpmkr1000\mkr1000\WiFi101\WiFiUdp.cpp.o
 .text.chip_isr
                0x000037a0       0x14 C:\Users\TeroToivola\AppData\Local\Temp\VMicroBuilds\ntpmkr1000\mkr1000\WiFi101\bsp\source\nm_bsp_arduino.c.o
 .text.attachInterruptMultiArch
                0x000037b4        0x8 C:\Users\TeroToivola\AppData\Local\Temp\VMicroBuilds\ntpmkr1000\mkr1000\WiFi101\bsp\source\nm_bsp_arduino.c.o
                0x000037b4                attachInterruptMultiArch
 .text.detachInterruptMultiArch
                0x000037bc        0x8 C:\Users\TeroToivola\AppData\Local\Temp\VMicroBuilds\ntpmkr1000\mkr1000\WiFi101\bsp\source\nm_bsp_arduino.c.o
                0x000037bc                detachInterruptMultiArch
 .text.nm_bsp_sleep
                0x000037c4       0x14 C:\Users\TeroToivola\AppData\Local\Temp\VMicroBuilds\ntpmkr1000\mkr1000\WiFi101\bsp\source\nm_bsp_arduino.c.o
                0x000037c4                nm_bsp_sleep
 .text.nm_bsp_reset
                0x000037d8       0x20 C:\Users\TeroToivola\AppData\Local\Temp\VMicroBuilds\ntpmkr1000\mkr1000\WiFi101\bsp\source\nm_bsp_arduino.c.o
                0x000037d8                nm_bsp_reset
 .text.nm_bsp_init
                0x000037f8       0x34 C:\Users\TeroToivola\AppData\Local\Temp\VMicroBuilds\ntpmkr1000\mkr1000\WiFi101\bsp\source\nm_bsp_arduino.c.o
                0x000037f8                nm_bsp_init
 .text.nm_bsp_register_isr
                0x0000382c       0x1c C:\Users\TeroToivola\AppData\Local\Temp\VMicroBuilds\ntpmkr1000\mkr1000\WiFi101\bsp\source\nm_bsp_arduino.c.o
                0x0000382c                nm_bsp_register_isr
 .text.nm_bsp_interrupt_ctrl
                0x00003848       0x20 C:\Users\TeroToivola\AppData\Local\Temp\VMicroBuilds\ntpmkr1000\mkr1000\WiFi101\bsp\source\nm_bsp_arduino.c.o
                0x00003848                nm_bsp_interrupt_ctrl
 .text.nm_bus_init
                0x00003868       0x2c C:\Users\TeroToivola\AppData\Local\Temp\VMicroBuilds\ntpmkr1000\mkr1000\WiFi101\bus_wrapper\source\nm_bus_wrapper_samd21.cpp.o
                0x00003868                nm_bus_init
 .text.nm_bus_ioctl
                0x00003894       0x8c C:\Users\TeroToivola\AppData\Local\Temp\VMicroBuilds\ntpmkr1000\mkr1000\WiFi101\bus_wrapper\source\nm_bus_wrapper_samd21.cpp.o
                0x00003894                nm_bus_ioctl
 .text.nm_bus_deinit
                0x00003920       0x10 C:\Users\TeroToivola\AppData\Local\Temp\VMicroBuilds\ntpmkr1000\mkr1000\WiFi101\bus_wrapper\source\nm_bus_wrapper_samd21.cpp.o
                0x00003920                nm_bus_deinit
 .text.startup._GLOBAL__sub_I_egstrNmBusCapabilities
                0x00003930       0x18 C:\Users\TeroToivola\AppData\Local\Temp\VMicroBuilds\ntpmkr1000\mkr1000\WiFi101\bus_wrapper\source\nm_bus_wrapper_samd21.cpp.o
 .text.m2m_memcpy
                0x00003948       0x12 C:\Users\TeroToivola\AppData\Local\Temp\VMicroBuilds\ntpmkr1000\mkr1000\WiFi101\common\source\nm_common.c.o
                0x00003948                m2m_memcpy
 .text.m2m_memset
                0x0000395a       0x10 C:\Users\TeroToivola\AppData\Local\Temp\VMicroBuilds\ntpmkr1000\mkr1000\WiFi101\common\source\nm_common.c.o
                0x0000395a                m2m_memset
 .text.m2m_strlen
                0x0000396a       0x14 C:\Users\TeroToivola\AppData\Local\Temp\VMicroBuilds\ntpmkr1000\mkr1000\WiFi101\common\source\nm_common.c.o
                0x0000396a                m2m_strlen
 *fill*         0x0000397e        0x2 
 .text.isr      0x00003980       0x10 C:\Users\TeroToivola\AppData\Local\Temp\VMicroBuilds\ntpmkr1000\mkr1000\WiFi101\driver\source\m2m_hif.c.o
 .text.m2m_hif_cb
                0x00003990        0x2 C:\Users\TeroToivola\AppData\Local\Temp\VMicroBuilds\ntpmkr1000\mkr1000\WiFi101\driver\source\m2m_hif.c.o
 *fill*         0x00003992        0x2 
 .text.hif_set_rx_done
                0x00003994       0x2c C:\Users\TeroToivola\AppData\Local\Temp\VMicroBuilds\ntpmkr1000\mkr1000\WiFi101\driver\source\m2m_hif.c.o
 .text.hif_chip_wake
                0x000039c0       0x4c C:\Users\TeroToivola\AppData\Local\Temp\VMicroBuilds\ntpmkr1000\mkr1000\WiFi101\driver\source\m2m_hif.c.o
                0x000039c0                hif_chip_wake
 .text.hif_chip_sleep
                0x00003a0c       0x6c C:\Users\TeroToivola\AppData\Local\Temp\VMicroBuilds\ntpmkr1000\mkr1000\WiFi101\driver\source\m2m_hif.c.o
                0x00003a0c                hif_chip_sleep
 .text.hif_init
                0x00003a78       0x48 C:\Users\TeroToivola\AppData\Local\Temp\VMicroBuilds\ntpmkr1000\mkr1000\WiFi101\driver\source\m2m_hif.c.o
                0x00003a78                hif_init
 .text.hif_send
                0x00003ac0      0x174 C:\Users\TeroToivola\AppData\Local\Temp\VMicroBuilds\ntpmkr1000\mkr1000\WiFi101\driver\source\m2m_hif.c.o
                0x00003ac0                hif_send
 .text.hif_handle_isr
                0x00003c34      0x150 C:\Users\TeroToivola\AppData\Local\Temp\VMicroBuilds\ntpmkr1000\mkr1000\WiFi101\driver\source\m2m_hif.c.o
                0x00003c34                hif_handle_isr
 .text.hif_receive
                0x00003d84       0x90 C:\Users\TeroToivola\AppData\Local\Temp\VMicroBuilds\ntpmkr1000\mkr1000\WiFi101\driver\source\m2m_hif.c.o
                0x00003d84                hif_receive
 .text.hif_register_cb
                0x00003e14       0x50 C:\Users\TeroToivola\AppData\Local\Temp\VMicroBuilds\ntpmkr1000\mkr1000\WiFi101\driver\source\m2m_hif.c.o
                0x00003e14                hif_register_cb
 .text.get_gpio_idx
                0x00003e64       0x3a C:\Users\TeroToivola\AppData\Local\Temp\VMicroBuilds\ntpmkr1000\mkr1000\WiFi101\driver\source\m2m_periph.c.o
 .text.m2m_periph_gpio_set_dir
                0x00003e9e       0x28 C:\Users\TeroToivola\AppData\Local\Temp\VMicroBuilds\ntpmkr1000\mkr1000\WiFi101\driver\source\m2m_periph.c.o
                0x00003e9e                m2m_periph_gpio_set_dir
 .text.m2m_periph_gpio_set_val
                0x00003ec6       0x28 C:\Users\TeroToivola\AppData\Local\Temp\VMicroBuilds\ntpmkr1000\mkr1000\WiFi101\driver\source\m2m_periph.c.o
                0x00003ec6                m2m_periph_gpio_set_val
 *fill*         0x00003eee        0x2 
 .text.m2m_wifi_cb
                0x00003ef0      0x15c C:\Users\TeroToivola\AppData\Local\Temp\VMicroBuilds\ntpmkr1000\mkr1000\WiFi101\driver\source\m2m_wifi.c.o
 .text.m2m_wifi_init
                0x0000404c       0x60 C:\Users\TeroToivola\AppData\Local\Temp\VMicroBuilds\ntpmkr1000\mkr1000\WiFi101\driver\source\m2m_wifi.c.o
                0x0000404c                m2m_wifi_init
 .text.m2m_wifi_handle_events
                0x000040ac       0x2c C:\Users\TeroToivola\AppData\Local\Temp\VMicroBuilds\ntpmkr1000\mkr1000\WiFi101\driver\source\m2m_wifi.c.o
                0x000040ac                m2m_wifi_handle_events
 .text.m2m_wifi_connect_sc
                0x000040d8      0x108 C:\Users\TeroToivola\AppData\Local\Temp\VMicroBuilds\ntpmkr1000\mkr1000\WiFi101\driver\source\m2m_wifi.c.o
                0x000040d8                m2m_wifi_connect_sc
 .text.m2m_wifi_connect
                0x000041e0       0x12 C:\Users\TeroToivola\AppData\Local\Temp\VMicroBuilds\ntpmkr1000\mkr1000\WiFi101\driver\source\m2m_wifi.c.o
                0x000041e0                m2m_wifi_connect
 .text.m2m_wifi_req_curr_rssi
                0x000041f2       0x18 C:\Users\TeroToivola\AppData\Local\Temp\VMicroBuilds\ntpmkr1000\mkr1000\WiFi101\driver\source\m2m_wifi.c.o
                0x000041f2                m2m_wifi_req_curr_rssi
 .text.chip_apply_conf
                0x0000420a       0x2e C:\Users\TeroToivola\AppData\Local\Temp\VMicroBuilds\ntpmkr1000\mkr1000\WiFi101\driver\source\nmasic.c.o
                0x0000420a                chip_apply_conf
 .text.nm_clkless_wake
                0x00004238       0xb4 C:\Users\TeroToivola\AppData\Local\Temp\VMicroBuilds\ntpmkr1000\mkr1000\WiFi101\driver\source\nmasic.c.o
                0x00004238                nm_clkless_wake
 .text.enable_interrupts
                0x000042ec       0x54 C:\Users\TeroToivola\AppData\Local\Temp\VMicroBuilds\ntpmkr1000\mkr1000\WiFi101\driver\source\nmasic.c.o
                0x000042ec                enable_interrupts
 .text.nmi_get_chipid
                0x00004340       0xac C:\Users\TeroToivola\AppData\Local\Temp\VMicroBuilds\ntpmkr1000\mkr1000\WiFi101\driver\source\nmasic.c.o
                0x00004340                nmi_get_chipid
 .text.wait_for_bootrom
                0x000043ec       0xc4 C:\Users\TeroToivola\AppData\Local\Temp\VMicroBuilds\ntpmkr1000\mkr1000\WiFi101\driver\source\nmasic.c.o
                0x000043ec                wait_for_bootrom
 .text.wait_for_firmware_start
                0x000044b0       0x60 C:\Users\TeroToivola\AppData\Local\Temp\VMicroBuilds\ntpmkr1000\mkr1000\WiFi101\driver\source\nmasic.c.o
                0x000044b0                wait_for_firmware_start
 .text.chip_deinit
                0x00004510       0x5c C:\Users\TeroToivola\AppData\Local\Temp\VMicroBuilds\ntpmkr1000\mkr1000\WiFi101\driver\source\nmasic.c.o
                0x00004510                chip_deinit
 .text.set_gpio_dir
                0x0000456c       0x34 C:\Users\TeroToivola\AppData\Local\Temp\VMicroBuilds\ntpmkr1000\mkr1000\WiFi101\driver\source\nmasic.c.o
                0x0000456c                set_gpio_dir
 .text.set_gpio_val
                0x000045a0       0x34 C:\Users\TeroToivola\AppData\Local\Temp\VMicroBuilds\ntpmkr1000\mkr1000\WiFi101\driver\source\nmasic.c.o
                0x000045a0                set_gpio_val
 .text.nm_bus_iface_init
                0x000045d4        0x8 C:\Users\TeroToivola\AppData\Local\Temp\VMicroBuilds\ntpmkr1000\mkr1000\WiFi101\driver\source\nmbus.c.o
                0x000045d4                nm_bus_iface_init
 .text.nm_bus_iface_deinit
                0x000045dc        0x8 C:\Users\TeroToivola\AppData\Local\Temp\VMicroBuilds\ntpmkr1000\mkr1000\WiFi101\driver\source\nmbus.c.o
                0x000045dc                nm_bus_iface_deinit
 .text.nm_read_reg
                0x000045e4        0x8 C:\Users\TeroToivola\AppData\Local\Temp\VMicroBuilds\ntpmkr1000\mkr1000\WiFi101\driver\source\nmbus.c.o
                0x000045e4                nm_read_reg
 .text.nm_read_reg_with_ret
                0x000045ec        0x8 C:\Users\TeroToivola\AppData\Local\Temp\VMicroBuilds\ntpmkr1000\mkr1000\WiFi101\driver\source\nmbus.c.o
                0x000045ec                nm_read_reg_with_ret
 .text.nm_write_reg
                0x000045f4        0x8 C:\Users\TeroToivola\AppData\Local\Temp\VMicroBuilds\ntpmkr1000\mkr1000\WiFi101\driver\source\nmbus.c.o
                0x000045f4                nm_write_reg
 .text.nm_read_block
                0x000045fc       0x40 C:\Users\TeroToivola\AppData\Local\Temp\VMicroBuilds\ntpmkr1000\mkr1000\WiFi101\driver\source\nmbus.c.o
                0x000045fc                nm_read_block
 .text.nm_write_block
                0x0000463c       0x40 C:\Users\TeroToivola\AppData\Local\Temp\VMicroBuilds\ntpmkr1000\mkr1000\WiFi101\driver\source\nmbus.c.o
                0x0000463c                nm_write_block
 .text.nm_get_firmware_info
                0x0000467c       0xa0 C:\Users\TeroToivola\AppData\Local\Temp\VMicroBuilds\ntpmkr1000\mkr1000\WiFi101\driver\source\nmdrv.c.o
                0x0000467c                nm_get_firmware_info
 .text.nm_drv_init
                0x0000471c       0x4a C:\Users\TeroToivola\AppData\Local\Temp\VMicroBuilds\ntpmkr1000\mkr1000\WiFi101\driver\source\nmdrv.c.o
                0x0000471c                nm_drv_init
 .text.nm_drv_deinit
                0x00004766       0x22 C:\Users\TeroToivola\AppData\Local\Temp\VMicroBuilds\ntpmkr1000\mkr1000\WiFi101\driver\source\nmdrv.c.o
                0x00004766                nm_drv_deinit
 .text.nmi_spi_read
                0x00004788       0x18 C:\Users\TeroToivola\AppData\Local\Temp\VMicroBuilds\ntpmkr1000\mkr1000\WiFi101\driver\source\nmspi.c.o
 .text.spi_cmd_rsp
                0x000047a0       0x68 C:\Users\TeroToivola\AppData\Local\Temp\VMicroBuilds\ntpmkr1000\mkr1000\WiFi101\driver\source\nmspi.c.o
 .text.spi_data_read
                0x00004808       0x8c C:\Users\TeroToivola\AppData\Local\Temp\VMicroBuilds\ntpmkr1000\mkr1000\WiFi101\driver\source\nmspi.c.o
 .text.nmi_spi_write
                0x00004894       0x18 C:\Users\TeroToivola\AppData\Local\Temp\VMicroBuilds\ntpmkr1000\mkr1000\WiFi101\driver\source\nmspi.c.o
 .text.spi_cmd  0x000048ac      0x108 C:\Users\TeroToivola\AppData\Local\Temp\VMicroBuilds\ntpmkr1000\mkr1000\WiFi101\driver\source\nmspi.c.o
 .text.spi_write_reg
                0x000049b4       0x48 C:\Users\TeroToivola\AppData\Local\Temp\VMicroBuilds\ntpmkr1000\mkr1000\WiFi101\driver\source\nmspi.c.o
 .text.spi_read_reg
                0x000049fc       0x74 C:\Users\TeroToivola\AppData\Local\Temp\VMicroBuilds\ntpmkr1000\mkr1000\WiFi101\driver\source\nmspi.c.o
 .text.nm_spi_deinit
                0x00004a70        0xc C:\Users\TeroToivola\AppData\Local\Temp\VMicroBuilds\ntpmkr1000\mkr1000\WiFi101\driver\source\nmspi.c.o
                0x00004a70                nm_spi_deinit
 .text.nm_spi_read_reg
                0x00004a7c        0xc C:\Users\TeroToivola\AppData\Local\Temp\VMicroBuilds\ntpmkr1000\mkr1000\WiFi101\driver\source\nmspi.c.o
                0x00004a7c                nm_spi_read_reg
 .text.nm_spi_read_reg_with_ret
                0x00004a88       0x14 C:\Users\TeroToivola\AppData\Local\Temp\VMicroBuilds\ntpmkr1000\mkr1000\WiFi101\driver\source\nmspi.c.o
                0x00004a88                nm_spi_read_reg_with_ret
 .text.nm_spi_write_reg
                0x00004a9c       0x14 C:\Users\TeroToivola\AppData\Local\Temp\VMicroBuilds\ntpmkr1000\mkr1000\WiFi101\driver\source\nmspi.c.o
                0x00004a9c                nm_spi_write_reg
 .text.nm_spi_init
                0x00004ab0       0x80 C:\Users\TeroToivola\AppData\Local\Temp\VMicroBuilds\ntpmkr1000\mkr1000\WiFi101\driver\source\nmspi.c.o
                0x00004ab0                nm_spi_init
 .text.nm_spi_read_block
                0x00004b30       0x4c C:\Users\TeroToivola\AppData\Local\Temp\VMicroBuilds\ntpmkr1000\mkr1000\WiFi101\driver\source\nmspi.c.o
                0x00004b30                nm_spi_read_block
 .text.nm_spi_write_block
                0x00004b7c       0xc8 C:\Users\TeroToivola\AppData\Local\Temp\VMicroBuilds\ntpmkr1000\mkr1000\WiFi101\driver\source\nmspi.c.o
                0x00004b7c                nm_spi_write_block
 .text.Socket_ReadSocketData
                0x00004c44       0xc0 C:\Users\TeroToivola\AppData\Local\Temp\VMicroBuilds\ntpmkr1000\mkr1000\WiFi101\socket\source\socket.c.o
                0x00004c44                Socket_ReadSocketData
 .text.m2m_ip_cb
                0x00004d04      0x270 C:\Users\TeroToivola\AppData\Local\Temp\VMicroBuilds\ntpmkr1000\mkr1000\WiFi101\socket\source\socket.c.o
 .text.Socket_ReadSocketData_Small
                0x00004f74       0xb8 C:\Users\TeroToivola\AppData\Local\Temp\VMicroBuilds\ntpmkr1000\mkr1000\WiFi101\socket\source\socket.c.o
                0x00004f74                Socket_ReadSocketData_Small
 .text.socketInit
                0x0000502c       0x38 C:\Users\TeroToivola\AppData\Local\Temp\VMicroBuilds\ntpmkr1000\mkr1000\WiFi101\socket\source\socket.c.o
                0x0000502c                socketInit
 .text.registerSocketCallback
                0x00005064       0x14 C:\Users\TeroToivola\AppData\Local\Temp\VMicroBuilds\ntpmkr1000\mkr1000\WiFi101\socket\source\socket.c.o
                0x00005064                registerSocketCallback
 .text.socket   0x00005078       0x94 C:\Users\TeroToivola\AppData\Local\Temp\VMicroBuilds\ntpmkr1000\mkr1000\WiFi101\socket\source\socket.c.o
                0x00005078                socket
 .text.bind     0x0000510c       0x58 C:\Users\TeroToivola\AppData\Local\Temp\VMicroBuilds\ntpmkr1000\mkr1000\WiFi101\socket\source\socket.c.o
                0x0000510c                bind
 .text.listen   0x00005164       0x48 C:\Users\TeroToivola\AppData\Local\Temp\VMicroBuilds\ntpmkr1000\mkr1000\WiFi101\socket\source\socket.c.o
                0x00005164                listen
 .text.connectSocket
                0x000051ac       0x70 C:\Users\TeroToivola\AppData\Local\Temp\VMicroBuilds\ntpmkr1000\mkr1000\WiFi101\socket\source\socket.c.o
                0x000051ac                connectSocket
 .text.send     0x0000521c       0x7c C:\Users\TeroToivola\AppData\Local\Temp\VMicroBuilds\ntpmkr1000\mkr1000\WiFi101\socket\source\socket.c.o
                0x0000521c                send
 .text.sendto   0x00005298       0x8c C:\Users\TeroToivola\AppData\Local\Temp\VMicroBuilds\ntpmkr1000\mkr1000\WiFi101\socket\source\socket.c.o
                0x00005298                sendto
 .text.recv     0x00005324       0x80 C:\Users\TeroToivola\AppData\Local\Temp\VMicroBuilds\ntpmkr1000\mkr1000\WiFi101\socket\source\socket.c.o
                0x00005324                recv
 .text.close    0x000053a4       0x60 C:\Users\TeroToivola\AppData\Local\Temp\VMicroBuilds\ntpmkr1000\mkr1000\WiFi101\socket\source\socket.c.o
                0x000053a4                close
 .text.recvfrom
                0x00005404       0x84 C:\Users\TeroToivola\AppData\Local\Temp\VMicroBuilds\ntpmkr1000\mkr1000\WiFi101\socket\source\socket.c.o
                0x00005404                recvfrom
 .text.gethostbyname
                0x00005488       0x34 C:\Users\TeroToivola\AppData\Local\Temp\VMicroBuilds\ntpmkr1000\mkr1000\WiFi101\socket\source\socket.c.o
                0x00005488                gethostbyname
 .text.setsockopt
                0x000054bc       0xf0 C:\Users\TeroToivola\AppData\Local\Temp\VMicroBuilds\ntpmkr1000\mkr1000\WiFi101\socket\source\socket.c.o
                0x000054bc                setsockopt
 .text.socketBufferInit
                0x000055ac       0x14 C:\Users\TeroToivola\AppData\Local\Temp\VMicroBuilds\ntpmkr1000\mkr1000\WiFi101\socket\source\socket_buffer.c.o
                0x000055ac                socketBufferInit
 .text.socketBufferRegister
                0x000055c0       0x18 C:\Users\TeroToivola\AppData\Local\Temp\VMicroBuilds\ntpmkr1000\mkr1000\WiFi101\socket\source\socket_buffer.c.o
                0x000055c0                socketBufferRegister
 .text.socketBufferUnregister
                0x000055d8       0x18 C:\Users\TeroToivola\AppData\Local\Temp\VMicroBuilds\ntpmkr1000\mkr1000\WiFi101\socket\source\socket_buffer.c.o
                0x000055d8                socketBufferUnregister
 .text.socketBufferCb
                0x000055f0      0x1f4 C:\Users\TeroToivola\AppData\Local\Temp\VMicroBuilds\ntpmkr1000\mkr1000\WiFi101\socket\source\socket_buffer.c.o
                0x000055f0                socketBufferCb
 .text.spi_flash_enable
                0x000057e4       0xd8 C:\Users\TeroToivola\AppData\Local\Temp\VMicroBuilds\ntpmkr1000\mkr1000\WiFi101\spi_flash\source\spi_flash.c.o
                0x000057e4                spi_flash_enable
 .text.RTC_Handler
                0x000058bc       0x1c C:\Users\TeroToivola\AppData\Local\Temp\VMicroBuilds\ntpmkr1000\mkr1000\RTCZero\RTCZero.cpp.o
                0x000058bc                RTC_Handler
 .text._ZN7RTCZero10getSecondsEv
                0x000058d8       0x10 C:\Users\TeroToivola\AppData\Local\Temp\VMicroBuilds\ntpmkr1000\mkr1000\RTCZero\RTCZero.cpp.o
                0x000058d8                RTCZero::getSeconds()
 .text._ZN7RTCZero10getMinutesEv
                0x000058e8       0x10 C:\Users\TeroToivola\AppData\Local\Temp\VMicroBuilds\ntpmkr1000\mkr1000\RTCZero\RTCZero.cpp.o
                0x000058e8                RTCZero::getMinutes()
 .text._ZN7RTCZero8getHoursEv
                0x000058f8       0x10 C:\Users\TeroToivola\AppData\Local\Temp\VMicroBuilds\ntpmkr1000\mkr1000\RTCZero\RTCZero.cpp.o
                0x000058f8                RTCZero::getHours()
 .text._ZN7RTCZero6getDayEv
                0x00005908       0x10 C:\Users\TeroToivola\AppData\Local\Temp\VMicroBuilds\ntpmkr1000\mkr1000\RTCZero\RTCZero.cpp.o
                0x00005908                RTCZero::getDay()
 .text._ZN7RTCZero8getMonthEv
                0x00005918       0x10 C:\Users\TeroToivola\AppData\Local\Temp\VMicroBuilds\ntpmkr1000\mkr1000\RTCZero\RTCZero.cpp.o
                0x00005918                RTCZero::getMonth()
 .text._ZN7RTCZero7getYearEv
                0x00005928        0xc C:\Users\TeroToivola\AppData\Local\Temp\VMicroBuilds\ntpmkr1000\mkr1000\RTCZero\RTCZero.cpp.o
                0x00005928                RTCZero::getYear()
 .text._ZN7RTCZero8setEpochEm
                0x00005934       0xa0 C:\Users\TeroToivola\AppData\Local\Temp\VMicroBuilds\ntpmkr1000\mkr1000\RTCZero\RTCZero.cpp.o
                0x00005934                RTCZero::setEpoch(unsigned long)
 .text._ZN7RTCZero10RTCdisableEv
                0x000059d4       0x18 C:\Users\TeroToivola\AppData\Local\Temp\VMicroBuilds\ntpmkr1000\mkr1000\RTCZero\RTCZero.cpp.o
                0x000059d4                RTCZero::RTCdisable()
 .text._ZN7RTCZero9RTCenableEv
                0x000059ec       0x18 C:\Users\TeroToivola\AppData\Local\Temp\VMicroBuilds\ntpmkr1000\mkr1000\RTCZero\RTCZero.cpp.o
                0x000059ec                RTCZero::RTCenable()
 .text._ZN7RTCZero8RTCresetEv
                0x00005a04       0x18 C:\Users\TeroToivola\AppData\Local\Temp\VMicroBuilds\ntpmkr1000\mkr1000\RTCZero\RTCZero.cpp.o
                0x00005a04                RTCZero::RTCreset()
 .text._ZN7RTCZero14RTCresetRemoveEv
                0x00005a1c       0x18 C:\Users\TeroToivola\AppData\Local\Temp\VMicroBuilds\ntpmkr1000\mkr1000\RTCZero\RTCZero.cpp.o
                0x00005a1c                RTCZero::RTCresetRemove()
 .text._ZN7RTCZero5beginEv
                0x00005a34       0xc4 C:\Users\TeroToivola\AppData\Local\Temp\VMicroBuilds\ntpmkr1000\mkr1000\RTCZero\RTCZero.cpp.o
                0x00005a34                RTCZero::begin()
 .text._ZN8SPIClass4initEv
                0x00005af8       0x12 C:\Users\TeroToivola\AppData\Local\Temp\VMicroBuilds\ntpmkr1000\mkr1000\SPI\SPI.cpp.o
                0x00005af8                SPIClass::init()
 .text._ZN8SPIClass6configE11SPISettings
                0x00005b0a       0x36 C:\Users\TeroToivola\AppData\Local\Temp\VMicroBuilds\ntpmkr1000\mkr1000\SPI\SPI.cpp.o
                0x00005b0a                SPIClass::config(SPISettings)
 .text._ZN8SPIClass5beginEv
                0x00005b40       0x50 C:\Users\TeroToivola\AppData\Local\Temp\VMicroBuilds\ntpmkr1000\mkr1000\SPI\SPI.cpp.o
                0x00005b40                SPIClass::begin()
 .text._ZN8SPIClass3endEv
                0x00005b90       0x10 C:\Users\TeroToivola\AppData\Local\Temp\VMicroBuilds\ntpmkr1000\mkr1000\SPI\SPI.cpp.o
                0x00005b90                SPIClass::end()
 .text._ZN8SPIClass16beginTransactionE11SPISettings
                0x00005ba0       0x3c C:\Users\TeroToivola\AppData\Local\Temp\VMicroBuilds\ntpmkr1000\mkr1000\SPI\SPI.cpp.o
                0x00005ba0                SPIClass::beginTransaction(SPISettings)
 .text._ZN8SPIClass14endTransactionEv
                0x00005bdc       0x28 C:\Users\TeroToivola\AppData\Local\Temp\VMicroBuilds\ntpmkr1000\mkr1000\SPI\SPI.cpp.o
                0x00005bdc                SPIClass::endTransaction()
 .text._ZN8SPIClass8transferEh
                0x00005c04       0x14 C:\Users\TeroToivola\AppData\Local\Temp\VMicroBuilds\ntpmkr1000\mkr1000\SPI\SPI.cpp.o
                0x00005c04                SPIClass::transfer(unsigned char)
 .text.startup._GLOBAL__sub_I__ZN8SPIClassC2EP6SERCOMhhh14SercomSpiTXPad11SercomRXPad
                0x00005c18       0x58 C:\Users\TeroToivola\AppData\Local\Temp\VMicroBuilds\ntpmkr1000\mkr1000\SPI\SPI.cpp.o
 .text._ZN16VisualMicroDebug14outPacketStartEb
                0x00005c70       0x24 C:\Users\TeroToivola\AppData\Local\Temp\VMicroBuilds\ntpmkr1000\mkr1000\VM_DBG\VM_DBG.cpp.o
                0x00005c70                VisualMicroDebug::outPacketStart(bool)
 .text._ZN16VisualMicroDebug14outPacketStartEv
                0x00005c94        0xa C:\Users\TeroToivola\AppData\Local\Temp\VMicroBuilds\ntpmkr1000\mkr1000\VM_DBG\VM_DBG.cpp.o
                0x00005c94                VisualMicroDebug::outPacketStart()
 .text._ZN16VisualMicroDebug5beginEP7Serial_m
                0x00005c9e       0x2e C:\Users\TeroToivola\AppData\Local\Temp\VMicroBuilds\ntpmkr1000\mkr1000\VM_DBG\VM_DBG.cpp.o
                0x00005c9e                VisualMicroDebug::begin(Serial_*, unsigned long)
 .text._ZN16VisualMicroDebug4initEm
                0x00005ccc       0x14 C:\Users\TeroToivola\AppData\Local\Temp\VMicroBuilds\ntpmkr1000\mkr1000\VM_DBG\VM_DBG.cpp.o
                0x00005ccc                VisualMicroDebug::init(unsigned long)
 .text._ZN16VisualMicroDebug16sendContinuedACKEh
                0x00005ce0       0x30 C:\Users\TeroToivola\AppData\Local\Temp\VMicroBuilds\ntpmkr1000\mkr1000\VM_DBG\VM_DBG.cpp.o
                0x00005ce0                VisualMicroDebug::sendContinuedACK(unsigned char)
 .text._ZN16VisualMicroDebug9breakWaitEh
                0x00005d10       0x54 C:\Users\TeroToivola\AppData\Local\Temp\VMicroBuilds\ntpmkr1000\mkr1000\VM_DBG\VM_DBG.cpp.o
                0x00005d10                VisualMicroDebug::breakWait(unsigned char)
 .text._ZN16VisualMicroDebug5startEbb
                0x00005d64       0x18 C:\Users\TeroToivola\AppData\Local\Temp\VMicroBuilds\ntpmkr1000\mkr1000\VM_DBG\VM_DBG.cpp.o
                0x00005d64                VisualMicroDebug::start(bool, bool)
 .text.Dummy_Handler
                0x00005d7c        0x2 C:\Users\TeroToivola\AppData\Local\Temp\VMicroBuilds\ntpmkr1000\mkr1000/core.a(cortex_handlers.c.o)
                0x00005d7c                DMAC_Handler
                0x00005d7c                HardFault_Handler
                0x00005d7c                AC_Handler
                0x00005d7c                PendSV_Handler
                0x00005d7c                NMI_Handler
                0x00005d7c                TC7_Handler
                0x00005d7c                SERCOM1_Handler
                0x00005d7c                ADC_Handler
                0x00005d7c                TCC1_Handler
                0x00005d7c                SERCOM2_Handler
                0x00005d7c                TCC0_Handler
                0x00005d7c                TC6_Handler
                0x00005d7c                WDT_Handler
                0x00005d7c                TC4_Handler
                0x00005d7c                TC3_Handler
                0x00005d7c                Dummy_Handler
                0x00005d7c                PM_Handler
                0x00005d7c                SVC_Handler
                0x00005d7c                TCC2_Handler
                0x00005d7c                EVSYS_Handler
                0x00005d7c                SERCOM3_Handler
                0x00005d7c                SERCOM4_Handler
                0x00005d7c                I2S_Handler
                0x00005d7c                NVMCTRL_Handler
                0x00005d7c                SERCOM0_Handler
                0x00005d7c                DAC_Handler
                0x00005d7c                PTC_Handler
                0x00005d7c                SYSCTRL_Handler
 *fill*         0x00005d7e        0x2 
 .text.USB_Handler
                0x00005d80       0x14 C:\Users\TeroToivola\AppData\Local\Temp\VMicroBuilds\ntpmkr1000\mkr1000/core.a(cortex_handlers.c.o)
                0x00005d80                USB_Handler
 .text.Reset_Handler
                0x00005d94       0x58 C:\Users\TeroToivola\AppData\Local\Temp\VMicroBuilds\ntpmkr1000\mkr1000/core.a(cortex_handlers.c.o)
                0x00005d94                Reset_Handler
 .text.SysTick_Handler
                0x00005dec       0x10 C:\Users\TeroToivola\AppData\Local\Temp\VMicroBuilds\ntpmkr1000\mkr1000/core.a(cortex_handlers.c.o)
                0x00005dec                SysTick_Handler
 .text.USB_SetHandler
                0x00005dfc        0xc C:\Users\TeroToivola\AppData\Local\Temp\VMicroBuilds\ntpmkr1000\mkr1000/core.a(cortex_handlers.c.o)
                0x00005dfc                USB_SetHandler
 .text.millis   0x00005e08        0xc C:\Users\TeroToivola\AppData\Local\Temp\VMicroBuilds\ntpmkr1000\mkr1000/core.a(delay.c.o)
                0x00005e08                millis
 .text.delay    0x00005e14       0x20 C:\Users\TeroToivola\AppData\Local\Temp\VMicroBuilds\ntpmkr1000\mkr1000/core.a(delay.c.o)
                0x00005e14                delay
 .text.SysTick_DefaultHandler
                0x00005e34       0x14 C:\Users\TeroToivola\AppData\Local\Temp\VMicroBuilds\ntpmkr1000\mkr1000/core.a(delay.c.o)
                0x00005e34                SysTick_DefaultHandler
 .text.__empty  0x00005e48        0x2 C:\Users\TeroToivola\AppData\Local\Temp\VMicroBuilds\ntpmkr1000\mkr1000/core.a(hooks.c.o)
                0x00005e48                yield
 .text.__false  0x00005e4a        0x4 C:\Users\TeroToivola\AppData\Local\Temp\VMicroBuilds\ntpmkr1000\mkr1000/core.a(hooks.c.o)
                0x00005e4a                sysTickHook
 *fill*         0x00005e4e        0x2 
 .text.SystemInit
                0x00005e50      0x16c C:\Users\TeroToivola\AppData\Local\Temp\VMicroBuilds\ntpmkr1000\mkr1000/core.a(startup.c.o)
                0x00005e50                SystemInit
 .text.attachInterrupt
                0x00005fbc      0x108 C:\Users\TeroToivola\AppData\Local\Temp\VMicroBuilds\ntpmkr1000\mkr1000/core.a(WInterrupts.c.o)
                0x00005fbc                attachInterrupt
 .text.detachInterrupt
                0x000060c4       0x30 C:\Users\TeroToivola\AppData\Local\Temp\VMicroBuilds\ntpmkr1000\mkr1000/core.a(WInterrupts.c.o)
                0x000060c4                detachInterrupt
 .text.EIC_Handler
                0x000060f4       0x30 C:\Users\TeroToivola\AppData\Local\Temp\VMicroBuilds\ntpmkr1000\mkr1000/core.a(WInterrupts.c.o)
                0x000060f4                EIC_Handler
 .text.init     0x00006124       0xe4 C:\Users\TeroToivola\AppData\Local\Temp\VMicroBuilds\ntpmkr1000\mkr1000/core.a(wiring.c.o)
                0x00006124                init
 .text.analogReference
                0x00006208       0x5c C:\Users\TeroToivola\AppData\Local\Temp\VMicroBuilds\ntpmkr1000\mkr1000/core.a(wiring_analog.c.o)
                0x00006208                analogReference
 .text.pinMode  0x00006264       0xb8 C:\Users\TeroToivola\AppData\Local\Temp\VMicroBuilds\ntpmkr1000\mkr1000/core.a(wiring_digital.c.o)
                0x00006264                pinMode
 .text.digitalWrite
                0x0000631c       0x44 C:\Users\TeroToivola\AppData\Local\Temp\VMicroBuilds\ntpmkr1000\mkr1000/core.a(wiring_digital.c.o)
                0x0000631c                digitalWrite
 .text.digitalRead
                0x00006360       0x30 C:\Users\TeroToivola\AppData\Local\Temp\VMicroBuilds\ntpmkr1000\mkr1000/core.a(wiring_digital.c.o)
                0x00006360                digitalRead
 .text.pinPeripheral
                0x00006390       0xc4 C:\Users\TeroToivola\AppData\Local\Temp\VMicroBuilds\ntpmkr1000\mkr1000/core.a(wiring_private.c.o)
                0x00006390                pinPeripheral
 .text._ZNK9IPAddress7printToER5Print
                0x00006454       0x3c C:\Users\TeroToivola\AppData\Local\Temp\VMicroBuilds\ntpmkr1000\mkr1000/core.a(IPAddress.cpp.o)
                0x00006454                IPAddress::printTo(Print&) const
 .text._ZN9IPAddressC2Ev
                0x00006490       0x10 C:\Users\TeroToivola\AppData\Local\Temp\VMicroBuilds\ntpmkr1000\mkr1000/core.a(IPAddress.cpp.o)
                0x00006490                IPAddress::IPAddress()
                0x00006490                IPAddress::IPAddress()
 .text._ZN9IPAddressC2Ehhhh
                0x000064a0       0x1c C:\Users\TeroToivola\AppData\Local\Temp\VMicroBuilds\ntpmkr1000\mkr1000/core.a(IPAddress.cpp.o)
                0x000064a0                IPAddress::IPAddress(unsigned char, unsigned char, unsigned char, unsigned char)
                0x000064a0                IPAddress::IPAddress(unsigned char, unsigned char, unsigned char, unsigned char)
 .text._ZN9IPAddressC2Em
                0x000064bc       0x10 C:\Users\TeroToivola\AppData\Local\Temp\VMicroBuilds\ntpmkr1000\mkr1000/core.a(IPAddress.cpp.o)
                0x000064bc                IPAddress::IPAddress(unsigned long)
                0x000064bc                IPAddress::IPAddress(unsigned long)
 .text._ZN9IPAddress10fromStringEPKc
                0x000064cc       0x4c C:\Users\TeroToivola\AppData\Local\Temp\VMicroBuilds\ntpmkr1000\mkr1000/core.a(IPAddress.cpp.o)
                0x000064cc                IPAddress::fromString(char const*)
 .text._ZN9IPAddressaSEm
                0x00006518        0x4 C:\Users\TeroToivola\AppData\Local\Temp\VMicroBuilds\ntpmkr1000\mkr1000/core.a(IPAddress.cpp.o)
                0x00006518                IPAddress::operator=(unsigned long)
 .text.startup._GLOBAL__sub_I__ZN9IPAddressC2Ev
                0x0000651c       0x1c C:\Users\TeroToivola\AppData\Local\Temp\VMicroBuilds\ntpmkr1000\mkr1000/core.a(IPAddress.cpp.o)
 .text._Z11initVariantv
                0x00006538        0x2 C:\Users\TeroToivola\AppData\Local\Temp\VMicroBuilds\ntpmkr1000\mkr1000/core.a(main.cpp.o)
                0x00006538                initVariant()
 *fill*         0x0000653a        0x2 
 .text.startup.main
                0x0000653c       0x3c C:\Users\TeroToivola\AppData\Local\Temp\VMicroBuilds\ntpmkr1000\mkr1000/core.a(main.cpp.o)
                0x0000653c                main
 .text._ZN5Print5writeEPKhj
                0x00006578       0x28 C:\Users\TeroToivola\AppData\Local\Temp\VMicroBuilds\ntpmkr1000\mkr1000/core.a(Print.cpp.o)
                0x00006578                Print::write(unsigned char const*, unsigned int)
 .text._ZN5Print5writeEPKc
                0x000065a0       0x1c C:\Users\TeroToivola\AppData\Local\Temp\VMicroBuilds\ntpmkr1000\mkr1000/core.a(Print.cpp.o)
                0x000065a0                Print::write(char const*)
 .text._ZN5Print5printEPKc
                0x000065bc        0x8 C:\Users\TeroToivola\AppData\Local\Temp\VMicroBuilds\ntpmkr1000\mkr1000/core.a(Print.cpp.o)
                0x000065bc                Print::print(char const*)
 .text._ZN5Print5printEc
                0x000065c4        0xa C:\Users\TeroToivola\AppData\Local\Temp\VMicroBuilds\ntpmkr1000\mkr1000/core.a(Print.cpp.o)
                0x000065c4                Print::print(char)
 .text._ZN5Print5printERK9Printable
                0x000065ce       0x10 C:\Users\TeroToivola\AppData\Local\Temp\VMicroBuilds\ntpmkr1000\mkr1000/core.a(Print.cpp.o)
                0x000065ce                Print::print(Printable const&)
 *fill*         0x000065de        0x2 
 .text._ZN5Print7printlnEv
                0x000065e0       0x10 C:\Users\TeroToivola\AppData\Local\Temp\VMicroBuilds\ntpmkr1000\mkr1000/core.a(Print.cpp.o)
                0x000065e0                Print::println()
 .text._ZN5Print7printlnEPKc
                0x000065f0       0x14 C:\Users\TeroToivola\AppData\Local\Temp\VMicroBuilds\ntpmkr1000\mkr1000/core.a(Print.cpp.o)
                0x000065f0                Print::println(char const*)
 .text._ZN5Print7printlnERK9Printable
                0x00006604       0x14 C:\Users\TeroToivola\AppData\Local\Temp\VMicroBuilds\ntpmkr1000\mkr1000/core.a(Print.cpp.o)
                0x00006604                Print::println(Printable const&)
 .text._ZN5Print11printNumberEmh
                0x00006618       0x4e C:\Users\TeroToivola\AppData\Local\Temp\VMicroBuilds\ntpmkr1000\mkr1000/core.a(Print.cpp.o)
                0x00006618                Print::printNumber(unsigned long, unsigned char)
 .text._ZN5Print5printEli
                0x00006666       0x3c C:\Users\TeroToivola\AppData\Local\Temp\VMicroBuilds\ntpmkr1000\mkr1000/core.a(Print.cpp.o)
                0x00006666                Print::print(long, int)
 .text._ZN5Print5printEii
                0x000066a2        0x8 C:\Users\TeroToivola\AppData\Local\Temp\VMicroBuilds\ntpmkr1000\mkr1000/core.a(Print.cpp.o)
                0x000066a2                Print::print(int, int)
 .text._ZN5Print7printlnEii
                0x000066aa       0x14 C:\Users\TeroToivola\AppData\Local\Temp\VMicroBuilds\ntpmkr1000\mkr1000/core.a(Print.cpp.o)
                0x000066aa                Print::println(int, int)
 .text._ZN5Print5printEmi
                0x000066be       0x18 C:\Users\TeroToivola\AppData\Local\Temp\VMicroBuilds\ntpmkr1000\mkr1000/core.a(Print.cpp.o)
                0x000066be                Print::print(unsigned long, int)
 .text._ZN5Print5printEhi
                0x000066d6        0x8 C:\Users\TeroToivola\AppData\Local\Temp\VMicroBuilds\ntpmkr1000\mkr1000/core.a(Print.cpp.o)
                0x000066d6                Print::print(unsigned char, int)
 .text._ZN5Print7printlnEmi
                0x000066de       0x14 C:\Users\TeroToivola\AppData\Local\Temp\VMicroBuilds\ntpmkr1000\mkr1000/core.a(Print.cpp.o)
                0x000066de                Print::println(unsigned long, int)
 *fill*         0x000066f2        0x2 
 .text.initiateReset
                0x000066f4        0xc C:\Users\TeroToivola\AppData\Local\Temp\VMicroBuilds\ntpmkr1000\mkr1000/core.a(Reset.cpp.o)
                0x000066f4                initiateReset
 .text.cancelReset
                0x00006700       0x10 C:\Users\TeroToivola\AppData\Local\Temp\VMicroBuilds\ntpmkr1000\mkr1000/core.a(Reset.cpp.o)
                0x00006700                cancelReset
 .text.tickReset
                0x00006710       0x5c C:\Users\TeroToivola\AppData\Local\Temp\VMicroBuilds\ntpmkr1000\mkr1000/core.a(Reset.cpp.o)
                0x00006710                tickReset
 .text._ZN6SERCOMC2EP6Sercom
                0x0000676c        0x4 C:\Users\TeroToivola\AppData\Local\Temp\VMicroBuilds\ntpmkr1000\mkr1000/core.a(SERCOM.cpp.o)
                0x0000676c                SERCOM::SERCOM(Sercom*)
                0x0000676c                SERCOM::SERCOM(Sercom*)
 .text._ZN6SERCOM9initFrameE18SercomUartCharSize15SercomDataOrder16SercomParityMode19SercomNumberStopBit
                0x00006770       0x38 C:\Users\TeroToivola\AppData\Local\Temp\VMicroBuilds\ntpmkr1000\mkr1000/core.a(SERCOM.cpp.o)
                0x00006770                SERCOM::initFrame(SercomUartCharSize, SercomDataOrder, SercomParityMode, SercomNumberStopBit)
 .text._ZN6SERCOM8initPadsE15SercomUartTXPad11SercomRXPad
                0x000067a8       0x26 C:\Users\TeroToivola\AppData\Local\Temp\VMicroBuilds\ntpmkr1000\mkr1000/core.a(SERCOM.cpp.o)
                0x000067a8                SERCOM::initPads(SercomUartTXPad, SercomRXPad)
 .text._ZN6SERCOM9resetUARTEv
                0x000067ce       0x1c C:\Users\TeroToivola\AppData\Local\Temp\VMicroBuilds\ntpmkr1000\mkr1000/core.a(SERCOM.cpp.o)
                0x000067ce                SERCOM::resetUART()
 .text._ZN6SERCOM10enableUARTEv
                0x000067ea       0x14 C:\Users\TeroToivola\AppData\Local\Temp\VMicroBuilds\ntpmkr1000\mkr1000/core.a(SERCOM.cpp.o)
                0x000067ea                SERCOM::enableUART()
 .text._ZN6SERCOM9flushUARTEv
                0x000067fe        0xa C:\Users\TeroToivola\AppData\Local\Temp\VMicroBuilds\ntpmkr1000\mkr1000/core.a(SERCOM.cpp.o)
                0x000067fe                SERCOM::flushUART()
 .text._ZN6SERCOM15clearStatusUARTEv
                0x00006808        0x8 C:\Users\TeroToivola\AppData\Local\Temp\VMicroBuilds\ntpmkr1000\mkr1000/core.a(SERCOM.cpp.o)
                0x00006808                SERCOM::clearStatusUART()
 .text._ZN6SERCOM17availableDataUARTEv
                0x00006810        0xa C:\Users\TeroToivola\AppData\Local\Temp\VMicroBuilds\ntpmkr1000\mkr1000/core.a(SERCOM.cpp.o)
                0x00006810                SERCOM::availableDataUART()
 .text._ZN6SERCOM11isUARTErrorEv
                0x0000681a        0x8 C:\Users\TeroToivola\AppData\Local\Temp\VMicroBuilds\ntpmkr1000\mkr1000/core.a(SERCOM.cpp.o)
                0x0000681a                SERCOM::isUARTError()
 .text._ZN6SERCOM20acknowledgeUARTErrorEv
                0x00006822        0xe C:\Users\TeroToivola\AppData\Local\Temp\VMicroBuilds\ntpmkr1000\mkr1000/core.a(SERCOM.cpp.o)
                0x00006822                SERCOM::acknowledgeUARTError()
 .text._ZN6SERCOM12readDataUARTEv
                0x00006830        0x8 C:\Users\TeroToivola\AppData\Local\Temp\VMicroBuilds\ntpmkr1000\mkr1000/core.a(SERCOM.cpp.o)
                0x00006830                SERCOM::readDataUART()
 .text._ZN6SERCOM13writeDataUARTEh
                0x00006838        0xe C:\Users\TeroToivola\AppData\Local\Temp\VMicroBuilds\ntpmkr1000\mkr1000/core.a(SERCOM.cpp.o)
                0x00006838                SERCOM::writeDataUART(unsigned char)
 *fill*         0x00006846        0x2 
 .text._ZN6SERCOM12initSPIClockE18SercomSpiClockModem
                0x00006848       0x30 C:\Users\TeroToivola\AppData\Local\Temp\VMicroBuilds\ntpmkr1000\mkr1000/core.a(SERCOM.cpp.o)
                0x00006848                SERCOM::initSPIClock(SercomSpiClockMode, unsigned long)
 .text._ZN6SERCOM8resetSPIEv
                0x00006878       0x1c C:\Users\TeroToivola\AppData\Local\Temp\VMicroBuilds\ntpmkr1000\mkr1000/core.a(SERCOM.cpp.o)
                0x00006878                SERCOM::resetSPI()
 .text._ZN6SERCOM9enableSPIEv
                0x00006894       0x14 C:\Users\TeroToivola\AppData\Local\Temp\VMicroBuilds\ntpmkr1000\mkr1000/core.a(SERCOM.cpp.o)
                0x00006894                SERCOM::enableSPI()
 .text._ZN6SERCOM10disableSPIEv
                0x000068a8       0x14 C:\Users\TeroToivola\AppData\Local\Temp\VMicroBuilds\ntpmkr1000\mkr1000/core.a(SERCOM.cpp.o)
                0x000068a8                SERCOM::disableSPI()
 .text._ZN6SERCOM12writeDataSPIEh
                0x000068bc       0x26 C:\Users\TeroToivola\AppData\Local\Temp\VMicroBuilds\ntpmkr1000\mkr1000/core.a(SERCOM.cpp.o)
                0x000068bc                SERCOM::writeDataSPI(unsigned char)
 .text._ZN6SERCOM11readDataSPIEv
                0x000068e2       0x1a C:\Users\TeroToivola\AppData\Local\Temp\VMicroBuilds\ntpmkr1000\mkr1000/core.a(SERCOM.cpp.o)
                0x000068e2                SERCOM::readDataSPI()
 .text._ZN6SERCOM13initClockNVICEv
                0x000068fc       0xac C:\Users\TeroToivola\AppData\Local\Temp\VMicroBuilds\ntpmkr1000\mkr1000/core.a(SERCOM.cpp.o)
                0x000068fc                SERCOM::initClockNVIC()
 .text._ZN6SERCOM8initUARTE14SercomUartMode20SercomUartSampleRatem
                0x000069a8       0x6c C:\Users\TeroToivola\AppData\Local\Temp\VMicroBuilds\ntpmkr1000\mkr1000/core.a(SERCOM.cpp.o)
                0x000069a8                SERCOM::initUART(SercomUartMode, SercomUartSampleRate, unsigned long)
 .text._ZN6SERCOM7initSPIE14SercomSpiTXPad11SercomRXPad17SercomSpiCharSize15SercomDataOrder
                0x00006a14       0x48 C:\Users\TeroToivola\AppData\Local\Temp\VMicroBuilds\ntpmkr1000\mkr1000/core.a(SERCOM.cpp.o)
                0x00006a14                SERCOM::initSPI(SercomSpiTXPad, SercomRXPad, SercomSpiCharSize, SercomDataOrder)
 .text._Z8makeWordhh
                0x00006a5c        0x6 C:\Users\TeroToivola\AppData\Local\Temp\VMicroBuilds\ntpmkr1000\mkr1000/core.a(WMath.cpp.o)
                0x00006a5c                makeWord(unsigned char, unsigned char)
 *fill*         0x00006a62        0x2 
 .text._ZN7Serial_4peekEv
                0x00006a64       0x2c C:\Users\TeroToivola\AppData\Local\Temp\VMicroBuilds\ntpmkr1000\mkr1000/core.a(CDC.cpp.o)
                0x00006a64                Serial_::peek()
 .text._ZN7Serial_5writeEh
                0x00006a90       0x14 C:\Users\TeroToivola\AppData\Local\Temp\VMicroBuilds\ntpmkr1000\mkr1000/core.a(CDC.cpp.o)
                0x00006a90                Serial_::write(unsigned char)
 .text._ZN7Serial_6acceptEv
                0x00006aa4       0x68 C:\Users\TeroToivola\AppData\Local\Temp\VMicroBuilds\ntpmkr1000\mkr1000/core.a(CDC.cpp.o)
                0x00006aa4                Serial_::accept()
 .text._ZN7Serial_4readEv
                0x00006b0c       0x68 C:\Users\TeroToivola\AppData\Local\Temp\VMicroBuilds\ntpmkr1000\mkr1000/core.a(CDC.cpp.o)
                0x00006b0c                Serial_::read()
 .text._ZN7Serial_5flushEv
                0x00006b74        0xc C:\Users\TeroToivola\AppData\Local\Temp\VMicroBuilds\ntpmkr1000\mkr1000/core.a(CDC.cpp.o)
                0x00006b74                Serial_::flush()
 .text._ZN7Serial_9availableEv
                0x00006b80       0x3c C:\Users\TeroToivola\AppData\Local\Temp\VMicroBuilds\ntpmkr1000\mkr1000/core.a(CDC.cpp.o)
                0x00006b80                Serial_::available()
 .text._ZN7Serial_5writeEPKhj
                0x00006bbc       0x2c C:\Users\TeroToivola\AppData\Local\Temp\VMicroBuilds\ntpmkr1000\mkr1000/core.a(CDC.cpp.o)
                0x00006bbc                Serial_::write(unsigned char const*, unsigned int)
 .text._Z16CDC_GetInterfacePh
                0x00006be8       0x1c C:\Users\TeroToivola\AppData\Local\Temp\VMicroBuilds\ntpmkr1000\mkr1000/core.a(CDC.cpp.o)
                0x00006be8                CDC_GetInterface(unsigned char*)
 .text._Z9CDC_SetupR8USBSetup
                0x00006c04       0x80 C:\Users\TeroToivola\AppData\Local\Temp\VMicroBuilds\ntpmkr1000\mkr1000/core.a(CDC.cpp.o)
                0x00006c04                CDC_Setup(USBSetup&)
 .text._ZN7Serial_5beginEm
                0x00006c84        0x2 C:\Users\TeroToivola\AppData\Local\Temp\VMicroBuilds\ntpmkr1000\mkr1000/core.a(CDC.cpp.o)
                0x00006c84                Serial_::begin(unsigned long)
 *fill*         0x00006c86        0x2 
 .text._ZN7Serial_cvbEv
                0x00006c88       0x28 C:\Users\TeroToivola\AppData\Local\Temp\VMicroBuilds\ntpmkr1000\mkr1000/core.a(CDC.cpp.o)
                0x00006c88                Serial_::operator bool()
 .text.startup._GLOBAL__sub_I_cdc_rx_buffer
                0x00006cb0       0x24 C:\Users\TeroToivola\AppData\Local\Temp\VMicroBuilds\ntpmkr1000\mkr1000/core.a(CDC.cpp.o)
 .text._ZN14USBDeviceClass6initEPEmm.part.1
                0x00006cd4       0x80 C:\Users\TeroToivola\AppData\Local\Temp\VMicroBuilds\ntpmkr1000\mkr1000/core.a(USBCore.cpp.o)
 .text._ZN20USBDevice_SAMD21G18x5resetEv
                0x00006d54       0x28 C:\Users\TeroToivola\AppData\Local\Temp\VMicroBuilds\ntpmkr1000\mkr1000/core.a(USBCore.cpp.o)
                0x00006d54                USBDevice_SAMD21G18x::reset()
 .text._ZN20USBDevice_SAMD21G18x9calibrateEv
                0x00006d7c       0x5c C:\Users\TeroToivola\AppData\Local\Temp\VMicroBuilds\ntpmkr1000\mkr1000/core.a(USBCore.cpp.o)
                0x00006d7c                USBDevice_SAMD21G18x::calibrate()
 .text._ZN14USBDeviceClass14SendInterfacesEPm
                0x00006dd8       0x2c C:\Users\TeroToivola\AppData\Local\Temp\VMicroBuilds\ntpmkr1000\mkr1000/core.a(USBCore.cpp.o)
                0x00006dd8                USBDeviceClass::SendInterfaces(unsigned long*)
 .text._ZN14USBDeviceClass4initEv
                0x00006e04       0xc0 C:\Users\TeroToivola\AppData\Local\Temp\VMicroBuilds\ntpmkr1000\mkr1000/core.a(USBCore.cpp.o)
                0x00006e04                USBDeviceClass::init()
 .text._ZN14USBDeviceClass6attachEv
                0x00006ec4       0x34 C:\Users\TeroToivola\AppData\Local\Temp\VMicroBuilds\ntpmkr1000\mkr1000/core.a(USBCore.cpp.o)
                0x00006ec4                USBDeviceClass::attach()
 .text._ZN14USBDeviceClass10setAddressEm
                0x00006ef8       0x48 C:\Users\TeroToivola\AppData\Local\Temp\VMicroBuilds\ntpmkr1000\mkr1000/core.a(USBCore.cpp.o)
                0x00006ef8                USBDeviceClass::setAddress(unsigned long)
 .text._ZN14USBDeviceClass25handleClassInterfaceSetupER8USBSetup
                0x00006f40       0x40 C:\Users\TeroToivola\AppData\Local\Temp\VMicroBuilds\ntpmkr1000\mkr1000/core.a(USBCore.cpp.o)
                0x00006f40                USBDeviceClass::handleClassInterfaceSetup(USBSetup&)
 .text._ZN14USBDeviceClass6initEPEmm
                0x00006f80       0xe4 C:\Users\TeroToivola\AppData\Local\Temp\VMicroBuilds\ntpmkr1000\mkr1000/core.a(USBCore.cpp.o)
                0x00006f80                USBDeviceClass::initEP(unsigned long, unsigned long)
 .text._ZN14USBDeviceClass13initEndpointsEv
                0x00007064       0x24 C:\Users\TeroToivola\AppData\Local\Temp\VMicroBuilds\ntpmkr1000\mkr1000/core.a(USBCore.cpp.o)
                0x00007064                USBDeviceClass::initEndpoints()
 .text._ZN14USBDeviceClass5flushEm
                0x00007088       0x2c C:\Users\TeroToivola\AppData\Local\Temp\VMicroBuilds\ntpmkr1000\mkr1000/core.a(USBCore.cpp.o)
                0x00007088                USBDeviceClass::flush(unsigned long)
 .text._ZN14USBDeviceClass9availableEm
                0x000070b4       0x14 C:\Users\TeroToivola\AppData\Local\Temp\VMicroBuilds\ntpmkr1000\mkr1000/core.a(USBCore.cpp.o)
                0x000070b4                USBDeviceClass::available(unsigned long)
 .text._ZN14USBDeviceClass14armRecvCtrlOUTEm
                0x000070c8       0x60 C:\Users\TeroToivola\AppData\Local\Temp\VMicroBuilds\ntpmkr1000\mkr1000/core.a(USBCore.cpp.o)
                0x000070c8                USBDeviceClass::armRecvCtrlOUT(unsigned long)
 .text._ZN14USBDeviceClass11recvControlEPvm
                0x00007128       0x3c C:\Users\TeroToivola\AppData\Local\Temp\VMicroBuilds\ntpmkr1000\mkr1000/core.a(USBCore.cpp.o)
                0x00007128                USBDeviceClass::recvControl(void*, unsigned long)
 .text._ZN14USBDeviceClass7armRecvEm
                0x00007164       0x3c C:\Users\TeroToivola\AppData\Local\Temp\VMicroBuilds\ntpmkr1000\mkr1000/core.a(USBCore.cpp.o)
                0x00007164                USBDeviceClass::armRecv(unsigned long)
 .text._ZN14USBDeviceClass4recvEmPvm
                0x000071a0       0x90 C:\Users\TeroToivola\AppData\Local\Temp\VMicroBuilds\ntpmkr1000\mkr1000/core.a(USBCore.cpp.o)
                0x000071a0                USBDeviceClass::recv(unsigned long, void*, unsigned long)
 .text._ZN14USBDeviceClass4sendEmPKvm
                0x00007230       0xa0 C:\Users\TeroToivola\AppData\Local\Temp\VMicroBuilds\ntpmkr1000\mkr1000/core.a(USBCore.cpp.o)
                0x00007230                USBDeviceClass::send(unsigned long, void const*, unsigned long)
 .text._ZN14USBDeviceClass7armSendEmPKvm
                0x000072d0       0x48 C:\Users\TeroToivola\AppData\Local\Temp\VMicroBuilds\ntpmkr1000\mkr1000/core.a(USBCore.cpp.o)
                0x000072d0                USBDeviceClass::armSend(unsigned long, void const*, unsigned long)
 .text._ZN14USBDeviceClass11sendControlEPKvm
                0x00007318       0x58 C:\Users\TeroToivola\AppData\Local\Temp\VMicroBuilds\ntpmkr1000\mkr1000/core.a(USBCore.cpp.o)
                0x00007318                USBDeviceClass::sendControl(void const*, unsigned long)
 .text._ZN14USBDeviceClass20sendStringDescriptorEPKhh
                0x00007370       0x68 C:\Users\TeroToivola\AppData\Local\Temp\VMicroBuilds\ntpmkr1000\mkr1000/core.a(USBCore.cpp.o)
                0x00007370                USBDeviceClass::sendStringDescriptor(unsigned char const*, unsigned char)
 .text._ZN14USBDeviceClass12packMessagesEb.part.3
                0x000073d8       0x20 C:\Users\TeroToivola\AppData\Local\Temp\VMicroBuilds\ntpmkr1000\mkr1000/core.a(USBCore.cpp.o)
 .text._ZN14USBDeviceClass17sendConfigurationEm
                0x000073f8       0x90 C:\Users\TeroToivola\AppData\Local\Temp\VMicroBuilds\ntpmkr1000\mkr1000/core.a(USBCore.cpp.o)
                0x000073f8                USBDeviceClass::sendConfiguration(unsigned long)
 .text._ZN14USBDeviceClass14sendDescriptorER8USBSetup
                0x00007488       0xb4 C:\Users\TeroToivola\AppData\Local\Temp\VMicroBuilds\ntpmkr1000\mkr1000/core.a(USBCore.cpp.o)
                0x00007488                USBDeviceClass::sendDescriptor(USBSetup&)
 .text._ZN14USBDeviceClass19handleStandardSetupER8USBSetup
                0x0000753c      0x11c C:\Users\TeroToivola\AppData\Local\Temp\VMicroBuilds\ntpmkr1000\mkr1000/core.a(USBCore.cpp.o)
                0x0000753c                USBDeviceClass::handleStandardSetup(USBSetup&)
 .text.startup._GLOBAL__sub_I__ZN20USBDevice_SAMD21G18x5resetEv
                0x00007658       0x10 C:\Users\TeroToivola\AppData\Local\Temp\VMicroBuilds\ntpmkr1000\mkr1000/core.a(USBCore.cpp.o)
 .text._ZN14USBDeviceClass14handleEndpointEh
                0x00007668       0x5c C:\Users\TeroToivola\AppData\Local\Temp\VMicroBuilds\ntpmkr1000\mkr1000/core.a(USBCore.cpp.o)
                0x00007668                USBDeviceClass::handleEndpoint(unsigned char)
 .text._ZN14USBDeviceClass10ISRHandlerEv
                0x000076c4       0xf8 C:\Users\TeroToivola\AppData\Local\Temp\VMicroBuilds\ntpmkr1000\mkr1000/core.a(USBCore.cpp.o)
                0x000076c4                USBDeviceClass::ISRHandler()
 .text.UDD_Handler
                0x000077bc       0x10 C:\Users\TeroToivola\AppData\Local\Temp\VMicroBuilds\ntpmkr1000\mkr1000/core.a(USBCore.cpp.o)
                0x000077bc                UDD_Handler
 .text.SERCOM5_Handler
                0x000077cc       0x10 C:\Users\TeroToivola\AppData\Local\Temp\VMicroBuilds\ntpmkr1000\mkr1000/core.a(variant.cpp.o)
                0x000077cc                SERCOM5_Handler
 .text.startup._GLOBAL__sub_I_g_APinDescription
                0x000077dc       0x80 C:\Users\TeroToivola\AppData\Local\Temp\VMicroBuilds\ntpmkr1000\mkr1000/core.a(variant.cpp.o)
 .text._ZN4UartcvbEv
                0x0000785c        0x4 C:\Users\TeroToivola\AppData\Local\Temp\VMicroBuilds\ntpmkr1000\mkr1000/core.a(Uart.cpp.o)
                0x0000785c                Uart::operator bool()
 .text._ZN4Uart5beginEm
                0x00007860        0xc C:\Users\TeroToivola\AppData\Local\Temp\VMicroBuilds\ntpmkr1000\mkr1000/core.a(Uart.cpp.o)
                0x00007860                Uart::begin(unsigned long)
 .text._ZN4Uart3endEv
                0x0000786c       0x14 C:\Users\TeroToivola\AppData\Local\Temp\VMicroBuilds\ntpmkr1000\mkr1000/core.a(Uart.cpp.o)
                0x0000786c                Uart::end()
 .text._ZN4Uart5flushEv
                0x00007880        0xa C:\Users\TeroToivola\AppData\Local\Temp\VMicroBuilds\ntpmkr1000\mkr1000/core.a(Uart.cpp.o)
                0x00007880                Uart::flush()
 .text._ZN4Uart9availableEv
                0x0000788a        0xa C:\Users\TeroToivola\AppData\Local\Temp\VMicroBuilds\ntpmkr1000\mkr1000/core.a(Uart.cpp.o)
                0x0000788a                Uart::available()
 .text._ZN4Uart4peekEv
                0x00007894        0xa C:\Users\TeroToivola\AppData\Local\Temp\VMicroBuilds\ntpmkr1000\mkr1000/core.a(Uart.cpp.o)
                0x00007894                Uart::peek()
 .text._ZN4Uart4readEv
                0x0000789e        0xa C:\Users\TeroToivola\AppData\Local\Temp\VMicroBuilds\ntpmkr1000\mkr1000/core.a(Uart.cpp.o)
                0x0000789e                Uart::read()
 .text._ZN4Uart5writeEh
                0x000078a8        0xc C:\Users\TeroToivola\AppData\Local\Temp\VMicroBuilds\ntpmkr1000\mkr1000/core.a(Uart.cpp.o)
                0x000078a8                Uart::write(unsigned char)
 .text._ZN4UartC2EP6SERCOMhh11SercomRXPad15SercomUartTXPad
                0x000078b4       0x48 C:\Users\TeroToivola\AppData\Local\Temp\VMicroBuilds\ntpmkr1000\mkr1000/core.a(Uart.cpp.o)
                0x000078b4                Uart::Uart(SERCOM*, unsigned char, unsigned char, SercomRXPad, SercomUartTXPad)
                0x000078b4                Uart::Uart(SERCOM*, unsigned char, unsigned char, SercomRXPad, SercomUartTXPad)
 .text._ZN4Uart10IrqHandlerEv
                0x000078fc       0x36 C:\Users\TeroToivola\AppData\Local\Temp\VMicroBuilds\ntpmkr1000\mkr1000/core.a(Uart.cpp.o)
                0x000078fc                Uart::IrqHandler()
 .text._ZN4Uart16extractNbStopBitEt
                0x00007932        0xe C:\Users\TeroToivola\AppData\Local\Temp\VMicroBuilds\ntpmkr1000\mkr1000/core.a(Uart.cpp.o)
                0x00007932                Uart::extractNbStopBit(unsigned short)
 .text._ZN4Uart15extractCharSizeEt
                0x00007940       0x2c C:\Users\TeroToivola\AppData\Local\Temp\VMicroBuilds\ntpmkr1000\mkr1000/core.a(Uart.cpp.o)
                0x00007940                Uart::extractCharSize(unsigned short)
 .text._ZN4Uart13extractParityEt
                0x0000796c       0x18 C:\Users\TeroToivola\AppData\Local\Temp\VMicroBuilds\ntpmkr1000\mkr1000/core.a(Uart.cpp.o)
                0x0000796c                Uart::extractParity(unsigned short)
 .text._ZN4Uart5beginEmt
                0x00007984       0x88 C:\Users\TeroToivola\AppData\Local\Temp\VMicroBuilds\ntpmkr1000\mkr1000/core.a(Uart.cpp.o)
                0x00007984                Uart::begin(unsigned long, unsigned short)
 .text._ZN13PluggableUSB_12getInterfaceEPh
                0x00007a0c       0x2a C:\Users\TeroToivola\AppData\Local\Temp\VMicroBuilds\ntpmkr1000\mkr1000/core.a(PluggableUSB.cpp.o)
                0x00007a0c                PluggableUSB_::getInterface(unsigned char*)
 .text._ZN13PluggableUSB_13getDescriptorER8USBSetup
                0x00007a36       0x20 C:\Users\TeroToivola\AppData\Local\Temp\VMicroBuilds\ntpmkr1000\mkr1000/core.a(PluggableUSB.cpp.o)
                0x00007a36                PluggableUSB_::getDescriptor(USBSetup&)
 .text._ZN13PluggableUSB_12getShortNameEPc
                0x00007a56       0x1e C:\Users\TeroToivola\AppData\Local\Temp\VMicroBuilds\ntpmkr1000\mkr1000/core.a(PluggableUSB.cpp.o)
                0x00007a56                PluggableUSB_::getShortName(char*)
 .text._ZN13PluggableUSB_5setupER8USBSetup
                0x00007a74       0x24 C:\Users\TeroToivola\AppData\Local\Temp\VMicroBuilds\ntpmkr1000\mkr1000/core.a(PluggableUSB.cpp.o)
                0x00007a74                PluggableUSB_::setup(USBSetup&)
 .text._Z12PluggableUSBv
                0x00007a98       0x24 C:\Users\TeroToivola\AppData\Local\Temp\VMicroBuilds\ntpmkr1000\mkr1000/core.a(PluggableUSB.cpp.o)
                0x00007a98                PluggableUSB()
 .text._ZN10RingBufferC2Ev
                0x00007abc       0x16 C:\Users\TeroToivola\AppData\Local\Temp\VMicroBuilds\ntpmkr1000\mkr1000/core.a(RingBuffer.cpp.o)
                0x00007abc                RingBuffer::RingBuffer()
                0x00007abc                RingBuffer::RingBuffer()
 .text._ZN10RingBuffer10store_charEh
                0x00007ad2       0x16 C:\Users\TeroToivola\AppData\Local\Temp\VMicroBuilds\ntpmkr1000\mkr1000/core.a(RingBuffer.cpp.o)
                0x00007ad2                RingBuffer::store_char(unsigned char)
 .text._ZN10RingBuffer5clearEv
                0x00007ae8        0x8 C:\Users\TeroToivola\AppData\Local\Temp\VMicroBuilds\ntpmkr1000\mkr1000/core.a(RingBuffer.cpp.o)
                0x00007ae8                RingBuffer::clear()
 .text._ZN10RingBuffer9read_charEv
                0x00007af0       0x1c C:\Users\TeroToivola\AppData\Local\Temp\VMicroBuilds\ntpmkr1000\mkr1000/core.a(RingBuffer.cpp.o)
                0x00007af0                RingBuffer::read_char()
 .text._ZN10RingBuffer9availableEv
                0x00007b0c        0xc C:\Users\TeroToivola\AppData\Local\Temp\VMicroBuilds\ntpmkr1000\mkr1000/core.a(RingBuffer.cpp.o)
                0x00007b0c                RingBuffer::available()
 .text._ZN10RingBuffer4peekEv
                0x00007b18       0x12 C:\Users\TeroToivola\AppData\Local\Temp\VMicroBuilds\ntpmkr1000\mkr1000/core.a(RingBuffer.cpp.o)
                0x00007b18                RingBuffer::peek()
 *fill*         0x00007b2a        0x2 
 .text          0x00007b2c       0x14 c:/users/terotoivola/appdata/local/arduino15/packages/arduino/tools/arm-none-eabi-gcc/4.8.3-2014q1/bin/../lib/gcc/arm-none-eabi/4.8.3/armv6-m\libgcc.a(_thumb1_case_uqi.o)
                0x00007b2c                __gnu_thumb1_case_uqi
 .text          0x00007b40       0x9c c:/users/terotoivola/appdata/local/arduino15/packages/arduino/tools/arm-none-eabi-gcc/4.8.3-2014q1/bin/../lib/gcc/arm-none-eabi/4.8.3/armv6-m\libgcc.a(_udivsi3.o)
                0x00007b40                __aeabi_uidiv
                0x00007b40                __udivsi3
                0x00007bc8                __aeabi_uidivmod
 .text          0x00007bdc       0xc0 c:/users/terotoivola/appdata/local/arduino15/packages/arduino/tools/arm-none-eabi-gcc/4.8.3-2014q1/bin/../lib/gcc/arm-none-eabi/4.8.3/armv6-m\libgcc.a(_divsi3.o)
                0x00007bdc                __divsi3
                0x00007bdc                __aeabi_idiv
                0x00007c88                __aeabi_idivmod
 .text          0x00007c9c        0x4 c:/users/terotoivola/appdata/local/arduino15/packages/arduino/tools/arm-none-eabi-gcc/4.8.3-2014q1/bin/../lib/gcc/arm-none-eabi/4.8.3/armv6-m\libgcc.a(_dvmd_tls.o)
                0x00007c9c                __aeabi_idiv0
                0x00007c9c                __aeabi_ldiv0
 .text.gmtime   0x00007ca0       0x24 c:/users/terotoivola/appdata/local/arduino15/packages/arduino/tools/arm-none-eabi-gcc/4.8.3-2014q1/bin/../lib/gcc/arm-none-eabi/4.8.3/../../../../arm-none-eabi/lib/armv6-m\libc_s.a(lib_a-gmtime.o)
                0x00007ca0                gmtime
 .text.gmtime_r
                0x00007cc4        0xa c:/users/terotoivola/appdata/local/arduino15/packages/arduino/tools/arm-none-eabi-gcc/4.8.3-2014q1/bin/../lib/gcc/arm-none-eabi/4.8.3/../../../../arm-none-eabi/lib/armv6-m\libc_s.a(lib_a-gmtime_r.o)
                0x00007cc4                gmtime_r
 *fill*         0x00007cce        0x2 
 .text.__libc_init_array
                0x00007cd0       0x4c c:/users/terotoivola/appdata/local/arduino15/packages/arduino/tools/arm-none-eabi-gcc/4.8.3-2014q1/bin/../lib/gcc/arm-none-eabi/4.8.3/../../../../arm-none-eabi/lib/armv6-m\libc_s.a(lib_a-init.o)
                0x00007cd0                __libc_init_array
 .text.malloc   0x00007d1c       0x14 c:/users/terotoivola/appdata/local/arduino15/packages/arduino/tools/arm-none-eabi-gcc/4.8.3-2014q1/bin/../lib/gcc/arm-none-eabi/4.8.3/../../../../arm-none-eabi/lib/armv6-m\libc_s.a(lib_a-malloc.o)
                0x00007d1c                malloc
 .text.memcpy   0x00007d30       0x12 c:/users/terotoivola/appdata/local/arduino15/packages/arduino/tools/arm-none-eabi-gcc/4.8.3-2014q1/bin/../lib/gcc/arm-none-eabi/4.8.3/../../../../arm-none-eabi/lib/armv6-m\libc_s.a(lib_a-memcpy-stub.o)
                0x00007d30                memcpy
 .text.memset   0x00007d42       0x10 c:/users/terotoivola/appdata/local/arduino15/packages/arduino/tools/arm-none-eabi-gcc/4.8.3-2014q1/bin/../lib/gcc/arm-none-eabi/4.8.3/../../../../arm-none-eabi/lib/armv6-m\libc_s.a(lib_a-memset.o)
                0x00007d42                memset
 *fill*         0x00007d52        0x2 
 .text.__tzcalc_limits
                0x00007d54      0x168 c:/users/terotoivola/appdata/local/arduino15/packages/arduino/tools/arm-none-eabi-gcc/4.8.3-2014q1/bin/../lib/gcc/arm-none-eabi/4.8.3/../../../../arm-none-eabi/lib/armv6-m\libc_s.a(lib_a-mktm_r.o)
                0x00007d54                __tzcalc_limits
 .text._mktm_r  0x00007ebc      0x2b8 c:/users/terotoivola/appdata/local/arduino15/packages/arduino/tools/arm-none-eabi-gcc/4.8.3-2014q1/bin/../lib/gcc/arm-none-eabi/4.8.3/../../../../arm-none-eabi/lib/armv6-m\libc_s.a(lib_a-mktm_r.o)
                0x00007ebc                _mktm_r
 .text._malloc_r
                0x00008174       0xa8 c:/users/terotoivola/appdata/local/arduino15/packages/arduino/tools/arm-none-eabi-gcc/4.8.3-2014q1/bin/../lib/gcc/arm-none-eabi/4.8.3/../../../../arm-none-eabi/lib/armv6-m\libc_s.a(lib_a-nano-mallocr.o)
                0x00008174                _malloc_r
 .text._sbrk_r  0x0000821c       0x24 c:/users/terotoivola/appdata/local/arduino15/packages/arduino/tools/arm-none-eabi-gcc/4.8.3-2014q1/bin/../lib/gcc/arm-none-eabi/4.8.3/../../../../arm-none-eabi/lib/armv6-m\libc_s.a(lib_a-sbrkr.o)
                0x0000821c                _sbrk_r
 .text.strlen   0x00008240        0xe c:/users/terotoivola/appdata/local/arduino15/packages/arduino/tools/arm-none-eabi-gcc/4.8.3-2014q1/bin/../lib/gcc/arm-none-eabi/4.8.3/../../../../arm-none-eabi/lib/armv6-m\libc_s.a(lib_a-strlen.o)
                0x00008240                strlen
 .text.__tz_lock
                0x0000824e        0x2 c:/users/terotoivola/appdata/local/arduino15/packages/arduino/tools/arm-none-eabi-gcc/4.8.3-2014q1/bin/../lib/gcc/arm-none-eabi/4.8.3/../../../../arm-none-eabi/lib/armv6-m\libc_s.a(lib_a-tzlock.o)
                0x0000824e                __tz_lock
 .text.__tz_unlock
                0x00008250        0x2 c:/users/terotoivola/appdata/local/arduino15/packages/arduino/tools/arm-none-eabi-gcc/4.8.3-2014q1/bin/../lib/gcc/arm-none-eabi/4.8.3/../../../../arm-none-eabi/lib/armv6-m\libc_s.a(lib_a-tzlock.o)
                0x00008250                __tz_unlock
 *fill*         0x00008252        0x2 
 .text.__gettzinfo
                0x00008254        0x8 c:/users/terotoivola/appdata/local/arduino15/packages/arduino/tools/arm-none-eabi-gcc/4.8.3-2014q1/bin/../lib/gcc/arm-none-eabi/4.8.3/../../../../arm-none-eabi/lib/armv6-m\libc_s.a(lib_a-gettzinfo.o)
                0x00008254                __gettzinfo
 .text._sbrk    0x0000825c       0x34 c:/users/terotoivola/appdata/local/arduino15/packages/arduino/tools/arm-none-eabi-gcc/4.8.3-2014q1/bin/../lib/gcc/arm-none-eabi/4.8.3/../../../../arm-none-eabi/lib/armv6-m\libnosys.a(sbrk.o)
                0x0000825c                _sbrk
 *(.init)
 .init          0x00008290        0x4 c:/users/terotoivola/appdata/local/arduino15/packages/arduino/tools/arm-none-eabi-gcc/4.8.3-2014q1/bin/../lib/gcc/arm-none-eabi/4.8.3/armv6-m/crti.o
                0x00008290                _init
 .init          0x00008294        0x8 c:/users/terotoivola/appdata/local/arduino15/packages/arduino/tools/arm-none-eabi-gcc/4.8.3-2014q1/bin/../lib/gcc/arm-none-eabi/4.8.3/armv6-m/crtn.o
 *(.fini)
 .fini          0x0000829c        0x4 c:/users/terotoivola/appdata/local/arduino15/packages/arduino/tools/arm-none-eabi-gcc/4.8.3-2014q1/bin/../lib/gcc/arm-none-eabi/4.8.3/armv6-m/crti.o
                0x0000829c                _fini
 .fini          0x000082a0        0x8 c:/users/terotoivola/appdata/local/arduino15/packages/arduino/tools/arm-none-eabi-gcc/4.8.3-2014q1/bin/../lib/gcc/arm-none-eabi/4.8.3/armv6-m/crtn.o
 *crtbegin.o(.ctors)
 *crtbegin?.o(.ctors)
 *(EXCLUDE_FILE(*crtend.o *crtend?.o) .ctors)
 *(SORT(.ctors.*))
 *(.ctors)
 *crtbegin.o(.dtors)
 *crtbegin?.o(.dtors)
 *(EXCLUDE_FILE(*crtend.o *crtend?.o) .dtors)
 *(SORT(.dtors.*))
 *(.dtors)
 *(.rodata*)
 .rodata.str1.1
                0x000082a8      0x1cd C:\Users\TeroToivola\AppData\Local\Temp\VMicroBuilds\ntpmkr1000\mkr1000\ntpmkr1000.cpp.o
                                0x1d8 (size before relaxing)
 *fill*         0x00008475        0x3 
 .rodata._ZTV10WiFiClient
                0x00008478       0x40 C:\Users\TeroToivola\AppData\Local\Temp\VMicroBuilds\ntpmkr1000\mkr1000\WiFi101\WiFiClient.cpp.o
                0x00008478                vtable for WiFiClient
 .rodata._ZTV10WiFiServer
                0x000084b8       0x18 C:\Users\TeroToivola\AppData\Local\Temp\VMicroBuilds\ntpmkr1000\mkr1000\WiFi101\WiFiServer.cpp.o
                0x000084b8                vtable for WiFiServer
 .rodata._ZTV7WiFiUDP
                0x000084d0       0x50 C:\Users\TeroToivola\AppData\Local\Temp\VMicroBuilds\ntpmkr1000\mkr1000\WiFi101\WiFiUdp.cpp.o
                0x000084d0                vtable for WiFiUDP
 .rodata.crc7_syndrome_table
                0x00008520      0x100 C:\Users\TeroToivola\AppData\Local\Temp\VMicroBuilds\ntpmkr1000\mkr1000\WiFi101\driver\source\nmspi.c.o
 .rodata.str1.1
                0x00008620       0x58 C:\Users\TeroToivola\AppData\Local\Temp\VMicroBuilds\ntpmkr1000\mkr1000\VM_DBG\VM_DBG.cpp.o
 .rodata._ZTV9IPAddress
                0x00008678       0x10 C:\Users\TeroToivola\AppData\Local\Temp\VMicroBuilds\ntpmkr1000\mkr1000/core.a(IPAddress.cpp.o)
                0x00008678                vtable for IPAddress
 .rodata.str1.1
                0x00008688        0xe C:\Users\TeroToivola\AppData\Local\Temp\VMicroBuilds\ntpmkr1000\mkr1000/core.a(Print.cpp.o)
                                 0x11 (size before relaxing)
 *fill*         0x00008696        0x2 
 .rodata._ZTV7Serial_
                0x00008698       0x28 C:\Users\TeroToivola\AppData\Local\Temp\VMicroBuilds\ntpmkr1000\mkr1000/core.a(CDC.cpp.o)
                0x00008698                vtable for Serial_
 .rodata._ZL15STRING_LANGUAGE
                0x000086c0        0x4 C:\Users\TeroToivola\AppData\Local\Temp\VMicroBuilds\ntpmkr1000\mkr1000/core.a(USBCore.cpp.o)
 .rodata._ZL19STRING_MANUFACTURER
                0x000086c4        0xc C:\Users\TeroToivola\AppData\Local\Temp\VMicroBuilds\ntpmkr1000\mkr1000/core.a(USBCore.cpp.o)
 .rodata._ZL21USB_DeviceDescriptorB
                0x000086d0       0x12 C:\Users\TeroToivola\AppData\Local\Temp\VMicroBuilds\ntpmkr1000\mkr1000/core.a(USBCore.cpp.o)
 .rodata._ZL14STRING_PRODUCT
                0x000086e2       0x10 C:\Users\TeroToivola\AppData\Local\Temp\VMicroBuilds\ntpmkr1000\mkr1000/core.a(USBCore.cpp.o)
 *fill*         0x000086f2        0x2 
 .rodata.g_APinDescription
                0x000086f4      0x360 C:\Users\TeroToivola\AppData\Local\Temp\VMicroBuilds\ntpmkr1000\mkr1000/core.a(variant.cpp.o)
                0x000086f4                g_APinDescription
 *fill*         0x00008a54        0x4 
 .rodata._ZTV4Uart
                0x00008a58       0x30 C:\Users\TeroToivola\AppData\Local\Temp\VMicroBuilds\ntpmkr1000\mkr1000/core.a(Uart.cpp.o)
                0x00008a58                vtable for Uart
 .rodata.str1.1
                0x00008a88        0x2 c:/users/terotoivola/appdata/local/arduino15/packages/arduino/tools/arm-none-eabi-gcc/4.8.3-2014q1/bin/../lib/gcc/arm-none-eabi/4.8.3/../../../../arm-none-eabi/lib/armv6-m\libc_s.a(lib_a-impure.o)
 *fill*         0x00008a8a        0x2 
 .rodata.mon_lengths
                0x00008a8c       0x60 c:/users/terotoivola/appdata/local/arduino15/packages/arduino/tools/arm-none-eabi-gcc/4.8.3-2014q1/bin/../lib/gcc/arm-none-eabi/4.8.3/../../../../arm-none-eabi/lib/armv6-m\libc_s.a(lib_a-mktm_r.o)
 .rodata.year_lengths
                0x00008aec        0x8 c:/users/terotoivola/appdata/local/arduino15/packages/arduino/tools/arm-none-eabi-gcc/4.8.3-2014q1/bin/../lib/gcc/arm-none-eabi/4.8.3/../../../../arm-none-eabi/lib/armv6-m\libc_s.a(lib_a-mktm_r.o)
 .rodata.__sf_fake_stdin
                0x00008af4       0x20 c:/users/terotoivola/appdata/local/arduino15/packages/arduino/tools/arm-none-eabi-gcc/4.8.3-2014q1/bin/../lib/gcc/arm-none-eabi/4.8.3/../../../../arm-none-eabi/lib/armv6-m\libc_s.a(lib_a-findfp.o)
                0x00008af4                __sf_fake_stdin
 .rodata.__sf_fake_stdout
                0x00008b14       0x20 c:/users/terotoivola/appdata/local/arduino15/packages/arduino/tools/arm-none-eabi-gcc/4.8.3-2014q1/bin/../lib/gcc/arm-none-eabi/4.8.3/../../../../arm-none-eabi/lib/armv6-m\libc_s.a(lib_a-findfp.o)
                0x00008b14                __sf_fake_stdout
 .rodata.__sf_fake_stderr
                0x00008b34       0x20 c:/users/terotoivola/appdata/local/arduino15/packages/arduino/tools/arm-none-eabi-gcc/4.8.3-2014q1/bin/../lib/gcc/arm-none-eabi/4.8.3/../../../../arm-none-eabi/lib/armv6-m\libc_s.a(lib_a-findfp.o)
                0x00008b34                __sf_fake_stderr
 *(.eh_frame*)
 .eh_frame      0x00008b54        0x0 c:/users/terotoivola/appdata/local/arduino15/packages/arduino/tools/arm-none-eabi-gcc/4.8.3-2014q1/bin/../lib/gcc/arm-none-eabi/4.8.3/armv6-m/crtbegin.o
 .eh_frame      0x00008b54        0x4 c:/users/terotoivola/appdata/local/arduino15/packages/arduino/tools/arm-none-eabi-gcc/4.8.3-2014q1/bin/../lib/gcc/arm-none-eabi/4.8.3/armv6-m/crtend.o

.glue_7         0x00008b58        0x0
 .glue_7        0x00000000        0x0 linker stubs

.glue_7t        0x00008b58        0x0
 .glue_7t       0x00000000        0x0 linker stubs

.vfp11_veneer   0x00008b58        0x0
 .vfp11_veneer  0x00000000        0x0 linker stubs

.v4_bx          0x00008b58        0x0
 .v4_bx         0x00000000        0x0 linker stubs

.iplt           0x00008b58        0x0
 .iplt          0x00000000        0x0 c:/users/terotoivola/appdata/local/arduino15/packages/arduino/tools/arm-none-eabi-gcc/4.8.3-2014q1/bin/../lib/gcc/arm-none-eabi/4.8.3/armv6-m/crtbegin.o

.rel.dyn        0x00008b58        0x0
 .rel.iplt      0x00000000        0x0 c:/users/terotoivola/appdata/local/arduino15/packages/arduino/tools/arm-none-eabi-gcc/4.8.3-2014q1/bin/../lib/gcc/arm-none-eabi/4.8.3/armv6-m/crtbegin.o

.ARM.extab
 *(.ARM.extab* .gnu.linkonce.armextab.*)
                0x00008b58                __exidx_start = .

.ARM.exidx
 *(.ARM.exidx* .gnu.linkonce.armexidx.*)
                0x00008b58                __exidx_end = .
                0x00008b58                __etext = .

.data           0x20000000      0x18c load address 0x00008b58
                0x20000000                __data_start__ = .
 *(vtable)
 *(.data*)